Archive member included to satisfy reference by file (symbol)

libs/TKJHAT/libTKJHAT_SDK.a(sdk.c.o)
                              examples/hello_serial_client/CMakeFiles/hello_serial_client.dir/src/main.c.o (init_button1)
libs/TKJHAT/libTKJHAT_SDK.a(ssd1306.c.o)
                              libs/TKJHAT/libTKJHAT_SDK.a(sdk.c.o) (ssd1306_init)
libs/TKJHAT/libTKJHAT_SDK.a(pdm_microphone.c.o)
                              libs/TKJHAT/libTKJHAT_SDK.a(sdk.c.o) (pdm_microphone_init)
libs/TKJHAT/libTKJHAT_SDK.a(OpenPDMFilter.c.o)
                              libs/TKJHAT/libTKJHAT_SDK.a(pdm_microphone.c.o) (Open_PDM_Filter_Init)
/home/umar/.pico-sdk/toolchain/14_2_Rel1/bin/../lib/gcc/arm-none-eabi/14.2.1/thumb/v6-m/nofp/libgcc.a(_dvmd_tls.o)
                              examples/hello_serial_client/CMakeFiles/hello_serial_client.dir/home/umar/.pico-sdk/sdk/2.2.0/src/rp2_common/pico_divider/divider_hardware.S.o (__aeabi_idiv0)
/home/umar/.pico-sdk/toolchain/14_2_Rel1/bin/../lib/gcc/arm-none-eabi/14.2.1/../../../../arm-none-eabi/lib/thumb/v6-m/nofp/libg.a(libc_a-calloc.o)
                              examples/hello_serial_client/CMakeFiles/hello_serial_client.dir/home/umar/.pico-sdk/sdk/2.2.0/src/rp2_common/pico_malloc/malloc.c.o (calloc)
/home/umar/.pico-sdk/toolchain/14_2_Rel1/bin/../lib/gcc/arm-none-eabi/14.2.1/../../../../arm-none-eabi/lib/thumb/v6-m/nofp/libg.a(libc_a-callocr.o)
                              /home/umar/.pico-sdk/toolchain/14_2_Rel1/bin/../lib/gcc/arm-none-eabi/14.2.1/../../../../arm-none-eabi/lib/thumb/v6-m/nofp/libg.a(libc_a-calloc.o) (_calloc_r)
/home/umar/.pico-sdk/toolchain/14_2_Rel1/bin/../lib/gcc/arm-none-eabi/14.2.1/../../../../arm-none-eabi/lib/thumb/v6-m/nofp/libg.a(libc_a-malloc.o)
                              examples/hello_serial_client/CMakeFiles/hello_serial_client.dir/home/umar/.pico-sdk/sdk/2.2.0/src/rp2_common/pico_malloc/malloc.c.o (malloc)
/home/umar/.pico-sdk/toolchain/14_2_Rel1/bin/../lib/gcc/arm-none-eabi/14.2.1/../../../../arm-none-eabi/lib/thumb/v6-m/nofp/libg.a(libc_a-mallocr.o)
                              /home/umar/.pico-sdk/toolchain/14_2_Rel1/bin/../lib/gcc/arm-none-eabi/14.2.1/../../../../arm-none-eabi/lib/thumb/v6-m/nofp/libg.a(libc_a-callocr.o) (_malloc_r)
/home/umar/.pico-sdk/toolchain/14_2_Rel1/bin/../lib/gcc/arm-none-eabi/14.2.1/../../../../arm-none-eabi/lib/thumb/v6-m/nofp/libg.a(libc_a-mlock.o)
                              /home/umar/.pico-sdk/toolchain/14_2_Rel1/bin/../lib/gcc/arm-none-eabi/14.2.1/../../../../arm-none-eabi/lib/thumb/v6-m/nofp/libg.a(libc_a-mallocr.o) (__malloc_lock)
/home/umar/.pico-sdk/toolchain/14_2_Rel1/bin/../lib/gcc/arm-none-eabi/14.2.1/../../../../arm-none-eabi/lib/thumb/v6-m/nofp/libg.a(libc_a-realloc.o)
                              examples/hello_serial_client/CMakeFiles/hello_serial_client.dir/home/umar/.pico-sdk/sdk/2.2.0/src/rp2_common/pico_malloc/malloc.c.o (realloc)
/home/umar/.pico-sdk/toolchain/14_2_Rel1/bin/../lib/gcc/arm-none-eabi/14.2.1/../../../../arm-none-eabi/lib/thumb/v6-m/nofp/libg.a(libc_a-reallocr.o)
                              /home/umar/.pico-sdk/toolchain/14_2_Rel1/bin/../lib/gcc/arm-none-eabi/14.2.1/../../../../arm-none-eabi/lib/thumb/v6-m/nofp/libg.a(libc_a-realloc.o) (_realloc_r)
/home/umar/.pico-sdk/toolchain/14_2_Rel1/bin/../lib/gcc/arm-none-eabi/14.2.1/../../../../arm-none-eabi/lib/thumb/v6-m/nofp/libg.a(libc_a-ctype_.o)
                              examples/hello_serial_client/CMakeFiles/hello_serial_client.dir/home/umar/.pico-sdk/sdk/2.2.0/lib/tinyusb/src/tusb.c.o (_ctype_)
/home/umar/.pico-sdk/toolchain/14_2_Rel1/bin/../lib/gcc/arm-none-eabi/14.2.1/../../../../arm-none-eabi/lib/thumb/v6-m/nofp/libg.a(libc_a-memcmp.o)
                              examples/hello_serial_client/CMakeFiles/hello_serial_client.dir/home/umar/.pico-sdk/sdk/2.2.0/src/rp2_common/pico_atomic/atomic.c.o (memcmp)
/home/umar/.pico-sdk/toolchain/14_2_Rel1/bin/../lib/gcc/arm-none-eabi/14.2.1/../../../../arm-none-eabi/lib/thumb/v6-m/nofp/libg.a(libc_a-memmove.o)
                              /home/umar/.pico-sdk/toolchain/14_2_Rel1/bin/../lib/gcc/arm-none-eabi/14.2.1/../../../../arm-none-eabi/lib/thumb/v6-m/nofp/libg.a(libc_a-reallocr.o) (memmove)
/home/umar/.pico-sdk/toolchain/14_2_Rel1/bin/../lib/gcc/arm-none-eabi/14.2.1/../../../../arm-none-eabi/lib/thumb/v6-m/nofp/libg.a(libc_a-lcltime_r.o)
                              examples/hello_serial_client/CMakeFiles/hello_serial_client.dir/home/umar/.pico-sdk/sdk/2.2.0/src/common/pico_util/datetime.c.o (localtime_r)
/home/umar/.pico-sdk/toolchain/14_2_Rel1/bin/../lib/gcc/arm-none-eabi/14.2.1/../../../../arm-none-eabi/lib/thumb/v6-m/nofp/libg.a(libc_a-mktime.o)
                              examples/hello_serial_client/CMakeFiles/hello_serial_client.dir/home/umar/.pico-sdk/sdk/2.2.0/src/common/pico_util/datetime.c.o (mktime)
/home/umar/.pico-sdk/toolchain/14_2_Rel1/bin/../lib/gcc/arm-none-eabi/14.2.1/../../../../arm-none-eabi/lib/thumb/v6-m/nofp/libg.a(libc_a-month_lengths.o)
[...]
Memory Configuration

Name             Origin             Length             Attributes
FLASH            0x10000000         0x00200000         xr
RAM              0x20000000         0x00040000         xrw
SCRATCH_X        0x20040000         0x00001000         xrw
SCRATCH_Y        0x20041000         0x00001000         xrw
*default*        0x00000000         0xffffffff

Linker script and memory map

LOAD /home/umar/.pico-sdk/toolchain/14_2_Rel1/bin/../lib/gcc/arm-none-eabi/14.2.1/thumb/v6-m/nofp/crti.o
LOAD /home/umar/.pico-sdk/toolchain/14_2_Rel1/bin/../lib/gcc/arm-none-eabi/14.2.1/thumb/v6-m/nofp/crtbegin.o
LOAD /home/umar/.pico-sdk/toolchain/14_2_Rel1/bin/../lib/gcc/arm-none-eabi/14.2.1/../../../../arm-none-eabi/lib/thumb/v6-m/nofp/crt0.o

.flash_begin    0x10000000        0x0
                0x10000000                        __flash_binary_start = .

.boot2          0x10000000      0x100
                0x10000000                        __boot2_start__ = .
 *(.boot2)
 .boot2         0x10000000      0x100 pico-sdk/src/rp2040/boot_stage2/CMakeFiles/bs2_default_library.dir/./bs2_default_padded_checksummed.S.o
                0x10000100                        __boot2_end__ = .
                0x00000001                        ASSERT (((__boot2_end__ - __boot2_start__) == 0x100), ERROR: Pico second stage bootloader must be 256 bytes in size)

.text           0x10000100     0x9840
                0x10000100                        __logical_binary_start = .
 *(.vectors)
 .vectors       0x10000100       0xd4 examples/hello_serial_client/CMakeFiles/hello_serial_client.dir/home/umar/.pico-sdk/sdk/2.2.0/src/rp2_common/pico_crt0/crt0.S.o
                0x10000100                __vectors
                0x10000100                __VECTOR_TABLE
                0x100001c0                isr_irq30
                0x100001c0                __unhandled_user_irq
                0x100001c0                isr_irq13
                0x100001c0                isr_irq27
                0x100001c0                isr_irq31
                0x100001c0                isr_irq5
                0x100001c0                isr_irq11
                0x100001c0                isr_irq23
                0x100001c0                isr_irq18
                0x100001c0                isr_irq28
                0x100001c0                isr_irq19
                0x100001c0                isr_irq0
                0x100001c0                isr_irq6
                0x100001c0                isr_irq22
                0x100001c0                isr_irq17
                0x100001c0                isr_irq14
                0x100001c0                __vectors_end
                0x100001c0                __default_isrs_start
                0x100001c0                isr_irq2
                0x100001c0                isr_irq10
                0x100001c0                isr_irq8
                0x100001c0                isr_irq24
                0x100001c0                isr_irq1
                0x100001c0                isr_irq7
                0x100001c0                isr_irq21
                0x100001c0                isr_irq20
                0x100001c0                isr_irq15
                0x100001c0                isr_irq25
                0x100001c0                isr_irq4
                0x100001c0                isr_irq16
                0x100001c0                isr_irq29
                0x100001c0                isr_irq26
                0x100001c0                isr_irq3
                0x100001c0                isr_irq12
                0x100001c0                isr_irq9
                0x100001c6                unhandled_user_irq_num_in_r0
                0x100001c8                isr_invalid
                0x100001ca                isr_nmi
                0x100001cc                isr_hardfault
                0x100001ce                isr_svcall
                0x100001d0                isr_pendsv
                0x100001d2                isr_systick
                0x100001d4                __default_isrs_end
 *(.binary_info_header)
 .binary_info_header
                0x100001d4       0x14 examples/hello_serial_client/CMakeFiles/hello_serial_client.dir/home/umar/.pico-sdk/sdk/2.2.0/src/rp2_common/pico_crt0/crt0.S.o
                0x100001e8                        __binary_info_header_end = .
 *(.embedded_block)
                0x100001e8                        __embedded_block_end = .
 *(.reset)
 .reset         0x100001e8       0x9c examples/hello_serial_client/CMakeFiles/hello_serial_client.dir/home/umar/.pico-sdk/sdk/2.2.0/src/rp2_common/pico_crt0/crt0.S.o
                0x100001e8                _entry_point
 *(.init)
 .init          0x10000284        0x4 /home/umar/.pico-sdk/toolchain/14_2_Rel1/bin/../lib/gcc/arm-none-eabi/14.2.1/thumb/v6-m/nofp/crti.o
                0x10000284                _init
 *(EXCLUDE_FILE(*libm.a: *libc.a:*lib_a-mem*.o *libgcc.a:) .text*)
 .text.register_tm_clones
                0x10000288       0x28 /home/umar/.pico-sdk/toolchain/14_2_Rel1/bin/../lib/gcc/arm-none-eabi/14.2.1/thumb/v6-m/nofp/crtbegin.o
 .text.frame_dummy
                0x100002b0       0x24 /home/umar/.pico-sdk/toolchain/14_2_Rel1/bin/../lib/gcc/arm-none-eabi/14.2.1/thumb/v6-m/nofp/crtbegin.o
 .text.print_task
                0x100002d4       0x68 examples/hello_serial_client/CMakeFiles/hello_serial_client.dir/src/main.c.o
 .text.btn_fxn  0x1000033c       0x28 examples/hello_serial_client/CMakeFiles/hello_serial_client.dir/src/main.c.o
 .text.main     0x10000364       0x64 examples/hello_serial_client/CMakeFiles/hello_serial_client.dir/src/main.c.o
                0x10000364                main
 .text.gpio_default_irq_handler
                0x100003c8       0xa8 examples/hello_serial_client/CMakeFiles/hello_serial_client.dir/home/umar/.pico-sdk/sdk/2.2.0/src/rp2_common/hardware_gpio/gpio.c.o
 .text._gpio_set_irq_enabled
                0x10000470       0x3c examples/hello_serial_client/CMakeFiles/hello_serial_client.dir/home/umar/.pico-sdk/sdk/2.2.0/src/rp2_common/hardware_gpio/gpio.c.o
 .text.gpio_set_function
                0x100004ac       0x34 examples/hello_serial_client/CMakeFiles/hello_serial_client.dir/home/umar/.pico-sdk/sdk/2.2.0/src/rp2_common/hardware_gpio/gpio.c.o
                0x100004ac                gpio_set_function
 .text.gpio_set_pulls
                0x100004e0       0x38 examples/hello_serial_client/CMakeFiles/hello_serial_client.dir/home/umar/.pico-sdk/sdk/2.2.0/src/rp2_common/hardware_gpio/gpio.c.o
                0x100004e0                gpio_set_pulls
 .text.gpio_set_irq_enabled
                0x10000518       0x50 examples/hello_serial_client/CMakeFiles/hello_serial_client.dir/home/umar/.pico-sdk/sdk/2.2.0/src/rp2_common/hardware_gpio/gpio.c.o
                0x10000518                gpio_set_irq_enabled
 .text.gpio_set_irq_callback
                0x10000568       0x48 examples/hello_serial_client/CMakeFiles/hello_serial_client.dir/home/umar/.pico-sdk/sdk/2.2.0/src/rp2_common/hardware_gpio/gpio.c.o
                0x10000568                gpio_set_irq_callback
 .text.gpio_set_irq_enabled_with_callback
                0x100005b0       0x28 examples/hello_serial_client/CMakeFiles/hello_serial_client.dir/home/umar/.pico-sdk/sdk/2.2.0/src/rp2_common/hardware_gpio/gpio.c.o
                0x100005b0                gpio_set_irq_enabled_with_callback
 .text.gpio_init
                0x100005d8       0x16 examples/hello_serial_client/CMakeFiles/hello_serial_client.dir/home/umar/.pico-sdk/sdk/2.2.0/src/rp2_common/hardware_gpio/gpio.c.o
                0x100005d8                gpio_init
 *fill*         0x100005ee        0x2 
 .text.rp2040_chip_version
                0x100005f0       0x54 examples/hello_serial_client/CMakeFiles/hello_serial_client.dir/home/umar/.pico-sdk/sdk/2.2.0/src/rp2040/pico_platform/platform.c.o
                0x100005f0                rp2040_chip_version
 .text.panic    0x10000644       0x30 examples/hello_serial_client/CMakeFiles/hello_serial_client.dir/home/umar/.pico-sdk/sdk/2.2.0/src/rp2_common/pico_platform_panic/panic.c.o
                0x10000644                panic
 .text.panic_unsupported
                0x10000674        0xc examples/hello_serial_client/CMakeFiles/hello_serial_client.dir/home/umar/.pico-sdk/sdk/2.2.0/src/rp2_common/pico_platform_panic/panic.c.o
                0x10000674                panic_unsupported
 .text.hw_claim_lock
                0x10000680       0x18 examples/hello_serial_client/CMakeFiles/hello_serial_client.dir/home/umar/.pico-sdk/sdk/2.2.0/src/common/hardware_claim/claim.c.o
                0x10000680                hw_claim_lock
 .text.hw_claim_unlock
                0x10000698       0x14 examples/hello_serial_client/CMakeFiles/hello_serial_client.dir/home/umar/.pico-sdk/sdk/2.2.0/src/common/hardware_claim/claim.c.o
                0x10000698                hw_claim_unlock
 .text.hw_claim_or_assert
                0x100006ac       0x32 examples/hello_serial_client/CMakeFiles/hello_serial_client.dir/home/umar/.pico-sdk/sdk/2.2.0/src/common/hardware_claim/claim.c.o
                0x100006ac                hw_claim_or_assert
 .text.hw_claim_unused_from_range
                0x100006de       0x50 examples/hello_serial_client/CMakeFiles/hello_serial_client.dir/home/umar/.pico-sdk/sdk/2.2.0/src/common/hardware_claim/claim.c.o
                0x100006de                hw_claim_unused_from_range
 *fill*         0x1000072e        0x2 
 .text.next_striped_spin_lock_num
                0x10000730       0x1c examples/hello_serial_client/CMakeFiles/hello_serial_client.dir/home/umar/.pico-sdk/sdk/2.2.0/src/rp2_common/hardware_sync/sync.c.o
                0x10000730                next_striped_spin_lock_num
 .text.spin_lock_claim
                0x1000074c       0x18 examples/hello_serial_client/CMakeFiles/hello_serial_client.dir/home/umar/.pico-sdk/sdk/2.2.0/src/rp2_common/hardware_sync/sync.c.o
                0x1000074c                spin_lock_claim
 .text.spin_lock_claim_unused
                0x10000764       0x24 examples/hello_serial_client/CMakeFiles/hello_serial_client.dir/home/umar/.pico-sdk/sdk/2.2.0/src/rp2_common/hardware_sync/sync.c.o
                0x10000764                spin_lock_claim_unused
 .text.spin_locks_reset
                0x10000788       0x20 examples/hello_serial_client/CMakeFiles/hello_serial_client.dir/home/umar/.pico-sdk/sdk/2.2.0/src/rp2_common/hardware_sync_spin_lock/sync_spin_lock.c.o
                0x10000788                spin_locks_reset
 .text.set_raw_irq_handler_and_unlock
                0x100007a8       0x28 examples/hello_serial_client/CMakeFiles/hello_serial_client.dir/home/umar/.pico-sdk/sdk/2.2.0/src/rp2_common/hardware_irq/irq.c.o
 .text.nvic_ipr0
                0x100007d0        0x8 examples/hello_serial_client/CMakeFiles/hello_serial_client.dir/home/umar/.pico-sdk/sdk/2.2.0/src/rp2_common/hardware_irq/irq.c.o
 .text.runtime_init_per_core_irq_priorities
                0x100007d8       0x1c examples/hello_serial_client/CMakeFiles/hello_serial_client.dir/home/umar/.pico-sdk/sdk/2.2.0/src/rp2_common/hardware_irq/irq.c.o
                0x100007d8                runtime_init_per_core_irq_priorities
 .text.resolve_j_16
                0x100007f4       0x30 examples/hello_serial_client/CMakeFiles/hello_serial_client.dir/home/umar/.pico-sdk/sdk/2.2.0/src/rp2_common/hardware_irq/irq.c.o
 .text.make_j_16
                0x10000824       0x48 examples/hello_serial_client/CMakeFiles/hello_serial_client.dir/home/umar/.pico-sdk/sdk/2.2.0/src/rp2_common/hardware_irq/irq.c.o
 .text.insert_bl_32
                0x1000086c       0x40 examples/hello_serial_client/CMakeFiles/hello_serial_client.dir/home/umar/.pico-sdk/sdk/2.2.0/src/rp2_common/hardware_irq/irq.c.o
 .text.irq_is_enabled
                0x100008ac       0x18 examples/hello_serial_client/CMakeFiles/hello_serial_client.dir/home/umar/.pico-sdk/sdk/2.2.0/src/rp2_common/hardware_irq/irq.c.o
                0x100008ac                irq_is_enabled
 .text.irq_set_mask_n_enabled
                0x100008c4       0x1c examples/hello_serial_client/CMakeFiles/hello_serial_client.dir/home/umar/.pico-sdk/sdk/2.2.0/src/rp2_common/hardware_irq/irq.c.o
                0x100008c4                irq_set_mask_n_enabled
 .text.irq_set_enabled
                0x100008e0       0x14 examples/hello_serial_client/CMakeFiles/hello_serial_client.dir/home/umar/.pico-sdk/sdk/2.2.0/src/rp2_common/hardware_irq/irq.c.o
                0x100008e0                irq_set_enabled
 .text.irq_set_pending
                0x100008f4       0x10 examples/hello_serial_client/CMakeFiles/hello_serial_client.dir/home/umar/.pico-sdk/sdk/2.2.0/src/rp2_common/hardware_irq/irq.c.o
                0x100008f4                irq_set_pending
 .text.irq_get_vtable_handler
                0x10000904       0x10 examples/hello_serial_client/CMakeFiles/hello_serial_client.dir/home/umar/.pico-sdk/sdk/2.2.0/src/rp2_common/hardware_irq/irq.c.o
                0x10000904                irq_get_vtable_handler
 .text.irq_has_shared_handler
                0x10000914       0x1c examples/hello_serial_client/CMakeFiles/hello_serial_client.dir/home/umar/.pico-sdk/sdk/2.2.0/src/rp2_common/hardware_irq/irq.c.o
                0x10000914                irq_has_shared_handler
 .text.irq_has_handler
                0x10000930       0x20 examples/hello_serial_client/CMakeFiles/hello_serial_client.dir/home/umar/.pico-sdk/sdk/2.2.0/src/rp2_common/hardware_irq/irq.c.o
                0x10000930                irq_has_handler
 .text.irq_set_exclusive_handler
                0x10000950       0x54 examples/hello_serial_client/CMakeFiles/hello_serial_client.dir/home/umar/.pico-sdk/sdk/2.2.0/src/rp2_common/hardware_irq/irq.c.o
                0x10000950                irq_set_exclusive_handler
 .text.irq_add_shared_handler
                0x100009a4      0x218 examples/hello_serial_client/CMakeFiles/hello_serial_client.dir/home/umar/.pico-sdk/sdk/2.2.0/src/rp2_common/hardware_irq/irq.c.o
                0x100009a4                irq_add_shared_handler
 .text.irq_remove_handler
                0x10000bbc      0x18c examples/hello_serial_client/CMakeFiles/hello_serial_client.dir/home/umar/.pico-sdk/sdk/2.2.0/src/rp2_common/hardware_irq/irq.c.o
                0x10000bbc                irq_remove_handler
 .text.irq_set_priority
                0x10000d48       0x26 examples/hello_serial_client/CMakeFiles/hello_serial_client.dir/home/umar/.pico-sdk/sdk/2.2.0/src/rp2_common/hardware_irq/irq.c.o
                0x10000d48                irq_set_priority
 *fill*         0x10000d6e        0x2 
 .text.irq_add_tail_to_free_list
                0x10000d70       0xf4 examples/hello_serial_client/CMakeFiles/hello_serial_client.dir/home/umar/.pico-sdk/sdk/2.2.0/src/rp2_common/hardware_irq/irq.c.o
                0x10000d70                irq_add_tail_to_free_list
 .text.user_irq_claim_unused
                0x10000e64       0x2c examples/hello_serial_client/CMakeFiles/hello_serial_client.dir/home/umar/.pico-sdk/sdk/2.2.0/src/rp2_common/hardware_irq/irq.c.o
                0x10000e64                user_irq_claim_unused
 .text.lock_init
                0x10000e90       0x10 examples/hello_serial_client/CMakeFiles/hello_serial_client.dir/home/umar/.pico-sdk/sdk/2.2.0/src/common/pico_sync/lock_core.c.o
                0x10000e90                lock_init
 .text.mutex_init
                0x10000ea0       0x1c examples/hello_serial_client/CMakeFiles/hello_serial_client.dir/home/umar/.pico-sdk/sdk/2.2.0/src/common/pico_sync/mutex.c.o
                0x10000ea0                mutex_init
 .text.recursive_mutex_init
                0x10000ebc       0x20 examples/hello_serial_client/CMakeFiles/hello_serial_client.dir/home/umar/.pico-sdk/sdk/2.2.0/src/common/pico_sync/mutex.c.o
                0x10000ebc                recursive_mutex_init
 .text.runtime_init_mutex
                0x10000edc       0x4c examples/hello_serial_client/CMakeFiles/hello_serial_client.dir/home/umar/.pico-sdk/sdk/2.2.0/src/common/pico_sync/mutex.c.o
                0x10000edc                runtime_init_mutex
 .text.critical_section_init_with_lock_num
                0x10000f28       0x14 examples/hello_serial_client/CMakeFiles/hello_serial_client.dir/home/umar/.pico-sdk/sdk/2.2.0/src/common/pico_sync/critical_section.c.o
                0x10000f28                critical_section_init_with_lock_num
 .text.critical_section_init
                0x10000f3c       0x14 examples/hello_serial_client/CMakeFiles/hello_serial_client.dir/home/umar/.pico-sdk/sdk/2.2.0/src/common/pico_sync/critical_section.c.o
                0x10000f3c                critical_section_init
 .text.ta_set_timeout
                0x10000f50       0x24 examples/hello_serial_client/CMakeFiles/hello_serial_client.dir/home/umar/.pico-sdk/sdk/2.2.0/src/common/pico_time/time.c.o
 .text.make_alarm_id
                0x10000f74        0x6 examples/hello_serial_client/CMakeFiles/hello_serial_client.dir/home/umar/.pico-sdk/sdk/2.2.0/src/common/pico_time/time.c.o
 *fill*         0x10000f7a        0x2 
 .text.alarm_pool_irq_handler
                0x10000f7c      0x2f0 examples/hello_serial_client/CMakeFiles/hello_serial_client.dir/home/umar/.pico-sdk/sdk/2.2.0/src/common/pico_time/time.c.o
 .text.ta_enable_irq_handler
                0x1000126c       0x2c examples/hello_serial_client/CMakeFiles/hello_serial_client.dir/home/umar/.pico-sdk/sdk/2.2.0/src/common/pico_time/time.c.o
 .text.alarm_pool_post_alloc_init
                0x10001298       0x78 examples/hello_serial_client/CMakeFiles/hello_serial_client.dir/home/umar/.pico-sdk/sdk/2.2.0/src/common/pico_time/time.c.o
 .text.sleep_until_callback
                0x10001310       0x28 examples/hello_serial_client/CMakeFiles/hello_serial_client.dir/home/umar/.pico-sdk/sdk/2.2.0/src/common/pico_time/time.c.o
 .text.alarm_pool_get_default
                0x10001338       0x2c examples/hello_serial_client/CMakeFiles/hello_serial_client.dir/home/umar/.pico-sdk/sdk/2.2.0/src/common/pico_time/time.c.o
                0x10001338                alarm_pool_get_default
 .text.alarm_pool_add_alarm_at_force_in_context
                0x10001364       0xa4 examples/hello_serial_client/CMakeFiles/hello_serial_client.dir/home/umar/.pico-sdk/sdk/2.2.0/src/common/pico_time/time.c.o
                0x10001364                alarm_pool_add_alarm_at_force_in_context
 .text.alarm_pool_add_alarm_at
                0x10001408       0x3c examples/hello_serial_client/CMakeFiles/hello_serial_client.dir/home/umar/.pico-sdk/sdk/2.2.0/src/common/pico_time/time.c.o
                0x10001408                alarm_pool_add_alarm_at
 .text.add_alarm_at
                0x10001444       0x2e examples/hello_serial_client/CMakeFiles/hello_serial_client.dir/home/umar/.pico-sdk/sdk/2.2.0/src/common/pico_time/time.c.o
 *fill*         0x10001472        0x2 
 .text.alarm_pool_cancel_alarm
                0x10001474       0x78 examples/hello_serial_client/CMakeFiles/hello_serial_client.dir/home/umar/.pico-sdk/sdk/2.2.0/src/common/pico_time/time.c.o
                0x10001474                alarm_pool_cancel_alarm
 .text.cancel_alarm
                0x100014ec       0x10 examples/hello_serial_client/CMakeFiles/hello_serial_client.dir/home/umar/.pico-sdk/sdk/2.2.0/src/common/pico_time/time.c.o
 .text.alarm_pool_core_num
                0x100014fc        0x4 examples/hello_serial_client/CMakeFiles/hello_serial_client.dir/home/umar/.pico-sdk/sdk/2.2.0/src/common/pico_time/time.c.o
                0x100014fc                alarm_pool_core_num
 .text.sleep_until
                0x10001500       0xa4 examples/hello_serial_client/CMakeFiles/hello_serial_client.dir/home/umar/.pico-sdk/sdk/2.2.0/src/common/pico_time/time.c.o
                0x10001500                sleep_until
 .text.sleep_us
                0x100015a4       0x24 examples/hello_serial_client/CMakeFiles/hello_serial_client.dir/home/umar/.pico-sdk/sdk/2.2.0/src/common/pico_time/time.c.o
                0x100015a4                sleep_us
 .text.sleep_ms
                0x100015c8       0x14 examples/hello_serial_client/CMakeFiles/hello_serial_client.dir/home/umar/.pico-sdk/sdk/2.2.0/src/common/pico_time/time.c.o
                0x100015c8                sleep_ms
 .text.best_effort_wfe_or_timeout
                0x100015dc      0x11c examples/hello_serial_client/CMakeFiles/hello_serial_client.dir/home/umar/.pico-sdk/sdk/2.2.0/src/common/pico_time/time.c.o
                0x100015dc                best_effort_wfe_or_timeout
 .text.alarm_pool_get_default_timer
                0x100016f8        0x8 examples/hello_serial_client/CMakeFiles/hello_serial_client.dir/home/umar/.pico-sdk/sdk/2.2.0/src/common/pico_time/time.c.o
                0x100016f8                alarm_pool_get_default_timer
 .text.runtime_init_default_alarm_pool
                0x10001700       0x38 examples/hello_serial_client/CMakeFiles/hello_serial_client.dir/home/umar/.pico-sdk/sdk/2.2.0/src/common/pico_time/time.c.o
                0x10001700                runtime_init_default_alarm_pool
 .text.timer_hardware_alarm_claim
                0x10001738       0x14 examples/hello_serial_client/CMakeFiles/hello_serial_client.dir/home/umar/.pico-sdk/sdk/2.2.0/src/rp2_common/hardware_timer/timer.c.o
                0x10001738                timer_hardware_alarm_claim
 .text.timer_time_us_64
                0x1000174c       0x10 examples/hello_serial_client/CMakeFiles/hello_serial_client.dir/home/umar/.pico-sdk/sdk/2.2.0/src/rp2_common/hardware_timer/timer.c.o
                0x1000174c                timer_time_us_64
 .text.timer_busy_wait_until
                0x1000175c       0x1a examples/hello_serial_client/CMakeFiles/hello_serial_client.dir/home/umar/.pico-sdk/sdk/2.2.0/src/rp2_common/hardware_timer/timer.c.o
                0x1000175c                timer_busy_wait_until
 *fill*         0x10001776        0x2 
 .text.time_us_64
                0x10001778       0x10 examples/hello_serial_client/CMakeFiles/hello_serial_client.dir/home/umar/.pico-sdk/sdk/2.2.0/src/rp2_common/hardware_timer/timer.c.o
                0x10001778                time_us_64
 .text.busy_wait_until
                0x10001788       0x14 examples/hello_serial_client/CMakeFiles/hello_serial_client.dir/home/umar/.pico-sdk/sdk/2.2.0/src/rp2_common/hardware_timer/timer.c.o
                0x10001788                busy_wait_until
 .text.clock_configure_internal
                0x1000179c       0xc4 examples/hello_serial_client/CMakeFiles/hello_serial_client.dir/home/umar/.pico-sdk/sdk/2.2.0/src/rp2_common/hardware_clocks/clocks.c.o
 .text.clock_configure_int_divider
                0x10001860       0x28 examples/hello_serial_client/CMakeFiles/hello_serial_client.dir/home/umar/.pico-sdk/sdk/2.2.0/src/rp2_common/hardware_clocks/clocks.c.o
                0x10001860                clock_configure_int_divider
 .text.clock_configure_undivided
                0x10001888       0x12 examples/hello_serial_client/CMakeFiles/hello_serial_client.dir/home/umar/.pico-sdk/sdk/2.2.0/src/rp2_common/hardware_clocks/clocks.c.o
                0x10001888                clock_configure_undivided
 *fill*         0x1000189a        0x2 
 .text.clock_get_hz
                0x1000189c        0xc examples/hello_serial_client/CMakeFiles/hello_serial_client.dir/home/umar/.pico-sdk/sdk/2.2.0/src/rp2_common/hardware_clocks/clocks.c.o
                0x1000189c                clock_get_hz
 .text.pll_init
                0x100018a8      0x124 examples/hello_serial_client/CMakeFiles/hello_serial_client.dir/home/umar/.pico-sdk/sdk/2.2.0/src/rp2_common/hardware_pll/pll.c.o
                0x100018a8                pll_init
 .text.watchdog_update
                0x100019cc       0x14 examples/hello_serial_client/CMakeFiles/hello_serial_client.dir/home/umar/.pico-sdk/sdk/2.2.0/src/rp2_common/hardware_watchdog/watchdog.c.o
                0x100019cc                watchdog_update
 .text._watchdog_enable
                0x100019e0       0x78 examples/hello_serial_client/CMakeFiles/hello_serial_client.dir/home/umar/.pico-sdk/sdk/2.2.0/src/rp2_common/hardware_watchdog/watchdog.c.o
                0x100019e0                _watchdog_enable
 .text.watchdog_reboot
                0x10001a58       0x48 examples/hello_serial_client/CMakeFiles/hello_serial_client.dir/home/umar/.pico-sdk/sdk/2.2.0/src/rp2_common/hardware_watchdog/watchdog.c.o
                0x10001a58                watchdog_reboot
 .text.tick_start
                0x10001aa0       0x10 examples/hello_serial_client/CMakeFiles/hello_serial_client.dir/home/umar/.pico-sdk/sdk/2.2.0/src/rp2_common/hardware_ticks/ticks.c.o
                0x10001aa0                tick_start
 .text.rom_func_lookup
                0x10001ab0       0x10 examples/hello_serial_client/CMakeFiles/hello_serial_client.dir/home/umar/.pico-sdk/sdk/2.2.0/src/rp2_common/pico_bootrom/bootrom.c.o
                0x10001ab0                rom_func_lookup
 .text.rom_data_lookup
                0x10001ac0       0x10 examples/hello_serial_client/CMakeFiles/hello_serial_client.dir/home/umar/.pico-sdk/sdk/2.2.0/src/rp2_common/pico_bootrom/bootrom.c.o
                0x10001ac0                rom_data_lookup
 .text.rom_funcs_lookup
                0x10001ad0       0x36 examples/hello_serial_client/CMakeFiles/hello_serial_client.dir/home/umar/.pico-sdk/sdk/2.2.0/src/rp2_common/pico_bootrom/bootrom.c.o
                0x10001ad0                rom_funcs_lookup
 *fill*         0x10001b06        0x2 
 .text.rom_reset_usb_boot_extra
                0x10001b08       0x24 examples/hello_serial_client/CMakeFiles/hello_serial_client.dir/home/umar/.pico-sdk/sdk/2.2.0/src/rp2_common/pico_bootrom/bootrom.c.o
                0x10001b08                rom_reset_usb_boot_extra
 .text.xosc_init
                0x10001b2c       0x2c examples/hello_serial_client/CMakeFiles/hello_serial_client.dir/home/umar/.pico-sdk/sdk/2.2.0/src/rp2_common/hardware_xosc/xosc.c.o
                0x10001b2c                xosc_init
 .text.runtime_run_initializers_from
                0x10001b58       0x18 examples/hello_serial_client/CMakeFiles/hello_serial_client.dir/home/umar/.pico-sdk/sdk/2.2.0/src/rp2_common/pico_runtime/runtime.c.o
 .text.first_per_core_initializer
                0x10001b70        0x2 examples/hello_serial_client/CMakeFiles/hello_serial_client.dir/home/umar/.pico-sdk/sdk/2.2.0/src/rp2_common/pico_runtime/runtime.c.o
 *fill*         0x10001b72        0x2 
 .text.runtime_run_initializers
                0x10001b74       0x10 examples/hello_serial_client/CMakeFiles/hello_serial_client.dir/home/umar/.pico-sdk/sdk/2.2.0/src/rp2_common/pico_runtime/runtime.c.o
                0x10001b74                runtime_run_initializers
 .text.runtime_run_per_core_initializers
                0x10001b84       0x10 examples/hello_serial_client/CMakeFiles/hello_serial_client.dir/home/umar/.pico-sdk/sdk/2.2.0/src/rp2_common/pico_runtime/runtime.c.o
                0x10001b84                runtime_run_per_core_initializers
 .text.runtime_init_early_resets
                0x10001b94       0x2c examples/hello_serial_client/CMakeFiles/hello_serial_client.dir/home/umar/.pico-sdk/sdk/2.2.0/src/rp2_common/pico_runtime_init/runtime_init.c.o
                0x10001b94                runtime_init_early_resets
 .text.runtime_init_usb_power_down
                0x10001bc0       0x1c examples/hello_serial_client/CMakeFiles/hello_serial_client.dir/home/umar/.pico-sdk/sdk/2.2.0/src/rp2_common/pico_runtime_init/runtime_init.c.o
                0x10001bc0                runtime_init_usb_power_down
 .text.runtime_init_post_clock_resets
                0x10001bdc       0x20 examples/hello_serial_client/CMakeFiles/hello_serial_client.dir/home/umar/.pico-sdk/sdk/2.2.0/src/rp2_common/pico_runtime_init/runtime_init.c.o
                0x10001bdc                runtime_init_post_clock_resets
 .text.runtime_init_rp2040_gpio_ie_disable
                0x10001bfc       0x14 examples/hello_serial_client/CMakeFiles/hello_serial_client.dir/home/umar/.pico-sdk/sdk/2.2.0/src/rp2_common/pico_runtime_init/runtime_init.c.o
                0x10001bfc                runtime_init_rp2040_gpio_ie_disable
 .text.runtime_init_spin_locks_reset
                0x10001c10        0x8 examples/hello_serial_client/CMakeFiles/hello_serial_client.dir/home/umar/.pico-sdk/sdk/2.2.0/src/rp2_common/pico_runtime_init/runtime_init.c.o
                0x10001c10                runtime_init_spin_locks_reset
 .text.runtime_init_install_ram_vector_table
                0x10001c18       0x48 examples/hello_serial_client/CMakeFiles/hello_serial_client.dir/home/umar/.pico-sdk/sdk/2.2.0/src/rp2_common/pico_runtime_init/runtime_init.c.o
                0x10001c18                runtime_init_install_ram_vector_table
 .text.start_all_ticks
                0x10001c60       0x28 examples/hello_serial_client/CMakeFiles/hello_serial_client.dir/home/umar/.pico-sdk/sdk/2.2.0/src/rp2_common/pico_runtime_init/runtime_init_clocks.c.o
 .text.runtime_init_clocks
                0x10001c88       0xcc examples/hello_serial_client/CMakeFiles/hello_serial_client.dir/home/umar/.pico-sdk/sdk/2.2.0/src/rp2_common/pico_runtime_init/runtime_init_clocks.c.o
                0x10001c88                runtime_init_clocks
 .text          0x10001d54       0x10 examples/hello_serial_client/CMakeFiles/hello_serial_client.dir/home/umar/.pico-sdk/sdk/2.2.0/src/rp2_common/pico_bit_ops/bit_ops_aeabi.S.o
 .text.__wrap___aeabi_idiv
                0x10001d64       0x50 examples/hello_serial_client/CMakeFiles/hello_serial_client.dir/home/umar/.pico-sdk/sdk/2.2.0/src/rp2_common/pico_divider/divider_hardware.S.o
                0x10001d64                __wrap___aeabi_idivmod
                0x10001d64                divmod_s32s32
                0x10001d64                div_s32s32
                0x10001d64                __wrap___aeabi_idiv
                0x10001d6c                divmod_s32s32_unsafe
                0x10001d98                divmod_s32s32_savestate
 .text.__wrap___aeabi_uidiv
                0x10001db4       0x4c examples/hello_serial_client/CMakeFiles/hello_serial_client.dir/home/umar/.pico-sdk/sdk/2.2.0/src/rp2_common/pico_divider/divider_hardware.S.o
                0x10001db4                __wrap___aeabi_uidiv
                0x10001db4                __wrap___aeabi_uidivmod
                0x10001db4                div_u32u32
                0x10001db4                divmod_u32u32
                0x10001dbc                divmod_u32u32_unsafe
                0x10001de4                divmod_u32u32_savestate
 .text.__wrap___aeabi_ldiv
                0x10001e00      0x424 examples/hello_serial_client/CMakeFiles/hello_serial_client.dir/home/umar/.pico-sdk/sdk/2.2.0/src/rp2_common/pico_divider/divider_hardware.S.o
                0x10001e00                div_s64s64
                0x10001e00                divmod_s64s64
                0x10001e00                __wrap___aeabi_ldivmod
                0x10001e30                div_u64u64
                0x10001e30                divmod_u64u64
                0x10001e30                __wrap___aeabi_uldivmod
                0x10001e40                divmod_u64u64_savestate
                0x10001e60                divmod_s64s64_unsafe
                0x10001ee8                divmod_u64u64_unsafe
 .text.__wrap___aeabi_darithmetic
                0x10002224       0x60 examples/hello_serial_client/CMakeFiles/hello_serial_client.dir/home/umar/.pico-sdk/sdk/2.2.0/src/rp2_common/pico_double/double_aeabi_rp2040.S.o
                0x10002224                __wrap___aeabi_drsub
                0x1000222a                __wrap___aeabi_dsub
                0x10002234                __wrap___aeabi_dadd
                0x1000223e                __wrap___aeabi_ddiv
                0x10002272                __wrap___aeabi_dmul
 .text.__wrap___aeabi_cdcmple
                0x10002284       0x6c examples/hello_serial_client/CMakeFiles/hello_serial_client.dir/home/umar/.pico-sdk/sdk/2.2.0/src/rp2_common/pico_double/double_aeabi_rp2040.S.o
                0x10002284                __wrap___aeabi_cdrcmple
                0x10002294                __wrap___aeabi_cdcmple
                0x10002294                __wrap___aeabi_cdcmpeq
 .text.__wrap___aeabi_dcmplt
                0x100022f0        0xc examples/hello_serial_client/CMakeFiles/hello_serial_client.dir/home/umar/.pico-sdk/sdk/2.2.0/src/rp2_common/pico_double/double_aeabi_rp2040.S.o
                0x100022f0                __wrap___aeabi_dcmplt
 .text.__wrap___aeabi_dcmple
                0x100022fc       0x10 examples/hello_serial_client/CMakeFiles/hello_serial_client.dir/home/umar/.pico-sdk/sdk/2.2.0/src/rp2_common/pico_double/double_aeabi_rp2040.S.o
                0x100022fc                __wrap___aeabi_dcmple
 .text.__wrap___aeabi_dcmpge
                0x1000230c       0x10 examples/hello_serial_client/CMakeFiles/hello_serial_client.dir/home/umar/.pico-sdk/sdk/2.2.0/src/rp2_common/pico_double/double_aeabi_rp2040.S.o
                0x1000230c                __wrap___aeabi_dcmpge
 .text.__wrap___aeabi_dcmpgt
                0x1000231c        0xa examples/hello_serial_client/CMakeFiles/hello_serial_client.dir/home/umar/.pico-sdk/sdk/2.2.0/src/rp2_common/pico_double/double_aeabi_rp2040.S.o
                0x1000231c                __wrap___aeabi_dcmpgt
 .text.__wrap___aeabi_dcmpun
                0x10002326       0x18 examples/hello_serial_client/CMakeFiles/hello_serial_client.dir/home/umar/.pico-sdk/sdk/2.2.0/src/rp2_common/pico_double/double_aeabi_rp2040.S.o
                0x10002326                __wrap___aeabi_dcmpun
 *fill*         0x1000233e        0x2 
 .text.__wrap___aeabi_i2d
                0x10002340       0x38 examples/hello_serial_client/CMakeFiles/hello_serial_client.dir/home/umar/.pico-sdk/sdk/2.2.0/src/rp2_common/pico_double/double_aeabi_rp2040.S.o
                0x10002340                __wrap___aeabi_ui2d
                0x10002340                uint2double
                0x10002348                __wrap___aeabi_i2d
                0x10002348                int2double
 .text.__wrap___aeabi_d2iz
                0x10002378       0x48 examples/hello_serial_client/CMakeFiles/hello_serial_client.dir/home/umar/.pico-sdk/sdk/2.2.0/src/rp2_common/pico_double/double_aeabi_rp2040.S.o
                0x10002378                __wrap___aeabi_d2iz
                0x10002378                double2int_z
 .text.__wrap___aeabi_d2uiz
                0x100023c0       0x10 examples/hello_serial_client/CMakeFiles/hello_serial_client.dir/home/umar/.pico-sdk/sdk/2.2.0/src/rp2_common/pico_double/double_aeabi_rp2040.S.o
                0x100023c0                double2uint_z
                0x100023c0                double2uint
                0x100023c0                __wrap___aeabi_d2uiz
 .text.missing_double_func_shim
                0x100023d0        0xc examples/hello_serial_client/CMakeFiles/hello_serial_client.dir/home/umar/.pico-sdk/sdk/2.2.0/src/rp2_common/pico_double/double_init_rom_rp2040.c.o
 .text.__aeabi_double_init
                0x100023dc       0xd0 examples/hello_serial_client/CMakeFiles/hello_serial_client.dir/home/umar/.pico-sdk/sdk/2.2.0/src/rp2_common/pico_double/double_init_rom_rp2040.c.o
                0x100023dc                __aeabi_double_init
 .text.double_table_shim_on_use_helper
                0x100024ac       0x34 examples/hello_serial_client/CMakeFiles/hello_serial_client.dir/home/umar/.pico-sdk/sdk/2.2.0/src/rp2_common/pico_double/double_v1_rom_shim_rp2040.S.o
                0x100024ac                double_table_shim_on_use_helper
 .text.__aeabi_lmul
                0x100024e0       0x32 examples/hello_serial_client/CMakeFiles/hello_serial_client.dir/home/umar/.pico-sdk/sdk/2.2.0/src/rp2_common/pico_int64_ops/pico_int64_ops_aeabi.S.o
                0x100024e0                __wrap___aeabi_lmul
 *fill*         0x10002512        0x2 
 .text.missing_float_func_shim
                0x10002514        0xc examples/hello_serial_client/CMakeFiles/hello_serial_client.dir/home/umar/.pico-sdk/sdk/2.2.0/src/rp2_common/pico_float/float_init_rom_rp2040.c.o
 .text.__aeabi_float_init
                0x10002520       0x88 examples/hello_serial_client/CMakeFiles/hello_serial_client.dir/home/umar/.pico-sdk/sdk/2.2.0/src/rp2_common/pico_float/float_init_rom_rp2040.c.o
                0x10002520                __aeabi_float_init
 .text          0x100025a8       0x10 examples/hello_serial_client/CMakeFiles/hello_serial_client.dir/home/umar/.pico-sdk/sdk/2.2.0/src/rp2_common/pico_mem_ops/mem_ops_aeabi.S.o
                0x100025a8                __aeabi_mem_init
 .text.memset   0x100025b8        0xc examples/hello_serial_client/CMakeFiles/hello_serial_client.dir/home/umar/.pico-sdk/sdk/2.2.0/src/rp2_common/pico_mem_ops/mem_ops_aeabi.S.o
                0x100025b8                __wrap_memset
 .text.memcpy   0x100025c4        0xc examples/hello_serial_client/CMakeFiles/hello_serial_client.dir/home/umar/.pico-sdk/sdk/2.2.0/src/rp2_common/pico_mem_ops/mem_ops_aeabi.S.o
                0x100025c4                __wrap___aeabi_memcpy
                0x100025c4                __wrap_memcpy
 .text._out_null
                0x100025d0        0x2 examples/hello_serial_client/CMakeFiles/hello_serial_client.dir/home/umar/.pico-sdk/sdk/2.2.0/src/rp2_common/pico_printf/printf.c.o
 .text._out_fct
                0x100025d2        0xe examples/hello_serial_client/CMakeFiles/hello_serial_client.dir/home/umar/.pico-sdk/sdk/2.2.0/src/rp2_common/pico_printf/printf.c.o
 .text._atoi    0x100025e0       0x24 examples/hello_serial_client/CMakeFiles/hello_serial_client.dir/home/umar/.pico-sdk/sdk/2.2.0/src/rp2_common/pico_printf/printf.c.o
 .text._out_rev
                0x10002604       0xb0 examples/hello_serial_client/CMakeFiles/hello_serial_client.dir/home/umar/.pico-sdk/sdk/2.2.0/src/rp2_common/pico_printf/printf.c.o
 .text._ntoa_format
                0x100026b4      0x10e examples/hello_serial_client/CMakeFiles/hello_serial_client.dir/home/umar/.pico-sdk/sdk/2.2.0/src/rp2_common/pico_printf/printf.c.o
 .text._ntoa_long
                0x100027c2       0xbc examples/hello_serial_client/CMakeFiles/hello_serial_client.dir/home/umar/.pico-sdk/sdk/2.2.0/src/rp2_common/pico_printf/printf.c.o
 .text._ntoa_long_long
                0x1000287e      0x10e examples/hello_serial_client/CMakeFiles/hello_serial_client.dir/home/umar/.pico-sdk/sdk/2.2.0/src/rp2_common/pico_printf/printf.c.o
 .text._etoa    0x1000298c      0x424 examples/hello_serial_client/CMakeFiles/hello_serial_client.dir/home/umar/.pico-sdk/sdk/2.2.0/src/rp2_common/pico_printf/printf.c.o
 .text._ftoa    0x10002db0      0x348 examples/hello_serial_client/CMakeFiles/hello_serial_client.dir/home/umar/.pico-sdk/sdk/2.2.0/src/rp2_common/pico_printf/printf.c.o
 .text._vsnprintf
                0x100030f8      0x6a4 examples/hello_serial_client/CMakeFiles/hello_serial_client.dir/home/umar/.pico-sdk/sdk/2.2.0/src/rp2_common/pico_printf/printf.c.o
 .text.vfctprintf
                0x1000379c       0x24 examples/hello_serial_client/CMakeFiles/hello_serial_client.dir/home/umar/.pico-sdk/sdk/2.2.0/src/rp2_common/pico_printf/printf.c.o
                0x1000379c                vfctprintf
 .text._exit    0x100037c0        0x4 examples/hello_serial_client/CMakeFiles/hello_serial_client.dir/home/umar/.pico-sdk/sdk/2.2.0/src/rp2_common/pico_clib_interface/newlib_interface.c.o
                0x100037c0                _exit
 .text.exit     0x100037c4        0x6 examples/hello_serial_client/CMakeFiles/hello_serial_client.dir/home/umar/.pico-sdk/sdk/2.2.0/src/rp2_common/pico_clib_interface/newlib_interface.c.o
                0x100037c4                exit
 *fill*         0x100037ca        0x2 
 .text.__assert_func
                0x100037cc       0x38 examples/hello_serial_client/CMakeFiles/hello_serial_client.dir/home/umar/.pico-sdk/sdk/2.2.0/src/rp2_common/pico_clib_interface/newlib_interface.c.o
                0x100037cc                __assert_func
 .text.runtime_init
                0x10003804       0x28 examples/hello_serial_client/CMakeFiles/hello_serial_client.dir/home/umar/.pico-sdk/sdk/2.2.0/src/rp2_common/pico_clib_interface/newlib_interface.c.o
                0x10003804                runtime_init
 .text.stdio_out_chars_no_crlf
                0x1000382c        0xe examples/hello_serial_client/CMakeFiles/hello_serial_client.dir/home/umar/.pico-sdk/sdk/2.2.0/src/rp2_common/pico_stdio/stdio.c.o
 *fill*         0x1000383a        0x2 
 .text.stdio_out_chars_crlf
                0x1000383c       0x80 examples/hello_serial_client/CMakeFiles/hello_serial_client.dir/home/umar/.pico-sdk/sdk/2.2.0/src/rp2_common/pico_stdio/stdio.c.o
 .text.stdio_stack_buffer_flush
                0x100038bc       0x44 examples/hello_serial_client/CMakeFiles/hello_serial_client.dir/home/umar/.pico-sdk/sdk/2.2.0/src/rp2_common/pico_stdio/stdio.c.o
 .text.stdio_buffered_printer
                0x10003900       0x20 examples/hello_serial_client/CMakeFiles/hello_serial_client.dir/home/umar/.pico-sdk/sdk/2.2.0/src/rp2_common/pico_stdio/stdio.c.o
 .text.stdout_serialize_begin
                0x10003920       0x30 examples/hello_serial_client/CMakeFiles/hello_serial_client.dir/home/umar/.pico-sdk/sdk/2.2.0/src/rp2_common/pico_stdio/stdio.c.o
                0x10003920                stdout_serialize_begin
 .text.stdout_serialize_end
                0x10003950       0x10 examples/hello_serial_client/CMakeFiles/hello_serial_client.dir/home/umar/.pico-sdk/sdk/2.2.0/src/rp2_common/pico_stdio/stdio.c.o
                0x10003950                stdout_serialize_end
 .text.stdio_put_string
                0x10003960       0x94 examples/hello_serial_client/CMakeFiles/hello_serial_client.dir/home/umar/.pico-sdk/sdk/2.2.0/src/rp2_common/pico_stdio/stdio.c.o
                0x10003960                stdio_put_string
 .text.stdio_set_driver_enabled
                0x100039f4       0x30 examples/hello_serial_client/CMakeFiles/hello_serial_client.dir/home/umar/.pico-sdk/sdk/2.2.0/src/rp2_common/pico_stdio/stdio.c.o
                0x100039f4                stdio_set_driver_enabled
 .text.stdio_flush
                0x10003a24       0x20 examples/hello_serial_client/CMakeFiles/hello_serial_client.dir/home/umar/.pico-sdk/sdk/2.2.0/src/rp2_common/pico_stdio/stdio.c.o
                0x10003a24                stdio_flush
 .text.stdio_init_all
                0x10003a44        0x8 examples/hello_serial_client/CMakeFiles/hello_serial_client.dir/home/umar/.pico-sdk/sdk/2.2.0/src/rp2_common/pico_stdio/stdio.c.o
                0x10003a44                stdio_init_all
 .text.__wrap_puts
                0x10003a4c       0x1e examples/hello_serial_client/CMakeFiles/hello_serial_client.dir/home/umar/.pico-sdk/sdk/2.2.0/src/rp2_common/pico_stdio/stdio.c.o
                0x10003a4c                __wrap_puts
                0x10003a4c                stdio_puts
 *fill*         0x10003a6a        0x2 
 .text.__wrap_vprintf
                0x10003a6c       0x40 examples/hello_serial_client/CMakeFiles/hello_serial_client.dir/home/umar/.pico-sdk/sdk/2.2.0/src/rp2_common/pico_stdio/stdio.c.o
                0x10003a6c                __wrap_vprintf
                0x10003a6c                stdio_vprintf
 .text.__wrap_printf
                0x10003aac       0x18 examples/hello_serial_client/CMakeFiles/hello_serial_client.dir/home/umar/.pico-sdk/sdk/2.2.0/src/rp2_common/pico_stdio/stdio.c.o
                0x10003aac                stdio_printf
                0x10003aac                __wrap_printf
 .text.resetd_init
                0x10003ac4        0x2 examples/hello_serial_client/CMakeFiles/hello_serial_client.dir/home/umar/.pico-sdk/sdk/2.2.0/src/rp2_common/pico_stdio_usb/reset_interface.c.o
 *fill*         0x10003ac6        0x2 
 .text.resetd_reset
                0x10003ac8        0xc examples/hello_serial_client/CMakeFiles/hello_serial_client.dir/home/umar/.pico-sdk/sdk/2.2.0/src/rp2_common/pico_stdio_usb/reset_interface.c.o
 .text.resetd_open
                0x10003ad4       0x34 examples/hello_serial_client/CMakeFiles/hello_serial_client.dir/home/umar/.pico-sdk/sdk/2.2.0/src/rp2_common/pico_stdio_usb/reset_interface.c.o
 .text.resetd_xfer_cb
                0x10003b08        0x4 examples/hello_serial_client/CMakeFiles/hello_serial_client.dir/home/umar/.pico-sdk/sdk/2.2.0/src/rp2_common/pico_stdio_usb/reset_interface.c.o
 .text.resetd_control_xfer_cb
                0x10003b0c       0x60 examples/hello_serial_client/CMakeFiles/hello_serial_client.dir/home/umar/.pico-sdk/sdk/2.2.0/src/rp2_common/pico_stdio_usb/reset_interface.c.o
 .text.tud_descriptor_bos_cb
                0x10003b6c        0x8 examples/hello_serial_client/CMakeFiles/hello_serial_client.dir/home/umar/.pico-sdk/sdk/2.2.0/src/rp2_common/pico_stdio_usb/reset_interface.c.o
                0x10003b6c                tud_descriptor_bos_cb
 .text.tud_vendor_control_xfer_cb
                0x10003b74       0x38 examples/hello_serial_client/CMakeFiles/hello_serial_client.dir/home/umar/.pico-sdk/sdk/2.2.0/src/rp2_common/pico_stdio_usb/reset_interface.c.o
                0x10003b74                tud_vendor_control_xfer_cb
 .text.usbd_app_driver_get_cb
                0x10003bac        0xc examples/hello_serial_client/CMakeFiles/hello_serial_client.dir/home/umar/.pico-sdk/sdk/2.2.0/src/rp2_common/pico_stdio_usb/reset_interface.c.o
                0x10003bac                usbd_app_driver_get_cb
 .text.tud_cdc_line_coding_cb
                0x10003bb8       0x2c examples/hello_serial_client/CMakeFiles/hello_serial_client.dir/home/umar/.pico-sdk/sdk/2.2.0/src/rp2_common/pico_stdio_usb/reset_interface.c.o
                0x10003bb8                tud_cdc_line_coding_cb
 .text.stdio_usb_set_chars_available_callback
                0x10003be4       0x14 examples/hello_serial_client/CMakeFiles/hello_serial_client.dir/home/umar/.pico-sdk/sdk/2.2.0/src/rp2_common/pico_stdio_usb/stdio_usb.c.o
                0x10003be4                stdio_usb_set_chars_available_callback
 .text.stdio_usb_out_flush
                0x10003bf8       0x4c examples/hello_serial_client/CMakeFiles/hello_serial_client.dir/home/umar/.pico-sdk/sdk/2.2.0/src/rp2_common/pico_stdio_usb/stdio_usb.c.o
 .text.usb_irq  0x10003c44       0x10 examples/hello_serial_client/CMakeFiles/hello_serial_client.dir/home/umar/.pico-sdk/sdk/2.2.0/src/rp2_common/pico_stdio_usb/stdio_usb.c.o
 .text.timer_task
                0x10003c54       0x6c examples/hello_serial_client/CMakeFiles/hello_serial_client.dir/home/umar/.pico-sdk/sdk/2.2.0/src/rp2_common/pico_stdio_usb/stdio_usb.c.o
 .text.alarm_pool_add_alarm_in_us
                0x10003cc0       0x40 examples/hello_serial_client/CMakeFiles/hello_serial_client.dir/home/umar/.pico-sdk/sdk/2.2.0/src/rp2_common/pico_stdio_usb/stdio_usb.c.o
 .text.add_alarm_in_us
                0x10003d00       0x2e examples/hello_serial_client/CMakeFiles/hello_serial_client.dir/home/umar/.pico-sdk/sdk/2.2.0/src/rp2_common/pico_stdio_usb/stdio_usb.c.o
 *fill*         0x10003d2e        0x2 
 .text.low_priority_worker_irq
                0x10003d30       0xa8 examples/hello_serial_client/CMakeFiles/hello_serial_client.dir/home/umar/.pico-sdk/sdk/2.2.0/src/rp2_common/pico_stdio_usb/stdio_usb.c.o
 .text.stdio_usb_init
                0x10003dd8       0xe0 examples/hello_serial_client/CMakeFiles/hello_serial_client.dir/home/umar/.pico-sdk/sdk/2.2.0/src/rp2_common/pico_stdio_usb/stdio_usb.c.o
                0x10003dd8                stdio_usb_init
 .text.stdio_usb_connected
                0x10003eb8        0xa examples/hello_serial_client/CMakeFiles/hello_serial_client.dir/home/umar/.pico-sdk/sdk/2.2.0/src/rp2_common/pico_stdio_usb/stdio_usb.c.o
                0x10003eb8                stdio_usb_connected
 *fill*         0x10003ec2        0x2 
 .text.stdio_usb_in_chars
                0x10003ec4       0x98 examples/hello_serial_client/CMakeFiles/hello_serial_client.dir/home/umar/.pico-sdk/sdk/2.2.0/src/rp2_common/pico_stdio_usb/stdio_usb.c.o
                0x10003ec4                stdio_usb_in_chars
 .text.stdio_usb_out_chars
                0x10003f5c       0xe8 examples/hello_serial_client/CMakeFiles/hello_serial_client.dir/home/umar/.pico-sdk/sdk/2.2.0/src/rp2_common/pico_stdio_usb/stdio_usb.c.o
 .text.tud_descriptor_device_cb
                0x10004044        0x8 examples/hello_serial_client/CMakeFiles/hello_serial_client.dir/home/umar/.pico-sdk/sdk/2.2.0/src/rp2_common/pico_stdio_usb/stdio_usb_descriptors.c.o
                0x10004044                tud_descriptor_device_cb
 .text.tud_descriptor_configuration_cb
                0x1000404c        0x8 examples/hello_serial_client/CMakeFiles/hello_serial_client.dir/home/umar/.pico-sdk/sdk/2.2.0/src/rp2_common/pico_stdio_usb/stdio_usb_descriptors.c.o
                0x1000404c                tud_descriptor_configuration_cb
 .text.tud_descriptor_string_cb
                0x10004054       0x6c examples/hello_serial_client/CMakeFiles/hello_serial_client.dir/home/umar/.pico-sdk/sdk/2.2.0/src/rp2_common/pico_stdio_usb/stdio_usb_descriptors.c.o
                0x10004054                tud_descriptor_string_cb
 .text._retrieve_unique_id_on_boot
                0x100040c0       0x10 examples/hello_serial_client/CMakeFiles/hello_serial_client.dir/home/umar/.pico-sdk/sdk/2.2.0/src/rp2_common/pico_unique_id/unique_id.c.o
 .text.pico_get_unique_board_id_string
                0x100040d0       0x58 examples/hello_serial_client/CMakeFiles/hello_serial_client.dir/home/umar/.pico-sdk/sdk/2.2.0/src/rp2_common/pico_unique_id/unique_id.c.o
                0x100040d0                pico_get_unique_board_id_string
 .text.flash_get_unique_id
                0x10004128       0x40 examples/hello_serial_client/CMakeFiles/hello_serial_client.dir/home/umar/.pico-sdk/sdk/2.2.0/src/rp2_common/hardware_flash/flash.c.o
                0x10004128                flash_get_unique_id
 .text.hw_endpoint_init
                0x10004168       0xc0 examples/hello_serial_client/CMakeFiles/hello_serial_client.dir/home/umar/.pico-sdk/sdk/2.2.0/lib/tinyusb/src/portable/raspberrypi/rp2040/dcd_rp2040.c.o
 .text.hw_endpoint_alloc
                0x10004228       0x48 examples/hello_serial_client/CMakeFiles/hello_serial_client.dir/home/umar/.pico-sdk/sdk/2.2.0/lib/tinyusb/src/portable/raspberrypi/rp2040/dcd_rp2040.c.o
 .text.hw_endpoint_open
                0x10004270       0x50 examples/hello_serial_client/CMakeFiles/hello_serial_client.dir/home/umar/.pico-sdk/sdk/2.2.0/lib/tinyusb/src/portable/raspberrypi/rp2040/dcd_rp2040.c.o
 .text.hw_endpoint_xfer
                0x100042c0       0x20 examples/hello_serial_client/CMakeFiles/hello_serial_client.dir/home/umar/.pico-sdk/sdk/2.2.0/lib/tinyusb/src/portable/raspberrypi/rp2040/dcd_rp2040.c.o
 .text.dcd_int_enable
                0x100042e0       0x2c examples/hello_serial_client/CMakeFiles/hello_serial_client.dir/home/umar/.pico-sdk/sdk/2.2.0/lib/tinyusb/src/portable/raspberrypi/rp2040/dcd_rp2040.c.o
                0x100042e0                dcd_int_enable
 .text.dcd_set_address
                0x1000430c       0x2c examples/hello_serial_client/CMakeFiles/hello_serial_client.dir/home/umar/.pico-sdk/sdk/2.2.0/lib/tinyusb/src/portable/raspberrypi/rp2040/dcd_rp2040.c.o
                0x1000430c                dcd_set_address
 .text.dcd_connect
                0x10004338       0x10 examples/hello_serial_client/CMakeFiles/hello_serial_client.dir/home/umar/.pico-sdk/sdk/2.2.0/lib/tinyusb/src/portable/raspberrypi/rp2040/dcd_rp2040.c.o
                0x10004338                dcd_connect
 .text.dcd_init
                0x10004348       0x80 examples/hello_serial_client/CMakeFiles/hello_serial_client.dir/home/umar/.pico-sdk/sdk/2.2.0/lib/tinyusb/src/portable/raspberrypi/rp2040/dcd_rp2040.c.o
                0x10004348                dcd_init
 .text.dcd_sof_enable
                0x100043c8       0x1c examples/hello_serial_client/CMakeFiles/hello_serial_client.dir/home/umar/.pico-sdk/sdk/2.2.0/lib/tinyusb/src/portable/raspberrypi/rp2040/dcd_rp2040.c.o
                0x100043c8                dcd_sof_enable
 .text.dcd_edpt0_status_complete
                0x100043e4       0x1c examples/hello_serial_client/CMakeFiles/hello_serial_client.dir/home/umar/.pico-sdk/sdk/2.2.0/lib/tinyusb/src/portable/raspberrypi/rp2040/dcd_rp2040.c.o
                0x100043e4                dcd_edpt0_status_complete
 .text.dcd_edpt_open
                0x10004400       0x26 examples/hello_serial_client/CMakeFiles/hello_serial_client.dir/home/umar/.pico-sdk/sdk/2.2.0/lib/tinyusb/src/portable/raspberrypi/rp2040/dcd_rp2040.c.o
                0x10004400                dcd_edpt_open
 .text.dcd_edpt_close_all
                0x10004426        0x8 examples/hello_serial_client/CMakeFiles/hello_serial_client.dir/home/umar/.pico-sdk/sdk/2.2.0/lib/tinyusb/src/portable/raspberrypi/rp2040/dcd_rp2040.c.o
                0x10004426                dcd_edpt_close_all
 *fill*         0x1000442e        0x2 
 .text.dcd_edpt_xfer
                0x10004430       0x30 examples/hello_serial_client/CMakeFiles/hello_serial_client.dir/home/umar/.pico-sdk/sdk/2.2.0/lib/tinyusb/src/portable/raspberrypi/rp2040/dcd_rp2040.c.o
                0x10004430                dcd_edpt_xfer
 .text.dcd_edpt_stall
                0x10004460       0x3c examples/hello_serial_client/CMakeFiles/hello_serial_client.dir/home/umar/.pico-sdk/sdk/2.2.0/lib/tinyusb/src/portable/raspberrypi/rp2040/dcd_rp2040.c.o
                0x10004460                dcd_edpt_stall
 .text.dcd_edpt_clear_stall
                0x1000449c       0x30 examples/hello_serial_client/CMakeFiles/hello_serial_client.dir/home/umar/.pico-sdk/sdk/2.2.0/lib/tinyusb/src/portable/raspberrypi/rp2040/dcd_rp2040.c.o
                0x1000449c                dcd_edpt_clear_stall
 .text.unaligned_memcpy
                0x100044cc       0x14 examples/hello_serial_client/CMakeFiles/hello_serial_client.dir/home/umar/.pico-sdk/sdk/2.2.0/lib/tinyusb/src/portable/raspberrypi/rp2040/rp2040_usb.c.o
 .text.rp2040_usb_init
                0x100044e0       0x44 examples/hello_serial_client/CMakeFiles/hello_serial_client.dir/home/umar/.pico-sdk/sdk/2.2.0/lib/tinyusb/src/portable/raspberrypi/rp2040/rp2040_usb.c.o
                0x100044e0                rp2040_usb_init
 .text.hw_endpoint_xfer_start
                0x10004524       0x60 examples/hello_serial_client/CMakeFiles/hello_serial_client.dir/home/umar/.pico-sdk/sdk/2.2.0/lib/tinyusb/src/portable/raspberrypi/rp2040/rp2040_usb.c.o
                0x10004524                hw_endpoint_xfer_start
 .text.configuration_reset
                0x10004584       0x84 examples/hello_serial_client/CMakeFiles/hello_serial_client.dir/home/umar/.pico-sdk/sdk/2.2.0/lib/tinyusb/src/device/usbd.c.o
 .text.usbd_reset
                0x10004608        0xc examples/hello_serial_client/CMakeFiles/hello_serial_client.dir/home/umar/.pico-sdk/sdk/2.2.0/lib/tinyusb/src/device/usbd.c.o
 .text.invoke_class_control
                0x10004614       0x1a examples/hello_serial_client/CMakeFiles/hello_serial_client.dir/home/umar/.pico-sdk/sdk/2.2.0/lib/tinyusb/src/device/usbd.c.o
 *fill*         0x1000462e        0x2 
 .text.process_set_config
                0x10004630      0x1b0 examples/hello_serial_client/CMakeFiles/hello_serial_client.dir/home/umar/.pico-sdk/sdk/2.2.0/lib/tinyusb/src/device/usbd.c.o
 .text.tud_event_hook_cb
                0x100047e0        0x2 examples/hello_serial_client/CMakeFiles/hello_serial_client.dir/home/umar/.pico-sdk/sdk/2.2.0/lib/tinyusb/src/device/usbd.c.o
                0x100047e0                tud_event_hook_cb
 .text.tud_sof_cb
                0x100047e2        0x2 examples/hello_serial_client/CMakeFiles/hello_serial_client.dir/home/umar/.pico-sdk/sdk/2.2.0/lib/tinyusb/src/device/usbd.c.o
                0x100047e2                tud_sof_cb
 .text.tud_descriptor_device_qualifier_cb
                0x100047e4        0x4 examples/hello_serial_client/CMakeFiles/hello_serial_client.dir/home/umar/.pico-sdk/sdk/2.2.0/lib/tinyusb/src/device/usbd.c.o
                0x100047e4                tud_descriptor_device_qualifier_cb
 .text.tud_descriptor_other_speed_configuration_cb
                0x100047e8        0x4 examples/hello_serial_client/CMakeFiles/hello_serial_client.dir/home/umar/.pico-sdk/sdk/2.2.0/lib/tinyusb/src/device/usbd.c.o
                0x100047e8                tud_descriptor_other_speed_configuration_cb
 .text.process_get_descriptor
                0x100047ec       0xe0 examples/hello_serial_client/CMakeFiles/hello_serial_client.dir/home/umar/.pico-sdk/sdk/2.2.0/lib/tinyusb/src/device/usbd.c.o
 .text.tud_mount_cb
                0x100048cc        0x2 examples/hello_serial_client/CMakeFiles/hello_serial_client.dir/home/umar/.pico-sdk/sdk/2.2.0/lib/tinyusb/src/device/usbd.c.o
                0x100048cc                tud_mount_cb
 .text.tud_umount_cb
                0x100048ce        0x2 examples/hello_serial_client/CMakeFiles/hello_serial_client.dir/home/umar/.pico-sdk/sdk/2.2.0/lib/tinyusb/src/device/usbd.c.o
                0x100048ce                tud_umount_cb
 .text.tud_suspend_cb
                0x100048d0        0x2 examples/hello_serial_client/CMakeFiles/hello_serial_client.dir/home/umar/.pico-sdk/sdk/2.2.0/lib/tinyusb/src/device/usbd.c.o
                0x100048d0                tud_suspend_cb
 .text.tud_resume_cb
                0x100048d2        0x2 examples/hello_serial_client/CMakeFiles/hello_serial_client.dir/home/umar/.pico-sdk/sdk/2.2.0/lib/tinyusb/src/device/usbd.c.o
                0x100048d2                tud_resume_cb
 .text.tud_mounted
                0x100048d4       0x10 examples/hello_serial_client/CMakeFiles/hello_serial_client.dir/home/umar/.pico-sdk/sdk/2.2.0/lib/tinyusb/src/device/usbd.c.o
                0x100048d4                tud_mounted
 .text.tud_suspended
                0x100048e4       0x10 examples/hello_serial_client/CMakeFiles/hello_serial_client.dir/home/umar/.pico-sdk/sdk/2.2.0/lib/tinyusb/src/device/usbd.c.o
                0x100048e4                tud_suspended
 .text.tud_inited
                0x100048f4       0x14 examples/hello_serial_client/CMakeFiles/hello_serial_client.dir/home/umar/.pico-sdk/sdk/2.2.0/lib/tinyusb/src/device/usbd.c.o
                0x100048f4                tud_inited
 .text.tud_rhport_init
                0x10004908      0x100 examples/hello_serial_client/CMakeFiles/hello_serial_client.dir/home/umar/.pico-sdk/sdk/2.2.0/lib/tinyusb/src/device/usbd.c.o
                0x10004908                tud_rhport_init
 .text.usbd_edpt_open
                0x10004a08       0x60 examples/hello_serial_client/CMakeFiles/hello_serial_client.dir/home/umar/.pico-sdk/sdk/2.2.0/lib/tinyusb/src/device/usbd.c.o
                0x10004a08                usbd_edpt_open
 .text.usbd_open_edpt_pair
                0x10004a68       0x88 examples/hello_serial_client/CMakeFiles/hello_serial_client.dir/home/umar/.pico-sdk/sdk/2.2.0/lib/tinyusb/src/device/usbd.c.o
                0x10004a68                usbd_open_edpt_pair
 .text.usbd_edpt_claim
                0x10004af0       0x28 examples/hello_serial_client/CMakeFiles/hello_serial_client.dir/home/umar/.pico-sdk/sdk/2.2.0/lib/tinyusb/src/device/usbd.c.o
                0x10004af0                usbd_edpt_claim
 .text.usbd_edpt_release
                0x10004b18       0x28 examples/hello_serial_client/CMakeFiles/hello_serial_client.dir/home/umar/.pico-sdk/sdk/2.2.0/lib/tinyusb/src/device/usbd.c.o
                0x10004b18                usbd_edpt_release
 .text.usbd_edpt_xfer
                0x10004b40       0x88 examples/hello_serial_client/CMakeFiles/hello_serial_client.dir/home/umar/.pico-sdk/sdk/2.2.0/lib/tinyusb/src/device/usbd.c.o
                0x10004b40                usbd_edpt_xfer
 .text.usbd_edpt_stall
                0x10004bc8       0x34 examples/hello_serial_client/CMakeFiles/hello_serial_client.dir/home/umar/.pico-sdk/sdk/2.2.0/lib/tinyusb/src/device/usbd.c.o
                0x10004bc8                usbd_edpt_stall
 .text.usbd_edpt_clear_stall
                0x10004bfc       0x34 examples/hello_serial_client/CMakeFiles/hello_serial_client.dir/home/umar/.pico-sdk/sdk/2.2.0/lib/tinyusb/src/device/usbd.c.o
                0x10004bfc                usbd_edpt_clear_stall
 .text.usbd_edpt_stalled
                0x10004c30       0x1c examples/hello_serial_client/CMakeFiles/hello_serial_client.dir/home/umar/.pico-sdk/sdk/2.2.0/lib/tinyusb/src/device/usbd.c.o
                0x10004c30                usbd_edpt_stalled
 .text.process_control_request
                0x10004c4c      0x384 examples/hello_serial_client/CMakeFiles/hello_serial_client.dir/home/umar/.pico-sdk/sdk/2.2.0/lib/tinyusb/src/device/usbd.c.o
 .text.tud_task_ext
                0x10004fd0      0x1d0 examples/hello_serial_client/CMakeFiles/hello_serial_client.dir/home/umar/.pico-sdk/sdk/2.2.0/lib/tinyusb/src/device/usbd.c.o
                0x10004fd0                tud_task_ext
 .text.status_stage_xact
                0x100051a0       0x1a examples/hello_serial_client/CMakeFiles/hello_serial_client.dir/home/umar/.pico-sdk/sdk/2.2.0/lib/tinyusb/src/device/usbd_control.c.o
 *fill*         0x100051ba        0x2 
 .text.data_stage_xact
                0x100051bc       0x60 examples/hello_serial_client/CMakeFiles/hello_serial_client.dir/home/umar/.pico-sdk/sdk/2.2.0/lib/tinyusb/src/device/usbd_control.c.o
 .text.tud_control_status
                0x1000521c       0x28 examples/hello_serial_client/CMakeFiles/hello_serial_client.dir/home/umar/.pico-sdk/sdk/2.2.0/lib/tinyusb/src/device/usbd_control.c.o
                0x1000521c                tud_control_status
 .text.tud_control_xfer
                0x10005244       0x98 examples/hello_serial_client/CMakeFiles/hello_serial_client.dir/home/umar/.pico-sdk/sdk/2.2.0/lib/tinyusb/src/device/usbd_control.c.o
                0x10005244                tud_control_xfer
 .text.usbd_control_reset
                0x100052dc       0x14 examples/hello_serial_client/CMakeFiles/hello_serial_client.dir/home/umar/.pico-sdk/sdk/2.2.0/lib/tinyusb/src/device/usbd_control.c.o
                0x100052dc                usbd_control_reset
 .text.usbd_control_set_complete_callback
                0x100052f0        0xc examples/hello_serial_client/CMakeFiles/hello_serial_client.dir/home/umar/.pico-sdk/sdk/2.2.0/lib/tinyusb/src/device/usbd_control.c.o
                0x100052f0                usbd_control_set_complete_callback
 .text.usbd_control_set_request
                0x100052fc       0x1c examples/hello_serial_client/CMakeFiles/hello_serial_client.dir/home/umar/.pico-sdk/sdk/2.2.0/lib/tinyusb/src/device/usbd_control.c.o
                0x100052fc                usbd_control_set_request
 .text.usbd_control_xfer_cb
                0x10005318       0xe0 examples/hello_serial_client/CMakeFiles/hello_serial_client.dir/home/umar/.pico-sdk/sdk/2.2.0/lib/tinyusb/src/device/usbd_control.c.o
                0x10005318                usbd_control_xfer_cb
 .text._prep_out_transaction
                0x100053f8       0x94 examples/hello_serial_client/CMakeFiles/hello_serial_client.dir/home/umar/.pico-sdk/sdk/2.2.0/lib/tinyusb/src/class/cdc/cdc_device.c.o
 .text.tud_cdc_n_connected
                0x1000548c       0x38 examples/hello_serial_client/CMakeFiles/hello_serial_client.dir/home/umar/.pico-sdk/sdk/2.2.0/lib/tinyusb/src/class/cdc/cdc_device.c.o
                0x1000548c                tud_cdc_n_connected
 .text.tud_cdc_n_available
                0x100054c4       0x18 examples/hello_serial_client/CMakeFiles/hello_serial_client.dir/home/umar/.pico-sdk/sdk/2.2.0/lib/tinyusb/src/class/cdc/cdc_device.c.o
                0x100054c4                tud_cdc_n_available
 .text.tud_cdc_n_read
                0x100054dc       0x38 examples/hello_serial_client/CMakeFiles/hello_serial_client.dir/home/umar/.pico-sdk/sdk/2.2.0/lib/tinyusb/src/class/cdc/cdc_device.c.o
                0x100054dc                tud_cdc_n_read
 .text.tud_cdc_n_write_flush
                0x10005514       0xb0 examples/hello_serial_client/CMakeFiles/hello_serial_client.dir/home/umar/.pico-sdk/sdk/2.2.0/lib/tinyusb/src/class/cdc/cdc_device.c.o
                0x10005514                tud_cdc_n_write_flush
 .text.tud_cdc_n_write
                0x100055c4       0x48 examples/hello_serial_client/CMakeFiles/hello_serial_client.dir/home/umar/.pico-sdk/sdk/2.2.0/lib/tinyusb/src/class/cdc/cdc_device.c.o
                0x100055c4                tud_cdc_n_write
 .text.tud_cdc_n_write_available
                0x1000560c       0x18 examples/hello_serial_client/CMakeFiles/hello_serial_client.dir/home/umar/.pico-sdk/sdk/2.2.0/lib/tinyusb/src/class/cdc/cdc_device.c.o
                0x1000560c                tud_cdc_n_write_available
 .text.cdcd_init
                0x10005624       0xac examples/hello_serial_client/CMakeFiles/hello_serial_client.dir/home/umar/.pico-sdk/sdk/2.2.0/lib/tinyusb/src/class/cdc/cdc_device.c.o
                0x10005624                cdcd_init
 .text.cdcd_deinit
                0x100056d0       0x48 examples/hello_serial_client/CMakeFiles/hello_serial_client.dir/home/umar/.pico-sdk/sdk/2.2.0/lib/tinyusb/src/class/cdc/cdc_device.c.o
                0x100056d0                cdcd_deinit
 .text.cdcd_reset
                0x10005718       0x70 examples/hello_serial_client/CMakeFiles/hello_serial_client.dir/home/umar/.pico-sdk/sdk/2.2.0/lib/tinyusb/src/class/cdc/cdc_device.c.o
                0x10005718                cdcd_reset
 .text.cdcd_open
                0x10005788       0xec examples/hello_serial_client/CMakeFiles/hello_serial_client.dir/home/umar/.pico-sdk/sdk/2.2.0/lib/tinyusb/src/class/cdc/cdc_device.c.o
                0x10005788                cdcd_open
 .text.cdcd_control_xfer_cb
                0x10005874      0x13c examples/hello_serial_client/CMakeFiles/hello_serial_client.dir/home/umar/.pico-sdk/sdk/2.2.0/lib/tinyusb/src/class/cdc/cdc_device.c.o
                0x10005874                cdcd_control_xfer_cb
 .text.cdcd_xfer_cb
                0x100059b0      0x148 examples/hello_serial_client/CMakeFiles/hello_serial_client.dir/home/umar/.pico-sdk/sdk/2.2.0/lib/tinyusb/src/class/cdc/cdc_device.c.o
                0x100059b0                cdcd_xfer_cb
 .text.tud_vendor_n_mounted
                0x10005af8       0x3c examples/hello_serial_client/CMakeFiles/hello_serial_client.dir/home/umar/.pico-sdk/sdk/2.2.0/lib/tinyusb/src/class/vendor/vendor_device.c.o
                0x10005af8                tud_vendor_n_mounted
 .text.tud_vendor_n_write_flush
                0x10005b34       0x20 examples/hello_serial_client/CMakeFiles/hello_serial_client.dir/home/umar/.pico-sdk/sdk/2.2.0/lib/tinyusb/src/class/vendor/vendor_device.c.o
                0x10005b34                tud_vendor_n_write_flush
 .text.vendord_init
                0x10005b54       0x9c examples/hello_serial_client/CMakeFiles/hello_serial_client.dir/home/umar/.pico-sdk/sdk/2.2.0/lib/tinyusb/src/class/vendor/vendor_device.c.o
                0x10005b54                vendord_init
 .text.vendord_deinit
                0x10005bf0       0x34 examples/hello_serial_client/CMakeFiles/hello_serial_client.dir/home/umar/.pico-sdk/sdk/2.2.0/lib/tinyusb/src/class/vendor/vendor_device.c.o
                0x10005bf0                vendord_deinit
 .text.vendord_reset
                0x10005c24       0x50 examples/hello_serial_client/CMakeFiles/hello_serial_client.dir/home/umar/.pico-sdk/sdk/2.2.0/lib/tinyusb/src/class/vendor/vendor_device.c.o
                0x10005c24                vendord_reset
 .text.vendord_open
                0x10005c74      0x14c examples/hello_serial_client/CMakeFiles/hello_serial_client.dir/home/umar/.pico-sdk/sdk/2.2.0/lib/tinyusb/src/class/vendor/vendor_device.c.o
                0x10005c74                vendord_open
 .text.vendord_xfer_cb
                0x10005dc0       0xd8 examples/hello_serial_client/CMakeFiles/hello_serial_client.dir/home/umar/.pico-sdk/sdk/2.2.0/lib/tinyusb/src/class/vendor/vendor_device.c.o
                0x10005dc0                vendord_xfer_cb
 .text.tusb_rhport_init
                0x10005e98       0x78 examples/hello_serial_client/CMakeFiles/hello_serial_client.dir/home/umar/.pico-sdk/sdk/2.2.0/lib/tinyusb/src/tusb.c.o
                0x10005e98                tusb_rhport_init
 .text.tu_edpt_claim
                0x10005f10       0x50 examples/hello_serial_client/CMakeFiles/hello_serial_client.dir/home/umar/.pico-sdk/sdk/2.2.0/lib/tinyusb/src/tusb.c.o
                0x10005f10                tu_edpt_claim
 .text.tu_edpt_release
                0x10005f60       0x38 examples/hello_serial_client/CMakeFiles/hello_serial_client.dir/home/umar/.pico-sdk/sdk/2.2.0/lib/tinyusb/src/tusb.c.o
                0x10005f60                tu_edpt_release
 .text.tu_edpt_validate
                0x10005f98       0xac examples/hello_serial_client/CMakeFiles/hello_serial_client.dir/home/umar/.pico-sdk/sdk/2.2.0/lib/tinyusb/src/tusb.c.o
                0x10005f98                tu_edpt_validate
 .text.tu_edpt_bind_driver
                0x10006044       0x26 examples/hello_serial_client/CMakeFiles/hello_serial_client.dir/home/umar/.pico-sdk/sdk/2.2.0/lib/tinyusb/src/tusb.c.o
                0x10006044                tu_edpt_bind_driver
 .text.tu_edpt_stream_init
                0x1000606a       0x62 examples/hello_serial_client/CMakeFiles/hello_serial_client.dir/home/umar/.pico-sdk/sdk/2.2.0/lib/tinyusb/src/tusb.c.o
                0x1000606a                tu_edpt_stream_init
 .text.tu_edpt_stream_deinit
                0x100060cc        0x4 examples/hello_serial_client/CMakeFiles/hello_serial_client.dir/home/umar/.pico-sdk/sdk/2.2.0/lib/tinyusb/src/tusb.c.o
                0x100060cc                tu_edpt_stream_deinit
 .text.tu_edpt_stream_write_zlp_if_needed
                0x100060d0       0x80 examples/hello_serial_client/CMakeFiles/hello_serial_client.dir/home/umar/.pico-sdk/sdk/2.2.0/lib/tinyusb/src/tusb.c.o
                0x100060d0                tu_edpt_stream_write_zlp_if_needed
 .text.tu_edpt_stream_write_xfer
                0x10006150       0x84 examples/hello_serial_client/CMakeFiles/hello_serial_client.dir/home/umar/.pico-sdk/sdk/2.2.0/lib/tinyusb/src/tusb.c.o
                0x10006150                tu_edpt_stream_write_xfer
 .text.tu_edpt_stream_read_xfer
                0x100061d4       0xf4 examples/hello_serial_client/CMakeFiles/hello_serial_client.dir/home/umar/.pico-sdk/sdk/2.2.0/lib/tinyusb/src/tusb.c.o
                0x100061d4                tu_edpt_stream_read_xfer
 .text.advance_index
                0x100062c8       0x1a examples/hello_serial_client/CMakeFiles/hello_serial_client.dir/home/umar/.pico-sdk/sdk/2.2.0/lib/tinyusb/src/common/tusb_fifo.c.o
 .text._tu_fifo_peek
                0x100062e2       0x56 examples/hello_serial_client/CMakeFiles/hello_serial_client.dir/home/umar/.pico-sdk/sdk/2.2.0/lib/tinyusb/src/common/tusb_fifo.c.o
 .text._ff_pull_n
                0x10006338       0x68 examples/hello_serial_client/CMakeFiles/hello_serial_client.dir/home/umar/.pico-sdk/sdk/2.2.0/lib/tinyusb/src/common/tusb_fifo.c.o
 .text._tu_fifo_peek_n
                0x100063a0       0x6a examples/hello_serial_client/CMakeFiles/hello_serial_client.dir/home/umar/.pico-sdk/sdk/2.2.0/lib/tinyusb/src/common/tusb_fifo.c.o
 .text._tu_fifo_read_n
                0x1000640a       0x4e examples/hello_serial_client/CMakeFiles/hello_serial_client.dir/home/umar/.pico-sdk/sdk/2.2.0/lib/tinyusb/src/common/tusb_fifo.c.o
 .text._ff_push_n
                0x10006458       0x68 examples/hello_serial_client/CMakeFiles/hello_serial_client.dir/home/umar/.pico-sdk/sdk/2.2.0/lib/tinyusb/src/common/tusb_fifo.c.o
 .text._tu_fifo_write_n
                0x100064c0       0xf0 examples/hello_serial_client/CMakeFiles/hello_serial_client.dir/home/umar/.pico-sdk/sdk/2.2.0/lib/tinyusb/src/common/tusb_fifo.c.o
 .text.tu_fifo_config
                0x100065b0       0x7c examples/hello_serial_client/CMakeFiles/hello_serial_client.dir/home/umar/.pico-sdk/sdk/2.2.0/lib/tinyusb/src/common/tusb_fifo.c.o
                0x100065b0                tu_fifo_config
 .text.tu_fifo_count
                0x1000662c       0x2c examples/hello_serial_client/CMakeFiles/hello_serial_client.dir/home/umar/.pico-sdk/sdk/2.2.0/lib/tinyusb/src/common/tusb_fifo.c.o
                0x1000662c                tu_fifo_count
 .text.tu_fifo_empty
                0x10006658        0xe examples/hello_serial_client/CMakeFiles/hello_serial_client.dir/home/umar/.pico-sdk/sdk/2.2.0/lib/tinyusb/src/common/tusb_fifo.c.o
                0x10006658                tu_fifo_empty
 .text.tu_fifo_full
                0x10006666       0x2a examples/hello_serial_client/CMakeFiles/hello_serial_client.dir/home/umar/.pico-sdk/sdk/2.2.0/lib/tinyusb/src/common/tusb_fifo.c.o
                0x10006666                tu_fifo_full
 .text.tu_fifo_remaining
                0x10006690       0x2e examples/hello_serial_client/CMakeFiles/hello_serial_client.dir/home/umar/.pico-sdk/sdk/2.2.0/lib/tinyusb/src/common/tusb_fifo.c.o
                0x10006690                tu_fifo_remaining
 .text.tu_fifo_read
                0x100066be       0x42 examples/hello_serial_client/CMakeFiles/hello_serial_client.dir/home/umar/.pico-sdk/sdk/2.2.0/lib/tinyusb/src/common/tusb_fifo.c.o
                0x100066be                tu_fifo_read
 .text.tu_fifo_read_n
                0x10006700        0xa examples/hello_serial_client/CMakeFiles/hello_serial_client.dir/home/umar/.pico-sdk/sdk/2.2.0/lib/tinyusb/src/common/tusb_fifo.c.o
                0x10006700                tu_fifo_read_n
 .text.tu_fifo_write
                0x1000670a       0x64 examples/hello_serial_client/CMakeFiles/hello_serial_client.dir/home/umar/.pico-sdk/sdk/2.2.0/lib/tinyusb/src/common/tusb_fifo.c.o
                0x1000670a                tu_fifo_write
 .text.tu_fifo_write_n
                0x1000676e        0xa examples/hello_serial_client/CMakeFiles/hello_serial_client.dir/home/umar/.pico-sdk/sdk/2.2.0/lib/tinyusb/src/common/tusb_fifo.c.o
                0x1000676e                tu_fifo_write_n
 .text.tu_fifo_clear
                0x10006778       0x3e examples/hello_serial_client/CMakeFiles/hello_serial_client.dir/home/umar/.pico-sdk/sdk/2.2.0/lib/tinyusb/src/common/tusb_fifo.c.o
                0x10006778                tu_fifo_clear
 .text.tu_fifo_set_overwritable
                0x100067b6       0x46 examples/hello_serial_client/CMakeFiles/hello_serial_client.dir/home/umar/.pico-sdk/sdk/2.2.0/lib/tinyusb/src/common/tusb_fifo.c.o
                0x100067b6                tu_fifo_set_overwritable
 .text.vPortSVCHandler
                0x100067fc        0x2 examples/hello_serial_client/CMakeFiles/hello_serial_client.dir/home/umar/.freertos/portable/ThirdParty/GCC/RP2040/port.c.o
                0x100067fc                vPortSVCHandler
 *fill*         0x100067fe        0x2 
 .text.vPortStartFirstTask
                0x10006800       0x38 examples/hello_serial_client/CMakeFiles/hello_serial_client.dir/home/umar/.freertos/portable/ThirdParty/GCC/RP2040/port.c.o
 .text.prvFIFOInterruptHandler
                0x10006838       0x28 examples/hello_serial_client/CMakeFiles/hello_serial_client.dir/home/umar/.freertos/portable/ThirdParty/GCC/RP2040/port.c.o
 .text.xPortPendSVHandler
                0x10006860       0x78 examples/hello_serial_client/CMakeFiles/hello_serial_client.dir/home/umar/.freertos/portable/ThirdParty/GCC/RP2040/port.c.o
                0x10006860                xPortPendSVHandler
 .text.prvTaskExitError
                0x100068d8        0x6 examples/hello_serial_client/CMakeFiles/hello_serial_client.dir/home/umar/.freertos/portable/ThirdParty/GCC/RP2040/port.c.o
 *fill*         0x100068de        0x2 
 .text.xPortSysTickHandler
                0x100068e0       0x24 examples/hello_serial_client/CMakeFiles/hello_serial_client.dir/home/umar/.freertos/portable/ThirdParty/GCC/RP2040/port.c.o
                0x100068e0                xPortSysTickHandler
 .text.prvGetTicksToWaitBefore
                0x10006904       0x40 examples/hello_serial_client/CMakeFiles/hello_serial_client.dir/home/umar/.freertos/portable/ThirdParty/GCC/RP2040/port.c.o
 .text.pxPortInitialiseStack
                0x10006944       0x24 examples/hello_serial_client/CMakeFiles/hello_serial_client.dir/home/umar/.freertos/portable/ThirdParty/GCC/RP2040/port.c.o
                0x10006944                pxPortInitialiseStack
 .text.vPortYield
                0x10006968       0x18 examples/hello_serial_client/CMakeFiles/hello_serial_client.dir/home/umar/.freertos/portable/ThirdParty/GCC/RP2040/port.c.o
                0x10006968                vPortYield
 .text.ulSetInterruptMaskFromISR
                0x10006980        0x8 examples/hello_serial_client/CMakeFiles/hello_serial_client.dir/home/umar/.freertos/portable/ThirdParty/GCC/RP2040/port.c.o
                0x10006980                ulSetInterruptMaskFromISR
 .text.vClearInterruptMaskFromISR
                0x10006988        0x6 examples/hello_serial_client/CMakeFiles/hello_serial_client.dir/home/umar/.freertos/portable/ThirdParty/GCC/RP2040/port.c.o
                0x10006988                vClearInterruptMaskFromISR
 *fill*         0x1000698e        0x2 
 .text.vYieldCore
                0x10006990       0x30 examples/hello_serial_client/CMakeFiles/hello_serial_client.dir/home/umar/.freertos/portable/ThirdParty/GCC/RP2040/port.c.o
                0x10006990                vYieldCore
 .text.vPortSetupTimerInterrupt
                0x100069c0       0x34 examples/hello_serial_client/CMakeFiles/hello_serial_client.dir/home/umar/.freertos/portable/ThirdParty/GCC/RP2040/port.c.o
                0x100069c0                vPortSetupTimerInterrupt
 .text.xPortStartSchedulerOnCore
                0x100069f4       0xa8 examples/hello_serial_client/CMakeFiles/hello_serial_client.dir/home/umar/.freertos/portable/ThirdParty/GCC/RP2040/port.c.o
 .text.xPortStartScheduler
                0x10006a9c       0x68 examples/hello_serial_client/CMakeFiles/hello_serial_client.dir/home/umar/.freertos/portable/ThirdParty/GCC/RP2040/port.c.o
                0x10006a9c                xPortStartScheduler
 .text.prvDisableInterruptsAndPortStartSchedulerOnCore
                0x10006b04        0x8 examples/hello_serial_client/CMakeFiles/hello_serial_client.dir/home/umar/.freertos/portable/ThirdParty/GCC/RP2040/port.c.o
 .text.ulPortLockGetCurrentOwnerId
                0x10006b0c       0x30 examples/hello_serial_client/CMakeFiles/hello_serial_client.dir/home/umar/.freertos/portable/ThirdParty/GCC/RP2040/port.c.o
                0x10006b0c                ulPortLockGetCurrentOwnerId
 .text.vPortLockInternalSpinUnlockWithWait
                0x10006b3c       0xa0 examples/hello_serial_client/CMakeFiles/hello_serial_client.dir/home/umar/.freertos/portable/ThirdParty/GCC/RP2040/port.c.o
                0x10006b3c                vPortLockInternalSpinUnlockWithWait
 .text.vPortLockInternalSpinUnlockWithNotify
                0x10006bdc       0x8c examples/hello_serial_client/CMakeFiles/hello_serial_client.dir/home/umar/.freertos/portable/ThirdParty/GCC/RP2040/port.c.o
                0x10006bdc                vPortLockInternalSpinUnlockWithNotify
 .text.xPortLockInternalSpinUnlockWithBestEffortWaitOrTimeout
                0x10006c68       0xf0 examples/hello_serial_client/CMakeFiles/hello_serial_client.dir/home/umar/.freertos/portable/ThirdParty/GCC/RP2040/port.c.o
                0x10006c68                xPortLockInternalSpinUnlockWithBestEffortWaitOrTimeout
 .text.prvRuntimeInitializer
                0x10006d58       0x10 examples/hello_serial_client/CMakeFiles/hello_serial_client.dir/home/umar/.freertos/portable/ThirdParty/GCC/RP2040/port.c.o
 .text.prvTestWaitCondition
                0x10006d68       0x1e examples/hello_serial_client/CMakeFiles/hello_serial_client.dir/home/umar/.freertos/event_groups.c.o
 .text.xEventGroupCreate
                0x10006d86       0x18 examples/hello_serial_client/CMakeFiles/hello_serial_client.dir/home/umar/.freertos/event_groups.c.o
                0x10006d86                xEventGroupCreate
 *fill*         0x10006d9e        0x2 
 .text.xEventGroupWaitBits
                0x10006da0      0x120 examples/hello_serial_client/CMakeFiles/hello_serial_client.dir/home/umar/.freertos/event_groups.c.o
                0x10006da0                xEventGroupWaitBits
 .text.xEventGroupSetBits
                0x10006ec0       0x9c examples/hello_serial_client/CMakeFiles/hello_serial_client.dir/home/umar/.freertos/event_groups.c.o
                0x10006ec0                xEventGroupSetBits
 .text.vEventGroupSetBitsCallback
                0x10006f5c        0x8 examples/hello_serial_client/CMakeFiles/hello_serial_client.dir/home/umar/.freertos/event_groups.c.o
                0x10006f5c                vEventGroupSetBitsCallback
 .text.xEventGroupSetBitsFromISR
                0x10006f64       0x18 examples/hello_serial_client/CMakeFiles/hello_serial_client.dir/home/umar/.freertos/event_groups.c.o
                0x10006f64                xEventGroupSetBitsFromISR
 .text.vListInitialise
                0x10006f7c       0x16 examples/hello_serial_client/CMakeFiles/hello_serial_client.dir/home/umar/.freertos/list.c.o
                0x10006f7c                vListInitialise
 .text.vListInitialiseItem
                0x10006f92        0x6 examples/hello_serial_client/CMakeFiles/hello_serial_client.dir/home/umar/.freertos/list.c.o
                0x10006f92                vListInitialiseItem
 .text.vListInsertEnd
                0x10006f98       0x16 examples/hello_serial_client/CMakeFiles/hello_serial_client.dir/home/umar/.freertos/list.c.o
                0x10006f98                vListInsertEnd
 .text.vListInsert
                0x10006fae       0x2e examples/hello_serial_client/CMakeFiles/hello_serial_client.dir/home/umar/.freertos/list.c.o
                0x10006fae                vListInsert
 .text.uxListRemove
                0x10006fdc       0x24 examples/hello_serial_client/CMakeFiles/hello_serial_client.dir/home/umar/.freertos/list.c.o
                0x10006fdc                uxListRemove
 .text.prvIsQueueEmpty
                0x10007000       0x1c examples/hello_serial_client/CMakeFiles/hello_serial_client.dir/home/umar/.freertos/queue.c.o
 .text.prvCopyDataToQueue
                0x1000701c       0x7e examples/hello_serial_client/CMakeFiles/hello_serial_client.dir/home/umar/.freertos/queue.c.o
 .text.prvCopyDataFromQueue
                0x1000709a       0x24 examples/hello_serial_client/CMakeFiles/hello_serial_client.dir/home/umar/.freertos/queue.c.o
 *fill*         0x100070be        0x2 
 .text.prvNotifyQueueSetContainer
                0x100070c0       0xa4 examples/hello_serial_client/CMakeFiles/hello_serial_client.dir/home/umar/.freertos/queue.c.o
 .text.prvUnlockQueue
                0x10007164       0x88 examples/hello_serial_client/CMakeFiles/hello_serial_client.dir/home/umar/.freertos/queue.c.o
 .text.xQueueGenericReset
                0x100071ec       0xd4 examples/hello_serial_client/CMakeFiles/hello_serial_client.dir/home/umar/.freertos/queue.c.o
                0x100071ec                xQueueGenericReset
 .text.prvInitialiseNewQueue
                0x100072c0       0x26 examples/hello_serial_client/CMakeFiles/hello_serial_client.dir/home/umar/.freertos/queue.c.o
 *fill*         0x100072e6        0x2 
 .text.xQueueGenericCreate
                0x100072e8       0x88 examples/hello_serial_client/CMakeFiles/hello_serial_client.dir/home/umar/.freertos/queue.c.o
                0x100072e8                xQueueGenericCreate
 .text.xQueueGenericSendFromISR
                0x10007370      0x128 examples/hello_serial_client/CMakeFiles/hello_serial_client.dir/home/umar/.freertos/queue.c.o
                0x10007370                xQueueGenericSendFromISR
 .text.xQueueReceive
                0x10007498      0x14c examples/hello_serial_client/CMakeFiles/hello_serial_client.dir/home/umar/.freertos/queue.c.o
                0x10007498                xQueueReceive
 .text.vQueueAddToRegistry
                0x100075e4       0x68 examples/hello_serial_client/CMakeFiles/hello_serial_client.dir/home/umar/.freertos/queue.c.o
                0x100075e4                vQueueAddToRegistry
 .text.vQueueWaitForMessageRestricted
                0x1000764c       0x50 examples/hello_serial_client/CMakeFiles/hello_serial_client.dir/home/umar/.freertos/queue.c.o
                0x1000764c                vQueueWaitForMessageRestricted
 .text.prvResetNextTaskUnblockTime
                0x1000769c       0x2c examples/hello_serial_client/CMakeFiles/hello_serial_client.dir/home/umar/.freertos/tasks.c.o
 .text.prvDeleteTCB
                0x100076c8       0x12 examples/hello_serial_client/CMakeFiles/hello_serial_client.dir/home/umar/.freertos/tasks.c.o
 *fill*         0x100076da        0x2 
 .text.prvInitialiseNewTask
                0x100076dc       0xd4 examples/hello_serial_client/CMakeFiles/hello_serial_client.dir/home/umar/.freertos/tasks.c.o
 .text.prvCreateTask
                0x100077b0       0x56 examples/hello_serial_client/CMakeFiles/hello_serial_client.dir/home/umar/.freertos/tasks.c.o
 *fill*         0x10007806        0x2 
 .text.prvPassiveIdleTask
                0x10007808       0x18 examples/hello_serial_client/CMakeFiles/hello_serial_client.dir/home/umar/.freertos/tasks.c.o
 .text.prvInitialiseTaskLists
                0x10007820       0x68 examples/hello_serial_client/CMakeFiles/hello_serial_client.dir/home/umar/.freertos/tasks.c.o
 .text.prvYieldForTask
                0x10007888       0xcc examples/hello_serial_client/CMakeFiles/hello_serial_client.dir/home/umar/.freertos/tasks.c.o
 .text.prvSelectHighestPriorityTask
                0x10007954      0x218 examples/hello_serial_client/CMakeFiles/hello_serial_client.dir/home/umar/.freertos/tasks.c.o
 .text.vPortRecursiveLock
                0x10007b6c       0xec examples/hello_serial_client/CMakeFiles/hello_serial_client.dir/home/umar/.freertos/tasks.c.o
 .text.prvCheckForRunStateChange
                0x10007c58       0xa8 examples/hello_serial_client/CMakeFiles/hello_serial_client.dir/home/umar/.freertos/tasks.c.o
 .text.vTaskSuspendAll
                0x10007d00       0x98 examples/hello_serial_client/CMakeFiles/hello_serial_client.dir/home/umar/.freertos/tasks.c.o
                0x10007d00                vTaskSuspendAll
 .text.xTaskGetTickCount
                0x10007d98        0xc examples/hello_serial_client/CMakeFiles/hello_serial_client.dir/home/umar/.freertos/tasks.c.o
                0x10007d98                xTaskGetTickCount
 .text.uxTaskGetNumberOfTasks
                0x10007da4        0xc examples/hello_serial_client/CMakeFiles/hello_serial_client.dir/home/umar/.freertos/tasks.c.o
                0x10007da4                uxTaskGetNumberOfTasks
 .text.xTaskIncrementTick
                0x10007db0      0x1cc examples/hello_serial_client/CMakeFiles/hello_serial_client.dir/home/umar/.freertos/tasks.c.o
                0x10007db0                xTaskIncrementTick
 .text.vTaskSwitchContext
                0x10007f7c       0xa0 examples/hello_serial_client/CMakeFiles/hello_serial_client.dir/home/umar/.freertos/tasks.c.o
                0x10007f7c                vTaskSwitchContext
 .text.xTaskRemoveFromEventList
                0x1000801c       0xfc examples/hello_serial_client/CMakeFiles/hello_serial_client.dir/home/umar/.freertos/tasks.c.o
                0x1000801c                xTaskRemoveFromEventList
 .text.vTaskInternalSetTimeOutState
                0x10008118       0x18 examples/hello_serial_client/CMakeFiles/hello_serial_client.dir/home/umar/.freertos/tasks.c.o
                0x10008118                vTaskInternalSetTimeOutState
 .text.vTaskMissedYield
                0x10008130       0x14 examples/hello_serial_client/CMakeFiles/hello_serial_client.dir/home/umar/.freertos/tasks.c.o
                0x10008130                vTaskMissedYield
 .text.xTaskGetCurrentTaskHandle
                0x10008144       0x1c examples/hello_serial_client/CMakeFiles/hello_serial_client.dir/home/umar/.freertos/tasks.c.o
                0x10008144                xTaskGetCurrentTaskHandle
 .text.prvAddCurrentTaskToDelayedList
                0x10008160       0xb8 examples/hello_serial_client/CMakeFiles/hello_serial_client.dir/home/umar/.freertos/tasks.c.o
 .text.vTaskPlaceOnEventList
                0x10008218       0x40 examples/hello_serial_client/CMakeFiles/hello_serial_client.dir/home/umar/.freertos/tasks.c.o
                0x10008218                vTaskPlaceOnEventList
 .text.vTaskPlaceOnUnorderedEventList
                0x10008258       0x8c examples/hello_serial_client/CMakeFiles/hello_serial_client.dir/home/umar/.freertos/tasks.c.o
                0x10008258                vTaskPlaceOnUnorderedEventList
 .text.vTaskPlaceOnEventListRestricted
                0x100082e4       0x68 examples/hello_serial_client/CMakeFiles/hello_serial_client.dir/home/umar/.freertos/tasks.c.o
                0x100082e4                vTaskPlaceOnEventListRestricted
 .text.xTaskPriorityDisinherit
                0x1000834c      0x118 examples/hello_serial_client/CMakeFiles/hello_serial_client.dir/home/umar/.freertos/tasks.c.o
                0x1000834c                xTaskPriorityDisinherit
 .text.vTaskYieldWithinAPI
                0x10008464       0x34 examples/hello_serial_client/CMakeFiles/hello_serial_client.dir/home/umar/.freertos/tasks.c.o
                0x10008464                vTaskYieldWithinAPI
 .text.vTaskEnterCritical
                0x10008498       0x68 examples/hello_serial_client/CMakeFiles/hello_serial_client.dir/home/umar/.freertos/tasks.c.o
                0x10008498                vTaskEnterCritical
 .text.vTaskEnterCriticalFromISR
                0x10008500       0x4c examples/hello_serial_client/CMakeFiles/hello_serial_client.dir/home/umar/.freertos/tasks.c.o
                0x10008500                vTaskEnterCriticalFromISR
 .text.vTaskExitCritical
                0x1000854c       0x80 examples/hello_serial_client/CMakeFiles/hello_serial_client.dir/home/umar/.freertos/tasks.c.o
                0x1000854c                vTaskExitCritical
 .text.prvCheckTasksWaitingTermination
                0x100085cc       0x64 examples/hello_serial_client/CMakeFiles/hello_serial_client.dir/home/umar/.freertos/tasks.c.o
 .text.prvIdleTask
                0x10008630       0x1c examples/hello_serial_client/CMakeFiles/hello_serial_client.dir/home/umar/.freertos/tasks.c.o
 .text.prvAddNewTaskToReadyList
                0x1000864c       0x9c examples/hello_serial_client/CMakeFiles/hello_serial_client.dir/home/umar/.freertos/tasks.c.o
 .text.xTaskCreate
                0x100086e8       0x2a examples/hello_serial_client/CMakeFiles/hello_serial_client.dir/home/umar/.freertos/tasks.c.o
                0x100086e8                xTaskCreate
 *fill*         0x10008712        0x2 
 .text.prvCreateIdleTasks
                0x10008714       0x8c examples/hello_serial_client/CMakeFiles/hello_serial_client.dir/home/umar/.freertos/tasks.c.o
 .text.vTaskStartScheduler
                0x100087a0       0x64 examples/hello_serial_client/CMakeFiles/hello_serial_client.dir/home/umar/.freertos/tasks.c.o
                0x100087a0                vTaskStartScheduler
 .text.xTaskCreateAffinitySet
                0x10008804       0x28 examples/hello_serial_client/CMakeFiles/hello_serial_client.dir/home/umar/.freertos/tasks.c.o
                0x10008804                xTaskCreateAffinitySet
 .text.xTaskResumeAll
                0x1000882c      0x16c examples/hello_serial_client/CMakeFiles/hello_serial_client.dir/home/umar/.freertos/tasks.c.o
                0x1000882c                xTaskResumeAll
 .text.vTaskDelay
                0x10008998       0x48 examples/hello_serial_client/CMakeFiles/hello_serial_client.dir/home/umar/.freertos/tasks.c.o
                0x10008998                vTaskDelay
 .text.vTaskRemoveFromUnorderedEventList
                0x100089e0       0xec examples/hello_serial_client/CMakeFiles/hello_serial_client.dir/home/umar/.freertos/tasks.c.o
                0x100089e0                vTaskRemoveFromUnorderedEventList
 .text.xTaskCheckForTimeOut
                0x10008acc       0xbc examples/hello_serial_client/CMakeFiles/hello_serial_client.dir/home/umar/.freertos/tasks.c.o
                0x10008acc                xTaskCheckForTimeOut
 .text.xTaskGetSchedulerState
                0x10008b88       0x30 examples/hello_serial_client/CMakeFiles/hello_serial_client.dir/home/umar/.freertos/tasks.c.o
                0x10008b88                xTaskGetSchedulerState
 .text.vTaskExitCriticalFromISR
                0x10008bb8       0x64 examples/hello_serial_client/CMakeFiles/hello_serial_client.dir/home/umar/.freertos/tasks.c.o
                0x10008bb8                vTaskExitCriticalFromISR
 .text.uxTaskResetEventItemValue
                0x10008c1c       0x1c examples/hello_serial_client/CMakeFiles/hello_serial_client.dir/home/umar/.freertos/tasks.c.o
                0x10008c1c                uxTaskResetEventItemValue
 .text.prvGetNextExpireTime
                0x10008c38       0x24 examples/hello_serial_client/CMakeFiles/hello_serial_client.dir/home/umar/.freertos/timers.c.o
 .text.prvInsertTimerInActiveList
                0x10008c5c       0x48 examples/hello_serial_client/CMakeFiles/hello_serial_client.dir/home/umar/.freertos/timers.c.o
 .text.prvReloadTimer
                0x10008ca4       0x28 examples/hello_serial_client/CMakeFiles/hello_serial_client.dir/home/umar/.freertos/timers.c.o
 .text.prvProcessExpiredTimer
                0x10008ccc       0x3c examples/hello_serial_client/CMakeFiles/hello_serial_client.dir/home/umar/.freertos/timers.c.o
 .text.prvSwitchTimerLists
                0x10008d08       0x30 examples/hello_serial_client/CMakeFiles/hello_serial_client.dir/home/umar/.freertos/timers.c.o
 .text.prvSampleTimeNow
                0x10008d38       0x2c examples/hello_serial_client/CMakeFiles/hello_serial_client.dir/home/umar/.freertos/timers.c.o
 .text.prvProcessTimerOrBlockTask
                0x10008d64       0x70 examples/hello_serial_client/CMakeFiles/hello_serial_client.dir/home/umar/.freertos/timers.c.o
 .text.prvProcessReceivedCommands
                0x10008dd4      0x110 examples/hello_serial_client/CMakeFiles/hello_serial_client.dir/home/umar/.freertos/timers.c.o
 .text.prvTimerTask
                0x10008ee4       0x16 examples/hello_serial_client/CMakeFiles/hello_serial_client.dir/home/umar/.freertos/timers.c.o
 *fill*         0x10008efa        0x2 
 .text.prvCheckForValidListAndQueue
                0x10008efc       0x60 examples/hello_serial_client/CMakeFiles/hello_serial_client.dir/home/umar/.freertos/timers.c.o
 .text.xTimerCreateTimerTask