Archive member included to satisfy reference by file (symbol)

libs/TKJHAT/libTKJHAT_SDK.a(sdk.c.o)
                              examples/hat_imu_cdc_ex/CMakeFiles/hat_imu_cdc_ex.dir/src/main.c.o (init_led)
libs/TKJHAT/libTKJHAT_SDK.a(ssd1306.c.o)
                              libs/TKJHAT/libTKJHAT_SDK.a(sdk.c.o) (ssd1306_init)
libs/TKJHAT/libTKJHAT_SDK.a(pdm_microphone.c.o)
                              libs/TKJHAT/libTKJHAT_SDK.a(sdk.c.o) (pdm_microphone_init)
libs/TKJHAT/libTKJHAT_SDK.a(OpenPDMFilter.c.o)
                              libs/TKJHAT/libTKJHAT_SDK.a(pdm_microphone.c.o) (Open_PDM_Filter_Init)
libs/usb-serial-debug/libusb_serial_debug.a(usb_descriptors.c.o)
                              examples/hat_imu_cdc_ex/CMakeFiles/hat_imu_cdc_ex.dir/home/umar/.pico-sdk/sdk/2.2.0/lib/tinyusb/src/device/usbd.c.o (tud_descriptor_device_cb)
libs/usb-serial-debug/libusb_serial_debug.a(helper.c.o)
                              examples/hat_imu_cdc_ex/CMakeFiles/hat_imu_cdc_ex.dir/src/main.c.o (usb_serial_init)
/home/umar/.pico-sdk/toolchain/14_2_Rel1/bin/../lib/gcc/arm-none-eabi/14.2.1/thumb/v6-m/nofp/libgcc.a(_dvmd_tls.o)
                              examples/hat_imu_cdc_ex/CMakeFiles/hat_imu_cdc_ex.dir/home/umar/.pico-sdk/sdk/2.2.0/src/rp2_common/pico_divider/divider_hardware.S.o (__aeabi_idiv0)
/home/umar/.pico-sdk/toolchain/14_2_Rel1/bin/../lib/gcc/arm-none-eabi/14.2.1/../../../../arm-none-eabi/lib/thumb/v6-m/nofp/libg.a(libc_a-calloc.o)
                              examples/hat_imu_cdc_ex/CMakeFiles/hat_imu_cdc_ex.dir/home/umar/.pico-sdk/sdk/2.2.0/src/rp2_common/pico_malloc/malloc.c.o (calloc)
/home/umar/.pico-sdk/toolchain/14_2_Rel1/bin/../lib/gcc/arm-none-eabi/14.2.1/../../../../arm-none-eabi/lib/thumb/v6-m/nofp/libg.a(libc_a-callocr.o)
                              /home/umar/.pico-sdk/toolchain/14_2_Rel1/bin/../lib/gcc/arm-none-eabi/14.2.1/../../../../arm-none-eabi/lib/thumb/v6-m/nofp/libg.a(libc_a-calloc.o) (_calloc_r)
/home/umar/.pico-sdk/toolchain/14_2_Rel1/bin/../lib/gcc/arm-none-eabi/14.2.1/../../../../arm-none-eabi/lib/thumb/v6-m/nofp/libg.a(libc_a-malloc.o)
                              examples/hat_imu_cdc_ex/CMakeFiles/hat_imu_cdc_ex.dir/home/umar/.pico-sdk/sdk/2.2.0/src/rp2_common/pico_malloc/malloc.c.o (malloc)
/home/umar/.pico-sdk/toolchain/14_2_Rel1/bin/../lib/gcc/arm-none-eabi/14.2.1/../../../../arm-none-eabi/lib/thumb/v6-m/nofp/libg.a(libc_a-mallocr.o)
                              /home/umar/.pico-sdk/toolchain/14_2_Rel1/bin/../lib/gcc/arm-none-eabi/14.2.1/../../../../arm-none-eabi/lib/thumb/v6-m/nofp/libg.a(libc_a-callocr.o) (_malloc_r)
/home/umar/.pico-sdk/toolchain/14_2_Rel1/bin/../lib/gcc/arm-none-eabi/14.2.1/../../../../arm-none-eabi/lib/thumb/v6-m/nofp/libg.a(libc_a-mlock.o)
                              /home/umar/.pico-sdk/toolchain/14_2_Rel1/bin/../lib/gcc/arm-none-eabi/14.2.1/../../../../arm-none-eabi/lib/thumb/v6-m/nofp/libg.a(libc_a-mallocr.o) (__malloc_lock)
/home/umar/.pico-sdk/toolchain/14_2_Rel1/bin/../lib/gcc/arm-none-eabi/14.2.1/../../../../arm-none-eabi/lib/thumb/v6-m/nofp/libg.a(libc_a-realloc.o)
                              examples/hat_imu_cdc_ex/CMakeFiles/hat_imu_cdc_ex.dir/home/umar/.pico-sdk/sdk/2.2.0/src/rp2_common/pico_malloc/malloc.c.o (realloc)
/home/umar/.pico-sdk/toolchain/14_2_Rel1/bin/../lib/gcc/arm-none-eabi/14.2.1/../../../../arm-none-eabi/lib/thumb/v6-m/nofp/libg.a(libc_a-reallocr.o)
                              /home/umar/.pico-sdk/toolchain/14_2_Rel1/bin/../lib/gcc/arm-none-eabi/14.2.1/../../../../arm-none-eabi/lib/thumb/v6-m/nofp/libg.a(libc_a-realloc.o) (_realloc_r)
/home/umar/.pico-sdk/toolchain/14_2_Rel1/bin/../lib/gcc/arm-none-eabi/14.2.1/../../../../arm-none-eabi/lib/thumb/v6-m/nofp/libg.a(libc_a-ctype_.o)
                              examples/hat_imu_cdc_ex/CMakeFiles/hat_imu_cdc_ex.dir/home/umar/.pico-sdk/sdk/2.2.0/lib/tinyusb/src/tusb.c.o (_ctype_)
/home/umar/.pico-sdk/toolchain/14_2_Rel1/bin/../lib/gcc/arm-none-eabi/14.2.1/../../../../arm-none-eabi/lib/thumb/v6-m/nofp/libg.a(libc_a-memcmp.o)
                              examples/hat_imu_cdc_ex/CMakeFiles/hat_imu_cdc_ex.dir/home/umar/.pico-sdk/sdk/2.2.0/src/rp2_common/pico_atomic/atomic.c.o (memcmp)
/home/umar/.pico-sdk/toolchain/14_2_Rel1/bin/../lib/gcc/arm-none-eabi/14.2.1/../../../../arm-none-eabi/lib/thumb/v6-m/nofp/libg.a(libc_a-memmove.o)
                              /home/umar/.pico-sdk/toolchain/14_2_Rel1/bin/../lib/gcc/arm-none-eabi/14.2.1/../../../../arm-none-eabi/lib/thumb/v6-m/nofp/libg.a(libc_a-reallocr.o) (memmove)
/home/umar/.pico-sdk/toolchain/14_2_Rel1/bin/../lib/gcc/arm-none-eabi/14.2.1/../../../../arm-none-eabi/lib/thumb/v6-m/nofp/libg.a(libc_a-lcltime_r.o)
                              examples/hat_imu_cdc_ex/CMakeFiles/hat_imu_cdc_ex.dir/home/umar/.pico-sdk/sdk/2.2.0/src/common/pico_util/datetime.c.o (localtime_r)
/home/umar/.pico-sdk/toolchain/14_2_Rel1/bin/../lib/gcc/arm-none-eabi/14.2.1/../../../../arm-none-eabi/lib/thumb/v6-m/nofp/libg.a(libc_a-mktime.o)
[...]
Memory Configuration

Name             Origin             Length             Attributes
FLASH            0x10000000         0x00200000         xr
RAM              0x20000000         0x00040000         xrw
SCRATCH_X        0x20040000         0x00001000         xrw
SCRATCH_Y        0x20041000         0x00001000         xrw
*default*        0x00000000         0xffffffff

Linker script and memory map

LOAD /home/umar/.pico-sdk/toolchain/14_2_Rel1/bin/../lib/gcc/arm-none-eabi/14.2.1/thumb/v6-m/nofp/crti.o
LOAD /home/umar/.pico-sdk/toolchain/14_2_Rel1/bin/../lib/gcc/arm-none-eabi/14.2.1/thumb/v6-m/nofp/crtbegin.o
LOAD /home/umar/.pico-sdk/toolchain/14_2_Rel1/bin/../lib/gcc/arm-none-eabi/14.2.1/../../../../arm-none-eabi/lib/thumb/v6-m/nofp/crt0.o

.flash_begin    0x10000000        0x0
                0x10000000                        __flash_binary_start = .

.boot2          0x10000000      0x100
                0x10000000                        __boot2_start__ = .
 *(.boot2)
 .boot2         0x10000000      0x100 pico-sdk/src/rp2040/boot_stage2/CMakeFiles/bs2_default_library.dir/./bs2_default_padded_checksummed.S.o
                0x10000100                        __boot2_end__ = .
                0x00000001                        ASSERT (((__boot2_end__ - __boot2_start__) == 0x100), ERROR: Pico second stage bootloader must be 256 bytes in size)

.text           0x10000100     0x96d8
                0x10000100                        __logical_binary_start = .
 *(.vectors)
 .vectors       0x10000100       0xd4 examples/hat_imu_cdc_ex/CMakeFiles/hat_imu_cdc_ex.dir/home/umar/.pico-sdk/sdk/2.2.0/src/rp2_common/pico_crt0/crt0.S.o
                0x10000100                __vectors
                0x10000100                __VECTOR_TABLE
                0x100001c0                isr_irq30
                0x100001c0                __unhandled_user_irq
                0x100001c0                isr_irq13
                0x100001c0                isr_irq27
                0x100001c0                isr_irq31
                0x100001c0                isr_irq5
                0x100001c0                isr_irq11
                0x100001c0                isr_irq23
                0x100001c0                isr_irq18
                0x100001c0                isr_irq28
                0x100001c0                isr_irq19
                0x100001c0                isr_irq0
                0x100001c0                isr_irq6
                0x100001c0                isr_irq22
                0x100001c0                isr_irq17
                0x100001c0                isr_irq14
                0x100001c0                __vectors_end
                0x100001c0                __default_isrs_start
                0x100001c0                isr_irq2
                0x100001c0                isr_irq10
                0x100001c0                isr_irq8
                0x100001c0                isr_irq24
                0x100001c0                isr_irq1
                0x100001c0                isr_irq7
                0x100001c0                isr_irq21
                0x100001c0                isr_irq20
                0x100001c0                isr_irq15
                0x100001c0                isr_irq25
                0x100001c0                isr_irq4
                0x100001c0                isr_irq16
                0x100001c0                isr_irq29
                0x100001c0                isr_irq26
                0x100001c0                isr_irq3
                0x100001c0                isr_irq12
                0x100001c0                isr_irq9
                0x100001c6                unhandled_user_irq_num_in_r0
                0x100001c8                isr_invalid
                0x100001ca                isr_nmi
                0x100001cc                isr_hardfault
                0x100001ce                isr_svcall
                0x100001d0                isr_pendsv
                0x100001d2                isr_systick
                0x100001d4                __default_isrs_end
 *(.binary_info_header)
 .binary_info_header
                0x100001d4       0x14 examples/hat_imu_cdc_ex/CMakeFiles/hat_imu_cdc_ex.dir/home/umar/.pico-sdk/sdk/2.2.0/src/rp2_common/pico_crt0/crt0.S.o
                0x100001e8                        __binary_info_header_end = .
 *(.embedded_block)
                0x100001e8                        __embedded_block_end = .
 *(.reset)
 .reset         0x100001e8       0x9c examples/hat_imu_cdc_ex/CMakeFiles/hat_imu_cdc_ex.dir/home/umar/.pico-sdk/sdk/2.2.0/src/rp2_common/pico_crt0/crt0.S.o
                0x100001e8                _entry_point
 *(.init)
 .init          0x10000284        0x4 /home/umar/.pico-sdk/toolchain/14_2_Rel1/bin/../lib/gcc/arm-none-eabi/14.2.1/thumb/v6-m/nofp/crti.o
                0x10000284                _init
 *(EXCLUDE_FILE(*libm.a: *libc.a:*lib_a-mem*.o *libgcc.a:) .text*)
 .text.register_tm_clones
                0x10000288       0x28 /home/umar/.pico-sdk/toolchain/14_2_Rel1/bin/../lib/gcc/arm-none-eabi/14.2.1/thumb/v6-m/nofp/crtbegin.o
 .text.frame_dummy
                0x100002b0       0x24 /home/umar/.pico-sdk/toolchain/14_2_Rel1/bin/../lib/gcc/arm-none-eabi/14.2.1/thumb/v6-m/nofp/crtbegin.o
 .text.imu_task
                0x100002d4       0xc8 examples/hat_imu_cdc_ex/CMakeFiles/hat_imu_cdc_ex.dir/src/main.c.o
                0x100002d4                imu_task
 .text.usbTask  0x1000039c        0xe examples/hat_imu_cdc_ex/CMakeFiles/hat_imu_cdc_ex.dir/src/main.c.o
 *fill*         0x100003aa        0x2 
 .text.main     0x100003ac       0x74 examples/hat_imu_cdc_ex/CMakeFiles/hat_imu_cdc_ex.dir/src/main.c.o
                0x100003ac                main
 .text.gpio_set_function
                0x10000420       0x34 examples/hat_imu_cdc_ex/CMakeFiles/hat_imu_cdc_ex.dir/home/umar/.pico-sdk/sdk/2.2.0/src/rp2_common/hardware_gpio/gpio.c.o
                0x10000420                gpio_set_function
 .text.gpio_set_pulls
                0x10000454       0x38 examples/hat_imu_cdc_ex/CMakeFiles/hat_imu_cdc_ex.dir/home/umar/.pico-sdk/sdk/2.2.0/src/rp2_common/hardware_gpio/gpio.c.o
                0x10000454                gpio_set_pulls
 .text.gpio_init
                0x1000048c       0x16 examples/hat_imu_cdc_ex/CMakeFiles/hat_imu_cdc_ex.dir/home/umar/.pico-sdk/sdk/2.2.0/src/rp2_common/hardware_gpio/gpio.c.o
                0x1000048c                gpio_init
 *fill*         0x100004a2        0x2 
 .text.rp2040_chip_version
                0x100004a4       0x54 examples/hat_imu_cdc_ex/CMakeFiles/hat_imu_cdc_ex.dir/home/umar/.pico-sdk/sdk/2.2.0/src/rp2040/pico_platform/platform.c.o
                0x100004a4                rp2040_chip_version
 .text.panic    0x100004f8       0x30 examples/hat_imu_cdc_ex/CMakeFiles/hat_imu_cdc_ex.dir/home/umar/.pico-sdk/sdk/2.2.0/src/rp2_common/pico_platform_panic/panic.c.o
                0x100004f8                panic
 .text.panic_unsupported
                0x10000528        0xc examples/hat_imu_cdc_ex/CMakeFiles/hat_imu_cdc_ex.dir/home/umar/.pico-sdk/sdk/2.2.0/src/rp2_common/pico_platform_panic/panic.c.o
                0x10000528                panic_unsupported
 .text.hw_claim_lock
                0x10000534       0x18 examples/hat_imu_cdc_ex/CMakeFiles/hat_imu_cdc_ex.dir/home/umar/.pico-sdk/sdk/2.2.0/src/common/hardware_claim/claim.c.o
                0x10000534                hw_claim_lock
 .text.hw_claim_unlock
                0x1000054c       0x14 examples/hat_imu_cdc_ex/CMakeFiles/hat_imu_cdc_ex.dir/home/umar/.pico-sdk/sdk/2.2.0/src/common/hardware_claim/claim.c.o
                0x1000054c                hw_claim_unlock
 .text.hw_claim_or_assert
                0x10000560       0x32 examples/hat_imu_cdc_ex/CMakeFiles/hat_imu_cdc_ex.dir/home/umar/.pico-sdk/sdk/2.2.0/src/common/hardware_claim/claim.c.o
                0x10000560                hw_claim_or_assert
 *fill*         0x10000592        0x2 
 .text.next_striped_spin_lock_num
                0x10000594       0x1c examples/hat_imu_cdc_ex/CMakeFiles/hat_imu_cdc_ex.dir/home/umar/.pico-sdk/sdk/2.2.0/src/rp2_common/hardware_sync/sync.c.o
                0x10000594                next_striped_spin_lock_num
 .text.spin_lock_claim
                0x100005b0       0x18 examples/hat_imu_cdc_ex/CMakeFiles/hat_imu_cdc_ex.dir/home/umar/.pico-sdk/sdk/2.2.0/src/rp2_common/hardware_sync/sync.c.o
                0x100005b0                spin_lock_claim
 .text.spin_locks_reset
                0x100005c8       0x20 examples/hat_imu_cdc_ex/CMakeFiles/hat_imu_cdc_ex.dir/home/umar/.pico-sdk/sdk/2.2.0/src/rp2_common/hardware_sync_spin_lock/sync_spin_lock.c.o
                0x100005c8                spin_locks_reset
 .text.set_raw_irq_handler_and_unlock
                0x100005e8       0x28 examples/hat_imu_cdc_ex/CMakeFiles/hat_imu_cdc_ex.dir/home/umar/.pico-sdk/sdk/2.2.0/src/rp2_common/hardware_irq/irq.c.o
 .text.nvic_ipr0
                0x10000610        0x8 examples/hat_imu_cdc_ex/CMakeFiles/hat_imu_cdc_ex.dir/home/umar/.pico-sdk/sdk/2.2.0/src/rp2_common/hardware_irq/irq.c.o
 .text.runtime_init_per_core_irq_priorities
                0x10000618       0x1c examples/hat_imu_cdc_ex/CMakeFiles/hat_imu_cdc_ex.dir/home/umar/.pico-sdk/sdk/2.2.0/src/rp2_common/hardware_irq/irq.c.o
                0x10000618                runtime_init_per_core_irq_priorities
 .text.resolve_j_16
                0x10000634       0x30 examples/hat_imu_cdc_ex/CMakeFiles/hat_imu_cdc_ex.dir/home/umar/.pico-sdk/sdk/2.2.0/src/rp2_common/hardware_irq/irq.c.o
 .text.make_j_16
                0x10000664       0x48 examples/hat_imu_cdc_ex/CMakeFiles/hat_imu_cdc_ex.dir/home/umar/.pico-sdk/sdk/2.2.0/src/rp2_common/hardware_irq/irq.c.o
 .text.irq_is_enabled
                0x100006ac       0x18 examples/hat_imu_cdc_ex/CMakeFiles/hat_imu_cdc_ex.dir/home/umar/.pico-sdk/sdk/2.2.0/src/rp2_common/hardware_irq/irq.c.o
                0x100006ac                irq_is_enabled
 .text.irq_set_mask_n_enabled
                0x100006c4       0x1c examples/hat_imu_cdc_ex/CMakeFiles/hat_imu_cdc_ex.dir/home/umar/.pico-sdk/sdk/2.2.0/src/rp2_common/hardware_irq/irq.c.o
                0x100006c4                irq_set_mask_n_enabled
 .text.irq_set_enabled
                0x100006e0       0x14 examples/hat_imu_cdc_ex/CMakeFiles/hat_imu_cdc_ex.dir/home/umar/.pico-sdk/sdk/2.2.0/src/rp2_common/hardware_irq/irq.c.o
                0x100006e0                irq_set_enabled
 .text.irq_get_vtable_handler
                0x100006f4       0x10 examples/hat_imu_cdc_ex/CMakeFiles/hat_imu_cdc_ex.dir/home/umar/.pico-sdk/sdk/2.2.0/src/rp2_common/hardware_irq/irq.c.o
                0x100006f4                irq_get_vtable_handler
 .text.irq_set_exclusive_handler
                0x10000704       0x54 examples/hat_imu_cdc_ex/CMakeFiles/hat_imu_cdc_ex.dir/home/umar/.pico-sdk/sdk/2.2.0/src/rp2_common/hardware_irq/irq.c.o
                0x10000704                irq_set_exclusive_handler
 .text.irq_add_shared_handler
                0x10000758      0x218 examples/hat_imu_cdc_ex/CMakeFiles/hat_imu_cdc_ex.dir/home/umar/.pico-sdk/sdk/2.2.0/src/rp2_common/hardware_irq/irq.c.o
                0x10000758                irq_add_shared_handler
 .text.irq_set_priority
                0x10000970       0x26 examples/hat_imu_cdc_ex/CMakeFiles/hat_imu_cdc_ex.dir/home/umar/.pico-sdk/sdk/2.2.0/src/rp2_common/hardware_irq/irq.c.o
                0x10000970                irq_set_priority
 *fill*         0x10000996        0x2 
 .text.irq_add_tail_to_free_list
                0x10000998       0xf4 examples/hat_imu_cdc_ex/CMakeFiles/hat_imu_cdc_ex.dir/home/umar/.pico-sdk/sdk/2.2.0/src/rp2_common/hardware_irq/irq.c.o
                0x10000998                irq_add_tail_to_free_list
 .text.lock_init
                0x10000a8c       0x10 examples/hat_imu_cdc_ex/CMakeFiles/hat_imu_cdc_ex.dir/home/umar/.pico-sdk/sdk/2.2.0/src/common/pico_sync/lock_core.c.o
                0x10000a8c                lock_init
 .text.mutex_init
                0x10000a9c       0x1c examples/hat_imu_cdc_ex/CMakeFiles/hat_imu_cdc_ex.dir/home/umar/.pico-sdk/sdk/2.2.0/src/common/pico_sync/mutex.c.o
                0x10000a9c                mutex_init
 .text.recursive_mutex_init
                0x10000ab8       0x20 examples/hat_imu_cdc_ex/CMakeFiles/hat_imu_cdc_ex.dir/home/umar/.pico-sdk/sdk/2.2.0/src/common/pico_sync/mutex.c.o
                0x10000ab8                recursive_mutex_init
 .text.runtime_init_mutex
                0x10000ad8       0x4c examples/hat_imu_cdc_ex/CMakeFiles/hat_imu_cdc_ex.dir/home/umar/.pico-sdk/sdk/2.2.0/src/common/pico_sync/mutex.c.o
                0x10000ad8                runtime_init_mutex
 .text.ta_set_timeout
                0x10000b24       0x24 examples/hat_imu_cdc_ex/CMakeFiles/hat_imu_cdc_ex.dir/home/umar/.pico-sdk/sdk/2.2.0/src/common/pico_time/time.c.o
 .text.make_alarm_id
                0x10000b48        0x6 examples/hat_imu_cdc_ex/CMakeFiles/hat_imu_cdc_ex.dir/home/umar/.pico-sdk/sdk/2.2.0/src/common/pico_time/time.c.o
 *fill*         0x10000b4e        0x2 
 .text.alarm_pool_irq_handler
                0x10000b50      0x2f0 examples/hat_imu_cdc_ex/CMakeFiles/hat_imu_cdc_ex.dir/home/umar/.pico-sdk/sdk/2.2.0/src/common/pico_time/time.c.o
 .text.ta_enable_irq_handler
                0x10000e40       0x2c examples/hat_imu_cdc_ex/CMakeFiles/hat_imu_cdc_ex.dir/home/umar/.pico-sdk/sdk/2.2.0/src/common/pico_time/time.c.o
 .text.alarm_pool_post_alloc_init
                0x10000e6c       0x78 examples/hat_imu_cdc_ex/CMakeFiles/hat_imu_cdc_ex.dir/home/umar/.pico-sdk/sdk/2.2.0/src/common/pico_time/time.c.o
 .text.sleep_until_callback
                0x10000ee4       0x28 examples/hat_imu_cdc_ex/CMakeFiles/hat_imu_cdc_ex.dir/home/umar/.pico-sdk/sdk/2.2.0/src/common/pico_time/time.c.o
 .text.alarm_pool_get_default
                0x10000f0c       0x2c examples/hat_imu_cdc_ex/CMakeFiles/hat_imu_cdc_ex.dir/home/umar/.pico-sdk/sdk/2.2.0/src/common/pico_time/time.c.o
                0x10000f0c                alarm_pool_get_default
 .text.alarm_pool_add_alarm_at_force_in_context
                0x10000f38       0xa4 examples/hat_imu_cdc_ex/CMakeFiles/hat_imu_cdc_ex.dir/home/umar/.pico-sdk/sdk/2.2.0/src/common/pico_time/time.c.o
                0x10000f38                alarm_pool_add_alarm_at_force_in_context
 .text.alarm_pool_add_alarm_at
                0x10000fdc       0x3c examples/hat_imu_cdc_ex/CMakeFiles/hat_imu_cdc_ex.dir/home/umar/.pico-sdk/sdk/2.2.0/src/common/pico_time/time.c.o
                0x10000fdc                alarm_pool_add_alarm_at
 .text.add_alarm_at
                0x10001018       0x2e examples/hat_imu_cdc_ex/CMakeFiles/hat_imu_cdc_ex.dir/home/umar/.pico-sdk/sdk/2.2.0/src/common/pico_time/time.c.o
 *fill*         0x10001046        0x2 
 .text.alarm_pool_cancel_alarm
                0x10001048       0x78 examples/hat_imu_cdc_ex/CMakeFiles/hat_imu_cdc_ex.dir/home/umar/.pico-sdk/sdk/2.2.0/src/common/pico_time/time.c.o
                0x10001048                alarm_pool_cancel_alarm
 .text.cancel_alarm
                0x100010c0       0x10 examples/hat_imu_cdc_ex/CMakeFiles/hat_imu_cdc_ex.dir/home/umar/.pico-sdk/sdk/2.2.0/src/common/pico_time/time.c.o
 .text.sleep_until
                0x100010d0       0xa4 examples/hat_imu_cdc_ex/CMakeFiles/hat_imu_cdc_ex.dir/home/umar/.pico-sdk/sdk/2.2.0/src/common/pico_time/time.c.o
                0x100010d0                sleep_until
 .text.sleep_us
                0x10001174       0x24 examples/hat_imu_cdc_ex/CMakeFiles/hat_imu_cdc_ex.dir/home/umar/.pico-sdk/sdk/2.2.0/src/common/pico_time/time.c.o
                0x10001174                sleep_us
 .text.sleep_ms
                0x10001198       0x14 examples/hat_imu_cdc_ex/CMakeFiles/hat_imu_cdc_ex.dir/home/umar/.pico-sdk/sdk/2.2.0/src/common/pico_time/time.c.o
                0x10001198                sleep_ms
 .text.best_effort_wfe_or_timeout
                0x100011ac      0x11c examples/hat_imu_cdc_ex/CMakeFiles/hat_imu_cdc_ex.dir/home/umar/.pico-sdk/sdk/2.2.0/src/common/pico_time/time.c.o
                0x100011ac                best_effort_wfe_or_timeout
 .text.alarm_pool_get_default_timer
                0x100012c8        0x8 examples/hat_imu_cdc_ex/CMakeFiles/hat_imu_cdc_ex.dir/home/umar/.pico-sdk/sdk/2.2.0/src/common/pico_time/time.c.o
                0x100012c8                alarm_pool_get_default_timer
 .text.runtime_init_default_alarm_pool
                0x100012d0       0x38 examples/hat_imu_cdc_ex/CMakeFiles/hat_imu_cdc_ex.dir/home/umar/.pico-sdk/sdk/2.2.0/src/common/pico_time/time.c.o
                0x100012d0                runtime_init_default_alarm_pool
 .text.timer_hardware_alarm_claim
                0x10001308       0x14 examples/hat_imu_cdc_ex/CMakeFiles/hat_imu_cdc_ex.dir/home/umar/.pico-sdk/sdk/2.2.0/src/rp2_common/hardware_timer/timer.c.o
                0x10001308                timer_hardware_alarm_claim
 .text.timer_time_us_64
                0x1000131c       0x10 examples/hat_imu_cdc_ex/CMakeFiles/hat_imu_cdc_ex.dir/home/umar/.pico-sdk/sdk/2.2.0/src/rp2_common/hardware_timer/timer.c.o
                0x1000131c                timer_time_us_64
 .text.timer_busy_wait_until
                0x1000132c       0x1a examples/hat_imu_cdc_ex/CMakeFiles/hat_imu_cdc_ex.dir/home/umar/.pico-sdk/sdk/2.2.0/src/rp2_common/hardware_timer/timer.c.o
                0x1000132c                timer_busy_wait_until
 .text.timer_busy_wait_us
                0x10001346       0x38 examples/hat_imu_cdc_ex/CMakeFiles/hat_imu_cdc_ex.dir/home/umar/.pico-sdk/sdk/2.2.0/src/rp2_common/hardware_timer/timer.c.o
                0x10001346                timer_busy_wait_us
 *fill*         0x1000137e        0x2 
 .text.time_us_64
                0x10001380       0x10 examples/hat_imu_cdc_ex/CMakeFiles/hat_imu_cdc_ex.dir/home/umar/.pico-sdk/sdk/2.2.0/src/rp2_common/hardware_timer/timer.c.o
                0x10001380                time_us_64
 .text.busy_wait_us
                0x10001390       0x14 examples/hat_imu_cdc_ex/CMakeFiles/hat_imu_cdc_ex.dir/home/umar/.pico-sdk/sdk/2.2.0/src/rp2_common/hardware_timer/timer.c.o
                0x10001390                busy_wait_us
 .text.busy_wait_until
                0x100013a4       0x14 examples/hat_imu_cdc_ex/CMakeFiles/hat_imu_cdc_ex.dir/home/umar/.pico-sdk/sdk/2.2.0/src/rp2_common/hardware_timer/timer.c.o
                0x100013a4                busy_wait_until
 .text.clock_configure_internal
                0x100013b8       0xc4 examples/hat_imu_cdc_ex/CMakeFiles/hat_imu_cdc_ex.dir/home/umar/.pico-sdk/sdk/2.2.0/src/rp2_common/hardware_clocks/clocks.c.o
 .text.clock_configure_int_divider
                0x1000147c       0x28 examples/hat_imu_cdc_ex/CMakeFiles/hat_imu_cdc_ex.dir/home/umar/.pico-sdk/sdk/2.2.0/src/rp2_common/hardware_clocks/clocks.c.o
                0x1000147c                clock_configure_int_divider
 .text.clock_configure_undivided
                0x100014a4       0x12 examples/hat_imu_cdc_ex/CMakeFiles/hat_imu_cdc_ex.dir/home/umar/.pico-sdk/sdk/2.2.0/src/rp2_common/hardware_clocks/clocks.c.o
                0x100014a4                clock_configure_undivided
 *fill*         0x100014b6        0x2 
 .text.clock_get_hz
                0x100014b8        0xc examples/hat_imu_cdc_ex/CMakeFiles/hat_imu_cdc_ex.dir/home/umar/.pico-sdk/sdk/2.2.0/src/rp2_common/hardware_clocks/clocks.c.o
                0x100014b8                clock_get_hz
 .text.pll_init
                0x100014c4      0x124 examples/hat_imu_cdc_ex/CMakeFiles/hat_imu_cdc_ex.dir/home/umar/.pico-sdk/sdk/2.2.0/src/rp2_common/hardware_pll/pll.c.o
                0x100014c4                pll_init
 .text.tick_start
                0x100015e8       0x10 examples/hat_imu_cdc_ex/CMakeFiles/hat_imu_cdc_ex.dir/home/umar/.pico-sdk/sdk/2.2.0/src/rp2_common/hardware_ticks/ticks.c.o
                0x100015e8                tick_start
 .text.rom_func_lookup
                0x100015f8       0x10 examples/hat_imu_cdc_ex/CMakeFiles/hat_imu_cdc_ex.dir/home/umar/.pico-sdk/sdk/2.2.0/src/rp2_common/pico_bootrom/bootrom.c.o
                0x100015f8                rom_func_lookup
 .text.rom_data_lookup
                0x10001608       0x10 examples/hat_imu_cdc_ex/CMakeFiles/hat_imu_cdc_ex.dir/home/umar/.pico-sdk/sdk/2.2.0/src/rp2_common/pico_bootrom/bootrom.c.o
                0x10001608                rom_data_lookup
 .text.rom_funcs_lookup
                0x10001618       0x36 examples/hat_imu_cdc_ex/CMakeFiles/hat_imu_cdc_ex.dir/home/umar/.pico-sdk/sdk/2.2.0/src/rp2_common/pico_bootrom/bootrom.c.o
                0x10001618                rom_funcs_lookup
 *fill*         0x1000164e        0x2 
 .text.xosc_init
                0x10001650       0x2c examples/hat_imu_cdc_ex/CMakeFiles/hat_imu_cdc_ex.dir/home/umar/.pico-sdk/sdk/2.2.0/src/rp2_common/hardware_xosc/xosc.c.o
                0x10001650                xosc_init
 .text.runtime_run_initializers_from
                0x1000167c       0x18 examples/hat_imu_cdc_ex/CMakeFiles/hat_imu_cdc_ex.dir/home/umar/.pico-sdk/sdk/2.2.0/src/rp2_common/pico_runtime/runtime.c.o
 .text.first_per_core_initializer
                0x10001694        0x2 examples/hat_imu_cdc_ex/CMakeFiles/hat_imu_cdc_ex.dir/home/umar/.pico-sdk/sdk/2.2.0/src/rp2_common/pico_runtime/runtime.c.o
 *fill*         0x10001696        0x2 
 .text.runtime_run_initializers
                0x10001698       0x10 examples/hat_imu_cdc_ex/CMakeFiles/hat_imu_cdc_ex.dir/home/umar/.pico-sdk/sdk/2.2.0/src/rp2_common/pico_runtime/runtime.c.o
                0x10001698                runtime_run_initializers
 .text.runtime_run_per_core_initializers
                0x100016a8       0x10 examples/hat_imu_cdc_ex/CMakeFiles/hat_imu_cdc_ex.dir/home/umar/.pico-sdk/sdk/2.2.0/src/rp2_common/pico_runtime/runtime.c.o
                0x100016a8                runtime_run_per_core_initializers
 .text.runtime_init_early_resets
                0x100016b8       0x2c examples/hat_imu_cdc_ex/CMakeFiles/hat_imu_cdc_ex.dir/home/umar/.pico-sdk/sdk/2.2.0/src/rp2_common/pico_runtime_init/runtime_init.c.o
                0x100016b8                runtime_init_early_resets
 .text.runtime_init_usb_power_down
                0x100016e4       0x1c examples/hat_imu_cdc_ex/CMakeFiles/hat_imu_cdc_ex.dir/home/umar/.pico-sdk/sdk/2.2.0/src/rp2_common/pico_runtime_init/runtime_init.c.o
                0x100016e4                runtime_init_usb_power_down
 .text.runtime_init_post_clock_resets
                0x10001700       0x20 examples/hat_imu_cdc_ex/CMakeFiles/hat_imu_cdc_ex.dir/home/umar/.pico-sdk/sdk/2.2.0/src/rp2_common/pico_runtime_init/runtime_init.c.o
                0x10001700                runtime_init_post_clock_resets
 .text.runtime_init_rp2040_gpio_ie_disable
                0x10001720       0x14 examples/hat_imu_cdc_ex/CMakeFiles/hat_imu_cdc_ex.dir/home/umar/.pico-sdk/sdk/2.2.0/src/rp2_common/pico_runtime_init/runtime_init.c.o
                0x10001720                runtime_init_rp2040_gpio_ie_disable
 .text.runtime_init_spin_locks_reset
                0x10001734        0x8 examples/hat_imu_cdc_ex/CMakeFiles/hat_imu_cdc_ex.dir/home/umar/.pico-sdk/sdk/2.2.0/src/rp2_common/pico_runtime_init/runtime_init.c.o
                0x10001734                runtime_init_spin_locks_reset
 .text.runtime_init_install_ram_vector_table
                0x1000173c       0x48 examples/hat_imu_cdc_ex/CMakeFiles/hat_imu_cdc_ex.dir/home/umar/.pico-sdk/sdk/2.2.0/src/rp2_common/pico_runtime_init/runtime_init.c.o
                0x1000173c                runtime_init_install_ram_vector_table
 .text.start_all_ticks
                0x10001784       0x28 examples/hat_imu_cdc_ex/CMakeFiles/hat_imu_cdc_ex.dir/home/umar/.pico-sdk/sdk/2.2.0/src/rp2_common/pico_runtime_init/runtime_init_clocks.c.o
 .text.runtime_init_clocks
                0x100017ac       0xcc examples/hat_imu_cdc_ex/CMakeFiles/hat_imu_cdc_ex.dir/home/umar/.pico-sdk/sdk/2.2.0/src/rp2_common/pico_runtime_init/runtime_init_clocks.c.o
                0x100017ac                runtime_init_clocks
 .text          0x10001878       0x10 examples/hat_imu_cdc_ex/CMakeFiles/hat_imu_cdc_ex.dir/home/umar/.pico-sdk/sdk/2.2.0/src/rp2_common/pico_bit_ops/bit_ops_aeabi.S.o
 .text.__wrap___aeabi_idiv
                0x10001888       0x50 examples/hat_imu_cdc_ex/CMakeFiles/hat_imu_cdc_ex.dir/home/umar/.pico-sdk/sdk/2.2.0/src/rp2_common/pico_divider/divider_hardware.S.o
                0x10001888                __wrap___aeabi_idivmod
                0x10001888                divmod_s32s32
                0x10001888                div_s32s32
                0x10001888                __wrap___aeabi_idiv
                0x10001890                divmod_s32s32_unsafe
                0x100018bc                divmod_s32s32_savestate
 .text.__wrap___aeabi_uidiv
                0x100018d8       0x4c examples/hat_imu_cdc_ex/CMakeFiles/hat_imu_cdc_ex.dir/home/umar/.pico-sdk/sdk/2.2.0/src/rp2_common/pico_divider/divider_hardware.S.o
                0x100018d8                __wrap___aeabi_uidiv
                0x100018d8                __wrap___aeabi_uidivmod
                0x100018d8                div_u32u32
                0x100018d8                divmod_u32u32
                0x100018e0                divmod_u32u32_unsafe
                0x10001908                divmod_u32u32_savestate
 .text.__wrap___aeabi_ldiv
                0x10001924      0x424 examples/hat_imu_cdc_ex/CMakeFiles/hat_imu_cdc_ex.dir/home/umar/.pico-sdk/sdk/2.2.0/src/rp2_common/pico_divider/divider_hardware.S.o
                0x10001924                div_s64s64
                0x10001924                divmod_s64s64
                0x10001924                __wrap___aeabi_ldivmod
                0x10001954                div_u64u64
                0x10001954                divmod_u64u64
                0x10001954                __wrap___aeabi_uldivmod
                0x10001964                divmod_u64u64_savestate
                0x10001984                divmod_s64s64_unsafe
                0x10001a0c                divmod_u64u64_unsafe
 .text.__wrap___aeabi_darithmetic
                0x10001d48       0x60 examples/hat_imu_cdc_ex/CMakeFiles/hat_imu_cdc_ex.dir/home/umar/.pico-sdk/sdk/2.2.0/src/rp2_common/pico_double/double_aeabi_rp2040.S.o
                0x10001d48                __wrap___aeabi_drsub
                0x10001d4e                __wrap___aeabi_dsub
                0x10001d58                __wrap___aeabi_dadd
                0x10001d62                __wrap___aeabi_ddiv
                0x10001d96                __wrap___aeabi_dmul
 .text.__wrap___aeabi_cdcmple
                0x10001da8       0x6c examples/hat_imu_cdc_ex/CMakeFiles/hat_imu_cdc_ex.dir/home/umar/.pico-sdk/sdk/2.2.0/src/rp2_common/pico_double/double_aeabi_rp2040.S.o
                0x10001da8                __wrap___aeabi_cdrcmple
                0x10001db8                __wrap___aeabi_cdcmple
                0x10001db8                __wrap___aeabi_cdcmpeq
 .text.__wrap___aeabi_dcmplt
                0x10001e14        0xc examples/hat_imu_cdc_ex/CMakeFiles/hat_imu_cdc_ex.dir/home/umar/.pico-sdk/sdk/2.2.0/src/rp2_common/pico_double/double_aeabi_rp2040.S.o
                0x10001e14                __wrap___aeabi_dcmplt
 .text.__wrap___aeabi_dcmple
                0x10001e20       0x10 examples/hat_imu_cdc_ex/CMakeFiles/hat_imu_cdc_ex.dir/home/umar/.pico-sdk/sdk/2.2.0/src/rp2_common/pico_double/double_aeabi_rp2040.S.o
                0x10001e20                __wrap___aeabi_dcmple
 .text.__wrap___aeabi_dcmpge
                0x10001e30       0x10 examples/hat_imu_cdc_ex/CMakeFiles/hat_imu_cdc_ex.dir/home/umar/.pico-sdk/sdk/2.2.0/src/rp2_common/pico_double/double_aeabi_rp2040.S.o
                0x10001e30                __wrap___aeabi_dcmpge
 .text.__wrap___aeabi_dcmpgt
                0x10001e40        0xa examples/hat_imu_cdc_ex/CMakeFiles/hat_imu_cdc_ex.dir/home/umar/.pico-sdk/sdk/2.2.0/src/rp2_common/pico_double/double_aeabi_rp2040.S.o
                0x10001e40                __wrap___aeabi_dcmpgt
 .text.__wrap___aeabi_dcmpun
                0x10001e4a       0x18 examples/hat_imu_cdc_ex/CMakeFiles/hat_imu_cdc_ex.dir/home/umar/.pico-sdk/sdk/2.2.0/src/rp2_common/pico_double/double_aeabi_rp2040.S.o
                0x10001e4a                __wrap___aeabi_dcmpun
 *fill*         0x10001e62        0x2 
 .text.__wrap___aeabi_i2d
                0x10001e64       0x38 examples/hat_imu_cdc_ex/CMakeFiles/hat_imu_cdc_ex.dir/home/umar/.pico-sdk/sdk/2.2.0/src/rp2_common/pico_double/double_aeabi_rp2040.S.o
                0x10001e64                __wrap___aeabi_ui2d
                0x10001e64                uint2double
                0x10001e6c                __wrap___aeabi_i2d
                0x10001e6c                int2double
 .text.__wrap___aeabi_d2iz
                0x10001e9c       0x48 examples/hat_imu_cdc_ex/CMakeFiles/hat_imu_cdc_ex.dir/home/umar/.pico-sdk/sdk/2.2.0/src/rp2_common/pico_double/double_aeabi_rp2040.S.o
                0x10001e9c                __wrap___aeabi_d2iz
                0x10001e9c                double2int_z
 .text.__wrap___aeabi_d2uiz
                0x10001ee4       0x10 examples/hat_imu_cdc_ex/CMakeFiles/hat_imu_cdc_ex.dir/home/umar/.pico-sdk/sdk/2.2.0/src/rp2_common/pico_double/double_aeabi_rp2040.S.o
                0x10001ee4                double2uint_z
                0x10001ee4                double2uint
                0x10001ee4                __wrap___aeabi_d2uiz
 .text.missing_double_func_shim
                0x10001ef4        0xc examples/hat_imu_cdc_ex/CMakeFiles/hat_imu_cdc_ex.dir/home/umar/.pico-sdk/sdk/2.2.0/src/rp2_common/pico_double/double_init_rom_rp2040.c.o
 .text.__aeabi_double_init
                0x10001f00       0xd0 examples/hat_imu_cdc_ex/CMakeFiles/hat_imu_cdc_ex.dir/home/umar/.pico-sdk/sdk/2.2.0/src/rp2_common/pico_double/double_init_rom_rp2040.c.o
                0x10001f00                __aeabi_double_init
 .text.double_table_shim_on_use_helper
                0x10001fd0       0x34 examples/hat_imu_cdc_ex/CMakeFiles/hat_imu_cdc_ex.dir/home/umar/.pico-sdk/sdk/2.2.0/src/rp2_common/pico_double/double_v1_rom_shim_rp2040.S.o
                0x10001fd0                double_table_shim_on_use_helper
 .text.__aeabi_lmul
                0x10002004       0x32 examples/hat_imu_cdc_ex/CMakeFiles/hat_imu_cdc_ex.dir/home/umar/.pico-sdk/sdk/2.2.0/src/rp2_common/pico_int64_ops/pico_int64_ops_aeabi.S.o
                0x10002004                __wrap___aeabi_lmul
 *fill*         0x10002036        0x2 
 .text.__wrap___aeabi_farithmetic
                0x10002038       0x48 examples/hat_imu_cdc_ex/CMakeFiles/hat_imu_cdc_ex.dir/home/umar/.pico-sdk/sdk/2.2.0/src/rp2_common/pico_float/float_aeabi_rp2040.S.o
                0x10002038                __wrap___aeabi_frsub
                0x1000203e                __wrap___aeabi_fsub
                0x10002044                __wrap___aeabi_fadd
                0x1000204a                __wrap___aeabi_fdiv
                0x10002072                __wrap___aeabi_fmul
 .text.__wrap___aeabi_i2f
                0x10002080       0x44 examples/hat_imu_cdc_ex/CMakeFiles/hat_imu_cdc_ex.dir/home/umar/.pico-sdk/sdk/2.2.0/src/rp2_common/pico_float/float_aeabi_rp2040.S.o
                0x10002080                int2float
                0x10002080                __wrap___aeabi_i2f
 .text.__wrap___aeabi_f2d
                0x100020c4        0xc examples/hat_imu_cdc_ex/CMakeFiles/hat_imu_cdc_ex.dir/home/umar/.pico-sdk/sdk/2.2.0/src/rp2_common/pico_float/float_aeabi_rp2040.S.o
                0x100020c4                __wrap___aeabi_f2d
 .text.missing_float_func_shim
                0x100020d0        0xc examples/hat_imu_cdc_ex/CMakeFiles/hat_imu_cdc_ex.dir/home/umar/.pico-sdk/sdk/2.2.0/src/rp2_common/pico_float/float_init_rom_rp2040.c.o
 .text.__aeabi_float_init
                0x100020dc       0x88 examples/hat_imu_cdc_ex/CMakeFiles/hat_imu_cdc_ex.dir/home/umar/.pico-sdk/sdk/2.2.0/src/rp2_common/pico_float/float_init_rom_rp2040.c.o
                0x100020dc                __aeabi_float_init
 .text          0x10002164       0x10 examples/hat_imu_cdc_ex/CMakeFiles/hat_imu_cdc_ex.dir/home/umar/.pico-sdk/sdk/2.2.0/src/rp2_common/pico_mem_ops/mem_ops_aeabi.S.o
                0x10002164                __aeabi_mem_init
 .text.memset   0x10002174        0xc examples/hat_imu_cdc_ex/CMakeFiles/hat_imu_cdc_ex.dir/home/umar/.pico-sdk/sdk/2.2.0/src/rp2_common/pico_mem_ops/mem_ops_aeabi.S.o
                0x10002174                __wrap_memset
 .text.memcpy   0x10002180        0xc examples/hat_imu_cdc_ex/CMakeFiles/hat_imu_cdc_ex.dir/home/umar/.pico-sdk/sdk/2.2.0/src/rp2_common/pico_mem_ops/mem_ops_aeabi.S.o
                0x10002180                __wrap___aeabi_memcpy
                0x10002180                __wrap_memcpy
 .text._out_buffer
                0x1000218c        0x8 examples/hat_imu_cdc_ex/CMakeFiles/hat_imu_cdc_ex.dir/home/umar/.pico-sdk/sdk/2.2.0/src/rp2_common/pico_printf/printf.c.o
 .text._out_null
                0x10002194        0x2 examples/hat_imu_cdc_ex/CMakeFiles/hat_imu_cdc_ex.dir/home/umar/.pico-sdk/sdk/2.2.0/src/rp2_common/pico_printf/printf.c.o
 .text._out_fct
                0x10002196        0xe examples/hat_imu_cdc_ex/CMakeFiles/hat_imu_cdc_ex.dir/home/umar/.pico-sdk/sdk/2.2.0/src/rp2_common/pico_printf/printf.c.o
 .text._atoi    0x100021a4       0x24 examples/hat_imu_cdc_ex/CMakeFiles/hat_imu_cdc_ex.dir/home/umar/.pico-sdk/sdk/2.2.0/src/rp2_common/pico_printf/printf.c.o
 .text._out_rev
                0x100021c8       0xb0 examples/hat_imu_cdc_ex/CMakeFiles/hat_imu_cdc_ex.dir/home/umar/.pico-sdk/sdk/2.2.0/src/rp2_common/pico_printf/printf.c.o
 .text._ntoa_format
                0x10002278      0x10e examples/hat_imu_cdc_ex/CMakeFiles/hat_imu_cdc_ex.dir/home/umar/.pico-sdk/sdk/2.2.0/src/rp2_common/pico_printf/printf.c.o
 .text._ntoa_long
                0x10002386       0xbc examples/hat_imu_cdc_ex/CMakeFiles/hat_imu_cdc_ex.dir/home/umar/.pico-sdk/sdk/2.2.0/src/rp2_common/pico_printf/printf.c.o
 .text._ntoa_long_long
                0x10002442      0x10e examples/hat_imu_cdc_ex/CMakeFiles/hat_imu_cdc_ex.dir/home/umar/.pico-sdk/sdk/2.2.0/src/rp2_common/pico_printf/printf.c.o
 .text._etoa    0x10002550      0x424 examples/hat_imu_cdc_ex/CMakeFiles/hat_imu_cdc_ex.dir/home/umar/.pico-sdk/sdk/2.2.0/src/rp2_common/pico_printf/printf.c.o
 .text._ftoa    0x10002974      0x348 examples/hat_imu_cdc_ex/CMakeFiles/hat_imu_cdc_ex.dir/home/umar/.pico-sdk/sdk/2.2.0/src/rp2_common/pico_printf/printf.c.o
 .text._vsnprintf
                0x10002cbc      0x6a4 examples/hat_imu_cdc_ex/CMakeFiles/hat_imu_cdc_ex.dir/home/umar/.pico-sdk/sdk/2.2.0/src/rp2_common/pico_printf/printf.c.o
 .text.__wrap_sprintf
                0x10003360       0x2c examples/hat_imu_cdc_ex/CMakeFiles/hat_imu_cdc_ex.dir/home/umar/.pico-sdk/sdk/2.2.0/src/rp2_common/pico_printf/printf.c.o
                0x10003360                __wrap_sprintf
 .text.vfctprintf
                0x1000338c       0x24 examples/hat_imu_cdc_ex/CMakeFiles/hat_imu_cdc_ex.dir/home/umar/.pico-sdk/sdk/2.2.0/src/rp2_common/pico_printf/printf.c.o
                0x1000338c                vfctprintf
 .text._exit    0x100033b0        0x4 examples/hat_imu_cdc_ex/CMakeFiles/hat_imu_cdc_ex.dir/home/umar/.pico-sdk/sdk/2.2.0/src/rp2_common/pico_clib_interface/newlib_interface.c.o
                0x100033b0                _exit
 .text.exit     0x100033b4        0x6 examples/hat_imu_cdc_ex/CMakeFiles/hat_imu_cdc_ex.dir/home/umar/.pico-sdk/sdk/2.2.0/src/rp2_common/pico_clib_interface/newlib_interface.c.o
                0x100033b4                exit
 *fill*         0x100033ba        0x2 
 .text.__assert_func
                0x100033bc       0x38 examples/hat_imu_cdc_ex/CMakeFiles/hat_imu_cdc_ex.dir/home/umar/.pico-sdk/sdk/2.2.0/src/rp2_common/pico_clib_interface/newlib_interface.c.o
                0x100033bc                __assert_func
 .text.runtime_init
                0x100033f4       0x28 examples/hat_imu_cdc_ex/CMakeFiles/hat_imu_cdc_ex.dir/home/umar/.pico-sdk/sdk/2.2.0/src/rp2_common/pico_clib_interface/newlib_interface.c.o
                0x100033f4                runtime_init
 .text.stdio_out_chars_no_crlf
                0x1000341c        0xe examples/hat_imu_cdc_ex/CMakeFiles/hat_imu_cdc_ex.dir/home/umar/.pico-sdk/sdk/2.2.0/src/rp2_common/pico_stdio/stdio.c.o
 *fill*         0x1000342a        0x2 
 .text.stdio_out_chars_crlf
                0x1000342c       0x80 examples/hat_imu_cdc_ex/CMakeFiles/hat_imu_cdc_ex.dir/home/umar/.pico-sdk/sdk/2.2.0/src/rp2_common/pico_stdio/stdio.c.o
 .text.stdio_stack_buffer_flush
                0x100034ac       0x44 examples/hat_imu_cdc_ex/CMakeFiles/hat_imu_cdc_ex.dir/home/umar/.pico-sdk/sdk/2.2.0/src/rp2_common/pico_stdio/stdio.c.o
 .text.stdio_buffered_printer
                0x100034f0       0x20 examples/hat_imu_cdc_ex/CMakeFiles/hat_imu_cdc_ex.dir/home/umar/.pico-sdk/sdk/2.2.0/src/rp2_common/pico_stdio/stdio.c.o
 .text.stdout_serialize_begin
                0x10003510       0x30 examples/hat_imu_cdc_ex/CMakeFiles/hat_imu_cdc_ex.dir/home/umar/.pico-sdk/sdk/2.2.0/src/rp2_common/pico_stdio/stdio.c.o
                0x10003510                stdout_serialize_begin
 .text.stdout_serialize_end
                0x10003540       0x10 examples/hat_imu_cdc_ex/CMakeFiles/hat_imu_cdc_ex.dir/home/umar/.pico-sdk/sdk/2.2.0/src/rp2_common/pico_stdio/stdio.c.o
                0x10003540                stdout_serialize_end
 .text.stdio_put_string
                0x10003550       0x94 examples/hat_imu_cdc_ex/CMakeFiles/hat_imu_cdc_ex.dir/home/umar/.pico-sdk/sdk/2.2.0/src/rp2_common/pico_stdio/stdio.c.o
                0x10003550                stdio_put_string
 .text.stdio_flush
                0x100035e4       0x20 examples/hat_imu_cdc_ex/CMakeFiles/hat_imu_cdc_ex.dir/home/umar/.pico-sdk/sdk/2.2.0/src/rp2_common/pico_stdio/stdio.c.o
                0x100035e4                stdio_flush
 .text.__wrap_puts
                0x10003604       0x1e examples/hat_imu_cdc_ex/CMakeFiles/hat_imu_cdc_ex.dir/home/umar/.pico-sdk/sdk/2.2.0/src/rp2_common/pico_stdio/stdio.c.o
                0x10003604                __wrap_puts
                0x10003604                stdio_puts
 *fill*         0x10003622        0x2 
 .text.__wrap_vprintf
                0x10003624       0x40 examples/hat_imu_cdc_ex/CMakeFiles/hat_imu_cdc_ex.dir/home/umar/.pico-sdk/sdk/2.2.0/src/rp2_common/pico_stdio/stdio.c.o
                0x10003624                __wrap_vprintf
                0x10003624                stdio_vprintf
 .text.__wrap_printf
                0x10003664       0x18 examples/hat_imu_cdc_ex/CMakeFiles/hat_imu_cdc_ex.dir/home/umar/.pico-sdk/sdk/2.2.0/src/rp2_common/pico_stdio/stdio.c.o
                0x10003664                stdio_printf
                0x10003664                __wrap_printf
 .text.vPortSVCHandler
                0x1000367c        0x2 examples/hat_imu_cdc_ex/CMakeFiles/hat_imu_cdc_ex.dir/home/umar/.freertos/portable/ThirdParty/GCC/RP2040/port.c.o
                0x1000367c                vPortSVCHandler
 *fill*         0x1000367e        0x2 
 .text.vPortStartFirstTask
                0x10003680       0x38 examples/hat_imu_cdc_ex/CMakeFiles/hat_imu_cdc_ex.dir/home/umar/.freertos/portable/ThirdParty/GCC/RP2040/port.c.o
 .text.prvFIFOInterruptHandler
                0x100036b8       0x28 examples/hat_imu_cdc_ex/CMakeFiles/hat_imu_cdc_ex.dir/home/umar/.freertos/portable/ThirdParty/GCC/RP2040/port.c.o
 .text.xPortPendSVHandler
                0x100036e0       0x78 examples/hat_imu_cdc_ex/CMakeFiles/hat_imu_cdc_ex.dir/home/umar/.freertos/portable/ThirdParty/GCC/RP2040/port.c.o
                0x100036e0                xPortPendSVHandler
 .text.prvTaskExitError
                0x10003758        0x6 examples/hat_imu_cdc_ex/CMakeFiles/hat_imu_cdc_ex.dir/home/umar/.freertos/portable/ThirdParty/GCC/RP2040/port.c.o
 *fill*         0x1000375e        0x2 
 .text.xPortSysTickHandler
                0x10003760       0x24 examples/hat_imu_cdc_ex/CMakeFiles/hat_imu_cdc_ex.dir/home/umar/.freertos/portable/ThirdParty/GCC/RP2040/port.c.o
                0x10003760                xPortSysTickHandler
 .text.prvGetTicksToWaitBefore
                0x10003784       0x40 examples/hat_imu_cdc_ex/CMakeFiles/hat_imu_cdc_ex.dir/home/umar/.freertos/portable/ThirdParty/GCC/RP2040/port.c.o
 .text.pxPortInitialiseStack
                0x100037c4       0x24 examples/hat_imu_cdc_ex/CMakeFiles/hat_imu_cdc_ex.dir/home/umar/.freertos/portable/ThirdParty/GCC/RP2040/port.c.o
                0x100037c4                pxPortInitialiseStack
 .text.vPortYield
                0x100037e8       0x18 examples/hat_imu_cdc_ex/CMakeFiles/hat_imu_cdc_ex.dir/home/umar/.freertos/portable/ThirdParty/GCC/RP2040/port.c.o
                0x100037e8                vPortYield
 .text.ulSetInterruptMaskFromISR
                0x10003800        0x8 examples/hat_imu_cdc_ex/CMakeFiles/hat_imu_cdc_ex.dir/home/umar/.freertos/portable/ThirdParty/GCC/RP2040/port.c.o
                0x10003800                ulSetInterruptMaskFromISR
 .text.vClearInterruptMaskFromISR
                0x10003808        0x6 examples/hat_imu_cdc_ex/CMakeFiles/hat_imu_cdc_ex.dir/home/umar/.freertos/portable/ThirdParty/GCC/RP2040/port.c.o
                0x10003808                vClearInterruptMaskFromISR
 *fill*         0x1000380e        0x2 
 .text.vYieldCore
                0x10003810       0x30 examples/hat_imu_cdc_ex/CMakeFiles/hat_imu_cdc_ex.dir/home/umar/.freertos/portable/ThirdParty/GCC/RP2040/port.c.o
                0x10003810                vYieldCore
 .text.vPortSetupTimerInterrupt
                0x10003840       0x34 examples/hat_imu_cdc_ex/CMakeFiles/hat_imu_cdc_ex.dir/home/umar/.freertos/portable/ThirdParty/GCC/RP2040/port.c.o
                0x10003840                vPortSetupTimerInterrupt
 .text.xPortStartSchedulerOnCore
                0x10003874       0xa8 examples/hat_imu_cdc_ex/CMakeFiles/hat_imu_cdc_ex.dir/home/umar/.freertos/portable/ThirdParty/GCC/RP2040/port.c.o
 .text.xPortStartScheduler
                0x1000391c       0x68 examples/hat_imu_cdc_ex/CMakeFiles/hat_imu_cdc_ex.dir/home/umar/.freertos/portable/ThirdParty/GCC/RP2040/port.c.o
                0x1000391c                xPortStartScheduler
 .text.prvDisableInterruptsAndPortStartSchedulerOnCore
                0x10003984        0x8 examples/hat_imu_cdc_ex/CMakeFiles/hat_imu_cdc_ex.dir/home/umar/.freertos/portable/ThirdParty/GCC/RP2040/port.c.o
 .text.ulPortLockGetCurrentOwnerId
                0x1000398c       0x30 examples/hat_imu_cdc_ex/CMakeFiles/hat_imu_cdc_ex.dir/home/umar/.freertos/portable/ThirdParty/GCC/RP2040/port.c.o
                0x1000398c                ulPortLockGetCurrentOwnerId
 .text.vPortLockInternalSpinUnlockWithWait
                0x100039bc       0xa0 examples/hat_imu_cdc_ex/CMakeFiles/hat_imu_cdc_ex.dir/home/umar/.freertos/portable/ThirdParty/GCC/RP2040/port.c.o
                0x100039bc                vPortLockInternalSpinUnlockWithWait
 .text.vPortLockInternalSpinUnlockWithNotify
                0x10003a5c       0x8c examples/hat_imu_cdc_ex/CMakeFiles/hat_imu_cdc_ex.dir/home/umar/.freertos/portable/ThirdParty/GCC/RP2040/port.c.o
                0x10003a5c                vPortLockInternalSpinUnlockWithNotify
 .text.xPortLockInternalSpinUnlockWithBestEffortWaitOrTimeout
                0x10003ae8       0xf0 examples/hat_imu_cdc_ex/CMakeFiles/hat_imu_cdc_ex.dir/home/umar/.freertos/portable/ThirdParty/GCC/RP2040/port.c.o
                0x10003ae8                xPortLockInternalSpinUnlockWithBestEffortWaitOrTimeout
 .text.prvRuntimeInitializer
                0x10003bd8       0x10 examples/hat_imu_cdc_ex/CMakeFiles/hat_imu_cdc_ex.dir/home/umar/.freertos/portable/ThirdParty/GCC/RP2040/port.c.o
 .text.prvTestWaitCondition
                0x10003be8       0x1e examples/hat_imu_cdc_ex/CMakeFiles/hat_imu_cdc_ex.dir/home/umar/.freertos/event_groups.c.o
 .text.xEventGroupCreate
                0x10003c06       0x18 examples/hat_imu_cdc_ex/CMakeFiles/hat_imu_cdc_ex.dir/home/umar/.freertos/event_groups.c.o
                0x10003c06                xEventGroupCreate
 *fill*         0x10003c1e        0x2 
 .text.xEventGroupWaitBits
                0x10003c20      0x120 examples/hat_imu_cdc_ex/CMakeFiles/hat_imu_cdc_ex.dir/home/umar/.freertos/event_groups.c.o
                0x10003c20                xEventGroupWaitBits
 .text.xEventGroupSetBits
                0x10003d40       0x9c examples/hat_imu_cdc_ex/CMakeFiles/hat_imu_cdc_ex.dir/home/umar/.freertos/event_groups.c.o
                0x10003d40                xEventGroupSetBits
 .text.vEventGroupSetBitsCallback
                0x10003ddc        0x8 examples/hat_imu_cdc_ex/CMakeFiles/hat_imu_cdc_ex.dir/home/umar/.freertos/event_groups.c.o
                0x10003ddc                vEventGroupSetBitsCallback
 .text.xEventGroupSetBitsFromISR
                0x10003de4       0x18 examples/hat_imu_cdc_ex/CMakeFiles/hat_imu_cdc_ex.dir/home/umar/.freertos/event_groups.c.o
                0x10003de4                xEventGroupSetBitsFromISR
 .text.vListInitialise
                0x10003dfc       0x16 examples/hat_imu_cdc_ex/CMakeFiles/hat_imu_cdc_ex.dir/home/umar/.freertos/list.c.o
                0x10003dfc                vListInitialise
 .text.vListInitialiseItem
                0x10003e12        0x6 examples/hat_imu_cdc_ex/CMakeFiles/hat_imu_cdc_ex.dir/home/umar/.freertos/list.c.o
                0x10003e12                vListInitialiseItem
 .text.vListInsertEnd
                0x10003e18       0x16 examples/hat_imu_cdc_ex/CMakeFiles/hat_imu_cdc_ex.dir/home/umar/.freertos/list.c.o
                0x10003e18                vListInsertEnd
 .text.vListInsert
                0x10003e2e       0x2e examples/hat_imu_cdc_ex/CMakeFiles/hat_imu_cdc_ex.dir/home/umar/.freertos/list.c.o
                0x10003e2e                vListInsert
 .text.uxListRemove
                0x10003e5c       0x24 examples/hat_imu_cdc_ex/CMakeFiles/hat_imu_cdc_ex.dir/home/umar/.freertos/list.c.o
                0x10003e5c                uxListRemove
 .text.prvGetHighestPriorityOfWaitToReceiveList
                0x10003e80       0x12 examples/hat_imu_cdc_ex/CMakeFiles/hat_imu_cdc_ex.dir/home/umar/.freertos/queue.c.o
 .text.prvIsQueueFull
                0x10003e92       0x1e examples/hat_imu_cdc_ex/CMakeFiles/hat_imu_cdc_ex.dir/home/umar/.freertos/queue.c.o
 .text.prvIsQueueEmpty
                0x10003eb0       0x1c examples/hat_imu_cdc_ex/CMakeFiles/hat_imu_cdc_ex.dir/home/umar/.freertos/queue.c.o
 .text.prvCopyDataToQueue
                0x10003ecc       0x7e examples/hat_imu_cdc_ex/CMakeFiles/hat_imu_cdc_ex.dir/home/umar/.freertos/queue.c.o
 .text.prvCopyDataFromQueue
                0x10003f4a       0x24 examples/hat_imu_cdc_ex/CMakeFiles/hat_imu_cdc_ex.dir/home/umar/.freertos/queue.c.o
 *fill*         0x10003f6e        0x2 
 .text.prvNotifyQueueSetContainer
                0x10003f70       0xa4 examples/hat_imu_cdc_ex/CMakeFiles/hat_imu_cdc_ex.dir/home/umar/.freertos/queue.c.o
 .text.prvUnlockQueue
                0x10004014       0x88 examples/hat_imu_cdc_ex/CMakeFiles/hat_imu_cdc_ex.dir/home/umar/.freertos/queue.c.o
 .text.xQueueGenericReset
                0x1000409c       0xd4 examples/hat_imu_cdc_ex/CMakeFiles/hat_imu_cdc_ex.dir/home/umar/.freertos/queue.c.o
                0x1000409c                xQueueGenericReset
 .text.prvInitialiseNewQueue
                0x10004170       0x26 examples/hat_imu_cdc_ex/CMakeFiles/hat_imu_cdc_ex.dir/home/umar/.freertos/queue.c.o
 *fill*         0x10004196        0x2 
 .text.xQueueGenericCreate
                0x10004198       0x88 examples/hat_imu_cdc_ex/CMakeFiles/hat_imu_cdc_ex.dir/home/umar/.freertos/queue.c.o
                0x10004198                xQueueGenericCreate
 .text.xQueueGenericSend
                0x10004220      0x18c examples/hat_imu_cdc_ex/CMakeFiles/hat_imu_cdc_ex.dir/home/umar/.freertos/queue.c.o
                0x10004220                xQueueGenericSend
 .text.prvInitialiseMutex
                0x100043ac       0x18 examples/hat_imu_cdc_ex/CMakeFiles/hat_imu_cdc_ex.dir/home/umar/.freertos/queue.c.o
 .text.xQueueCreateMutex
                0x100043c4       0x16 examples/hat_imu_cdc_ex/CMakeFiles/hat_imu_cdc_ex.dir/home/umar/.freertos/queue.c.o
                0x100043c4                xQueueCreateMutex
 *fill*         0x100043da        0x2 
 .text.xQueueGenericSendFromISR
                0x100043dc      0x128 examples/hat_imu_cdc_ex/CMakeFiles/hat_imu_cdc_ex.dir/home/umar/.freertos/queue.c.o
                0x100043dc                xQueueGenericSendFromISR
 .text.xQueueReceive
                0x10004504      0x14c examples/hat_imu_cdc_ex/CMakeFiles/hat_imu_cdc_ex.dir/home/umar/.freertos/queue.c.o
                0x10004504                xQueueReceive
 .text.xQueueSemaphoreTake
                0x10004650      0x188 examples/hat_imu_cdc_ex/CMakeFiles/hat_imu_cdc_ex.dir/home/umar/.freertos/queue.c.o
                0x10004650                xQueueSemaphoreTake
 .text.uxQueueMessagesWaiting
                0x100047d8       0x30 examples/hat_imu_cdc_ex/CMakeFiles/hat_imu_cdc_ex.dir/home/umar/.freertos/queue.c.o
                0x100047d8                uxQueueMessagesWaiting
 .text.vQueueAddToRegistry
                0x10004808       0x68 examples/hat_imu_cdc_ex/CMakeFiles/hat_imu_cdc_ex.dir/home/umar/.freertos/queue.c.o
                0x10004808                vQueueAddToRegistry
 .text.vQueueUnregisterQueue
                0x10004870       0x48 examples/hat_imu_cdc_ex/CMakeFiles/hat_imu_cdc_ex.dir/home/umar/.freertos/queue.c.o
                0x10004870                vQueueUnregisterQueue
 .text.vQueueDelete
                0x100048b8       0x30 examples/hat_imu_cdc_ex/CMakeFiles/hat_imu_cdc_ex.dir/home/umar/.freertos/queue.c.o
                0x100048b8                vQueueDelete
 .text.vQueueWaitForMessageRestricted
                0x100048e8       0x50 examples/hat_imu_cdc_ex/CMakeFiles/hat_imu_cdc_ex.dir/home/umar/.freertos/queue.c.o
                0x100048e8                vQueueWaitForMessageRestricted
 .text.prvResetNextTaskUnblockTime
                0x10004938       0x2c examples/hat_imu_cdc_ex/CMakeFiles/hat_imu_cdc_ex.dir/home/umar/.freertos/tasks.c.o
 .text.prvDeleteTCB
                0x10004964       0x12 examples/hat_imu_cdc_ex/CMakeFiles/hat_imu_cdc_ex.dir/home/umar/.freertos/tasks.c.o
 *fill*         0x10004976        0x2 
 .text.prvInitialiseNewTask
                0x10004978       0xd4 examples/hat_imu_cdc_ex/CMakeFiles/hat_imu_cdc_ex.dir/home/umar/.freertos/tasks.c.o
 .text.prvCreateTask
                0x10004a4c       0x56 examples/hat_imu_cdc_ex/CMakeFiles/hat_imu_cdc_ex.dir/home/umar/.freertos/tasks.c.o
 *fill*         0x10004aa2        0x2 
 .text.prvPassiveIdleTask
                0x10004aa4       0x18 examples/hat_imu_cdc_ex/CMakeFiles/hat_imu_cdc_ex.dir/home/umar/.freertos/tasks.c.o
 .text.prvInitialiseTaskLists
                0x10004abc       0x68 examples/hat_imu_cdc_ex/CMakeFiles/hat_imu_cdc_ex.dir/home/umar/.freertos/tasks.c.o
 .text.prvYieldForTask
                0x10004b24       0xcc examples/hat_imu_cdc_ex/CMakeFiles/hat_imu_cdc_ex.dir/home/umar/.freertos/tasks.c.o
 .text.prvSelectHighestPriorityTask
                0x10004bf0      0x218 examples/hat_imu_cdc_ex/CMakeFiles/hat_imu_cdc_ex.dir/home/umar/.freertos/tasks.c.o
 .text.vPortRecursiveLock
                0x10004e08       0xec examples/hat_imu_cdc_ex/CMakeFiles/hat_imu_cdc_ex.dir/home/umar/.freertos/tasks.c.o
 .text.prvCheckForRunStateChange
                0x10004ef4       0xa8 examples/hat_imu_cdc_ex/CMakeFiles/hat_imu_cdc_ex.dir/home/umar/.freertos/tasks.c.o
 .text.vTaskSuspendAll
                0x10004f9c       0x98 examples/hat_imu_cdc_ex/CMakeFiles/hat_imu_cdc_ex.dir/home/umar/.freertos/tasks.c.o
                0x10004f9c                vTaskSuspendAll
 .text.xTaskGetTickCount
                0x10005034        0xc examples/hat_imu_cdc_ex/CMakeFiles/hat_imu_cdc_ex.dir/home/umar/.freertos/tasks.c.o
                0x10005034                xTaskGetTickCount
 .text.uxTaskGetNumberOfTasks
                0x10005040        0xc examples/hat_imu_cdc_ex/CMakeFiles/hat_imu_cdc_ex.dir/home/umar/.freertos/tasks.c.o
                0x10005040                uxTaskGetNumberOfTasks
 .text.xTaskIncrementTick
                0x1000504c      0x1cc examples/hat_imu_cdc_ex/CMakeFiles/hat_imu_cdc_ex.dir/home/umar/.freertos/tasks.c.o
                0x1000504c                xTaskIncrementTick
 .text.vTaskSwitchContext
                0x10005218       0xa0 examples/hat_imu_cdc_ex/CMakeFiles/hat_imu_cdc_ex.dir/home/umar/.freertos/tasks.c.o
                0x10005218                vTaskSwitchContext
 .text.xTaskRemoveFromEventList
                0x100052b8       0xfc examples/hat_imu_cdc_ex/CMakeFiles/hat_imu_cdc_ex.dir/home/umar/.freertos/tasks.c.o
                0x100052b8                xTaskRemoveFromEventList
 .text.vTaskInternalSetTimeOutState
                0x100053b4       0x18 examples/hat_imu_cdc_ex/CMakeFiles/hat_imu_cdc_ex.dir/home/umar/.freertos/tasks.c.o
                0x100053b4                vTaskInternalSetTimeOutState
 .text.vTaskMissedYield
                0x100053cc       0x14 examples/hat_imu_cdc_ex/CMakeFiles/hat_imu_cdc_ex.dir/home/umar/.freertos/tasks.c.o
                0x100053cc                vTaskMissedYield
 .text.xTaskGetCurrentTaskHandle
                0x100053e0       0x1c examples/hat_imu_cdc_ex/CMakeFiles/hat_imu_cdc_ex.dir/home/umar/.freertos/tasks.c.o
                0x100053e0                xTaskGetCurrentTaskHandle
 .text.prvAddCurrentTaskToDelayedList
                0x100053fc       0xb8 examples/hat_imu_cdc_ex/CMakeFiles/hat_imu_cdc_ex.dir/home/umar/.freertos/tasks.c.o
 .text.vTaskPlaceOnEventList
                0x100054b4       0x40 examples/hat_imu_cdc_ex/CMakeFiles/hat_imu_cdc_ex.dir/home/umar/.freertos/tasks.c.o
                0x100054b4                vTaskPlaceOnEventList
 .text.vTaskPlaceOnUnorderedEventList
                0x100054f4       0x8c examples/hat_imu_cdc_ex/CMakeFiles/hat_imu_cdc_ex.dir/home/umar/.freertos/tasks.c.o
                0x100054f4                vTaskPlaceOnUnorderedEventList
 .text.vTaskPlaceOnEventListRestricted
                0x10005580       0x68 examples/hat_imu_cdc_ex/CMakeFiles/hat_imu_cdc_ex.dir/home/umar/.freertos/tasks.c.o
                0x10005580                vTaskPlaceOnEventListRestricted
 .text.xTaskPriorityInherit
                0x100055e8       0xcc examples/hat_imu_cdc_ex/CMakeFiles/hat_imu_cdc_ex.dir/home/umar/.freertos/tasks.c.o
                0x100055e8                xTaskPriorityInherit
 .text.xTaskPriorityDisinherit
                0x100056b4      0x118 examples/hat_imu_cdc_ex/CMakeFiles/hat_imu_cdc_ex.dir/home/umar/.freertos/tasks.c.o
                0x100056b4                xTaskPriorityDisinherit
 .text.vTaskPriorityDisinheritAfterTimeout
                0x100057cc      0x118 examples/hat_imu_cdc_ex/CMakeFiles/hat_imu_cdc_ex.dir/home/umar/.freertos/tasks.c.o
                0x100057cc                vTaskPriorityDisinheritAfterTimeout
 .text.vTaskYieldWithinAPI
                0x100058e4       0x34 examples/hat_imu_cdc_ex/CMakeFiles/hat_imu_cdc_ex.dir/home/umar/.freertos/tasks.c.o
                0x100058e4                vTaskYieldWithinAPI
 .text.vTaskEnterCritical
                0x10005918       0x68 examples/hat_imu_cdc_ex/CMakeFiles/hat_imu_cdc_ex.dir/home/umar/.freertos/tasks.c.o
                0x10005918                vTaskEnterCritical
 .text.vTaskEnterCriticalFromISR
                0x10005980       0x4c examples/hat_imu_cdc_ex/CMakeFiles/hat_imu_cdc_ex.dir/home/umar/.freertos/tasks.c.o
                0x10005980                vTaskEnterCriticalFromISR
 .text.vTaskExitCritical
                0x100059cc       0x80 examples/hat_imu_cdc_ex/CMakeFiles/hat_imu_cdc_ex.dir/home/umar/.freertos/tasks.c.o
                0x100059cc                vTaskExitCritical
 .text.prvCheckTasksWaitingTermination
                0x10005a4c       0x64 examples/hat_imu_cdc_ex/CMakeFiles/hat_imu_cdc_ex.dir/home/umar/.freertos/tasks.c.o
 .text.prvIdleTask
                0x10005ab0       0x1c examples/hat_imu_cdc_ex/CMakeFiles/hat_imu_cdc_ex.dir/home/umar/.freertos/tasks.c.o
 .text.prvAddNewTaskToReadyList
                0x10005acc       0x9c examples/hat_imu_cdc_ex/CMakeFiles/hat_imu_cdc_ex.dir/home/umar/.freertos/tasks.c.o
 .text.xTaskCreate
                0x10005b68       0x2a examples/hat_imu_cdc_ex/CMakeFiles/hat_imu_cdc_ex.dir/home/umar/.freertos/tasks.c.o
                0x10005b68                xTaskCreate
 *fill*         0x10005b92        0x2 
 .text.prvCreateIdleTasks
                0x10005b94       0x8c examples/hat_imu_cdc_ex/CMakeFiles/hat_imu_cdc_ex.dir/home/umar/.freertos/tasks.c.o
 .text.vTaskStartScheduler
                0x10005c20       0x64 examples/hat_imu_cdc_ex/CMakeFiles/hat_imu_cdc_ex.dir/home/umar/.freertos/tasks.c.o
                0x10005c20                vTaskStartScheduler
 .text.xTaskCreateAffinitySet
                0x10005c84       0x28 examples/hat_imu_cdc_ex/CMakeFiles/hat_imu_cdc_ex.dir/home/umar/.freertos/tasks.c.o
                0x10005c84                xTaskCreateAffinitySet
 .text.vTaskCoreAffinitySet
                0x10005cac       0xa0 examples/hat_imu_cdc_ex/CMakeFiles/hat_imu_cdc_ex.dir/home/umar/.freertos/tasks.c.o
                0x10005cac                vTaskCoreAffinitySet
 .text.xTaskResumeAll
                0x10005d4c      0x16c examples/hat_imu_cdc_ex/CMakeFiles/hat_imu_cdc_ex.dir/home/umar/.freertos/tasks.c.o
                0x10005d4c                xTaskResumeAll
 .text.vTaskDelay
                0x10005eb8       0x48 examples/hat_imu_cdc_ex/CMakeFiles/hat_imu_cdc_ex.dir/home/umar/.freertos/tasks.c.o
                0x10005eb8                vTaskDelay
 .text.vTaskRemoveFromUnorderedEventList
                0x10005f00       0xec examples/hat_imu_cdc_ex/CMakeFiles/hat_imu_cdc_ex.dir/home/umar/.freertos/tasks.c.o
                0x10005f00                vTaskRemoveFromUnorderedEventList
 .text.xTaskCheckForTimeOut
                0x10005fec       0xbc examples/hat_imu_cdc_ex/CMakeFiles/hat_imu_cdc_ex.dir/home/umar/.freertos/tasks.c.o
                0x10005fec                xTaskCheckForTimeOut
 .text.xTaskGetSchedulerState
                0x100060a8       0x30 examples/hat_imu_cdc_ex/CMakeFiles/hat_imu_cdc_ex.dir/home/umar/.freertos/tasks.c.o
                0x100060a8                xTaskGetSchedulerState
 .text.vTaskExitCriticalFromISR
                0x100060d8       0x64 examples/hat_imu_cdc_ex/CMakeFiles/hat_imu_cdc_ex.dir/home/umar/.freertos/tasks.c.o
                0x100060d8                vTaskExitCriticalFromISR
 .text.uxTaskResetEventItemValue
                0x1000613c       0x1c examples/hat_imu_cdc_ex/CMakeFiles/hat_imu_cdc_ex.dir/home/umar/.freertos/tasks.c.o
                0x1000613c                uxTaskResetEventItemValue
 .text.pvTaskIncrementMutexHeldCount
                0x10006158       0x12 examples/hat_imu_cdc_ex/CMakeFiles/hat_imu_cdc_ex.dir/home/umar/.freertos/tasks.c.o
                0x10006158                pvTaskIncrementMutexHeldCount
 *fill*         0x1000616a        0x2 
 .text.prvGetNextExpireTime
                0x1000616c       0x24 examples/hat_imu_cdc_ex/CMakeFiles/hat_imu_cdc_ex.dir/home/umar/.freertos/timers.c.o
 .text.prvInsertTimerInActiveList
                0x10006190       0x48 examples/hat_imu_cdc_ex/CMakeFiles/hat_imu_cdc_ex.dir/home/umar/.freertos/timers.c.o
 .text.prvReloadTimer
                0x100061d8       0x28 examples/hat_imu_cdc_ex/CMakeFiles/hat_imu_cdc_ex.dir/home/umar/.freertos/timers.c.o
 .text.prvProcessExpiredTimer
                0x10006200       0x3c examples/hat_imu_cdc_ex/CMakeFiles/hat_imu_cdc_ex.dir/home/umar/.freertos/timers.c.o
 .text.prvSwitchTimerLists
                0x1000623c       0x30 examples/hat_imu_cdc_ex/CMakeFiles/hat_imu_cdc_ex.dir/home/umar/.freertos/timers.c.o
 .text.prvSampleTimeNow
                0x1000626c       0x2c examples/hat_imu_cdc_ex/CMakeFiles/hat_imu_cdc_ex.dir/home/umar/.freertos/timers.c.o
 .text.prvProcessTimerOrBlockTask
                0x10006298       0x70 examples/hat_imu_cdc_ex/CMakeFiles/hat_imu_cdc_ex.dir/home/umar/.freertos/timers.c.o
 .text.prvProcessReceivedCommands
                0x10006308      0x110 examples/hat_imu_cdc_ex/CMakeFiles/hat_imu_cdc_ex.dir/home/umar/.freertos/timers.c.o
 .text.prvTimerTask
                0x10006418       0x16 examples/hat_imu_cdc_ex/CMakeFiles/hat_imu_cdc_ex.dir/home/umar/.freertos/timers.c.o
 *fill*         0x1000642e        0x2 
 .text.prvCheckForValidListAndQueue
                0x10006430       0x60 examples/hat_imu_cdc_ex/CMakeFiles/hat_imu_cdc_ex.dir/home/umar/.freertos/timers.c.o
 .text.xTimerCreateTimerTask
                0x10006490       0x60 examples/hat_imu_cdc_ex/CMakeFiles/hat_imu_cdc_ex.dir/home/umar/.freertos/timers.c.o
                0x10006490                xTimerCreateTimerTask
 .text.xTimerPendFunctionCallFromISR
                0x100064f0       0x2c examples/hat_imu_cdc_ex/CMakeFiles/hat_imu_cdc_ex.dir/home/umar/.freertos/timers.c.o
                0x100064f0                xTimerPendFunctionCallFromISR
 .text.exception_is_compile_time_default
                0x1000651c       0x20 examples/hat_imu_cdc_ex/CMakeFiles/hat_imu_cdc_ex.dir/home/umar/.pico-sdk/sdk/2.2.0/src/rp2_common/hardware_exception/exception.c.o
 .text.set_raw_exception_handler_and_restore_interrupts
                0x1000653c       0x18 examples/hat_imu_cdc_ex/CMakeFiles/hat_imu_cdc_ex.dir/home/umar/.pico-sdk/sdk/2.2.0/src/rp2_common/hardware_exception/exception.c.o
 .text.exception_get_vtable_handler
                0x10006554       0x10 examples/hat_imu_cdc_ex/CMakeFiles/hat_imu_cdc_ex.dir/home/umar/.pico-sdk/sdk/2.2.0/src/rp2_common/hardware_exception/exception.c.o
                0x10006554                exception_get_vtable_handler
 .text.exception_set_exclusive_handler
                0x10006564       0x44 examples/hat_imu_cdc_ex/CMakeFiles/hat_imu_cdc_ex.dir/home/umar/.pico-sdk/sdk/2.2.0/src/rp2_common/hardware_exception/exception.c.o
                0x10006564                exception_set_exclusive_handler
 .text.core1_trampoline
                0x100065a8        0x2 examples/hat_imu_cdc_ex/CMakeFiles/hat_imu_cdc_ex.dir/home/umar/.pico-sdk/sdk/2.2.0/src/rp2_common/pico_multicore/multicore.c.o
 .text.core1_wrapper
                0x100065aa        0xc examples/hat_imu_cdc_ex/CMakeFiles/hat_imu_cdc_ex.dir/home/umar/.pico-sdk/sdk/2.2.0/src/rp2_common/pico_multicore/multicore.c.o
                0x100065aa                core1_wrapper
 .text.multicore_fifo_push_blocking
                0x100065b6       0x14 examples/hat_imu_cdc_ex/CMakeFiles/hat_imu_cdc_ex.dir/home/umar/.pico-sdk/sdk/2.2.0/src/rp2_common/pico_multicore/multicore.c.o
                0x100065b6                multicore_fifo_push_blocking
 .text.multicore_fifo_pop_blocking
                0x100065ca       0x16 examples/hat_imu_cdc_ex/CMakeFiles/hat_imu_cdc_ex.dir/home/umar/.pico-sdk/sdk/2.2.0/src/rp2_common/pico_multicore/multicore.c.o
                0x100065ca                multicore_fifo_pop_blocking
 .text.multicore_reset_core1
                0x100065e0       0x6c examples/hat_imu_cdc_ex/CMakeFiles/hat_imu_cdc_ex.dir/home/umar/.pico-sdk/sdk/2.2.0/src/rp2_common/pico_multicore/multicore.c.o
                0x100065e0                multicore_reset_core1
 .text.multicore_launch_core1_raw
                0x1000664c       0x70 examples/hat_imu_cdc_ex/CMakeFiles/hat_imu_cdc_ex.dir/home/umar/.pico-sdk/sdk/2.2.0/src/rp2_common/pico_multicore/multicore.c.o
                0x1000664c                multicore_launch_core1_raw
 .text.multicore_launch_core1_with_stack
                0x100066bc       0x50 examples/hat_imu_cdc_ex/CMakeFiles/hat_imu_cdc_ex.dir/home/umar/.pico-sdk/sdk/2.2.0/src/rp2_common/pico_multicore/multicore.c.o
                0x100066bc                multicore_launch_core1_with_stack
 .text.multicore_launch_core1
                0x1000670c       0x24 examples/hat_imu_cdc_ex/CMakeFiles/hat_imu_cdc_ex.dir/home/umar/.pico-sdk/sdk/2.2.0/src/rp2_common/pico_multicore/multicore.c.o
                0x1000670c                multicore_launch_core1
 .text.prvHeapInit
                0x10006730       0x58 examples/hat_imu_cdc_ex/CMakeFiles/hat_imu_cdc_ex.dir/home/umar/.freertos/portable/MemMang/heap_4.c.o
 .text.prvInsertBlockIntoFreeList
                0x10006788       0x88 examples/hat_imu_cdc_ex/CMakeFiles/hat_imu_cdc_ex.dir/home/umar/.freertos/portable/MemMang/heap_4.c.o
 .text.pvPortMalloc
                0x10006810      0x188 examples/hat_imu_cdc_ex/CMakeFiles/hat_imu_cdc_ex.dir/home/umar/.freertos/portable/MemMang/heap_4.c.o
                0x10006810                pvPortMalloc
 .text.vPortFree
                0x10006998       0xa4 examples/hat_imu_cdc_ex/CMakeFiles/hat_imu_cdc_ex.dir/home/umar/.freertos/portable/MemMang/heap_4.c.o
                0x10006998                vPortFree
 .text.i2c_unreset
                0x10006a3c       0x2c examples/hat_imu_cdc_ex/CMakeFiles/hat_imu_cdc_ex.dir/home/umar/.pico-sdk/sdk/2.2.0/src/rp2_common/hardware_i2c/i2c.c.o
 .text.i2c_write_blocking_internal
                0x10006a68      0x158 examples/hat_imu_cdc_ex/CMakeFiles/hat_imu_cdc_ex.dir/home/umar/.pico-sdk/sdk/2.2.0/src/rp2_common/hardware_i2c/i2c.c.o
 .text.i2c_read_blocking_internal
                0x10006bc0      0x102 examples/hat_imu_cdc_ex/CMakeFiles/hat_imu_cdc_ex.dir/home/umar/.pico-sdk/sdk/2.2.0/src/rp2_common/hardware_i2c/i2c.c.o
 *fill*         0x10006cc2        0x2 
 .text.i2c_set_baudrate
                0x10006cc4       0xf0 examples/hat_imu_cdc_ex/CMakeFiles/hat_imu_cdc_ex.dir/home/umar/.pico-sdk/sdk/2.2.0/src/rp2_common/hardware_i2c/i2c.c.o
                0x10006cc4                i2c_set_baudrate
 .text.i2c_init
                0x10006db4       0x54 examples/hat_imu_cdc_ex/CMakeFiles/hat_imu_cdc_ex.dir/home/umar/.pico-sdk/sdk/2.2.0/src/rp2_common/hardware_i2c/i2c.c.o
                0x10006db4                i2c_init
 .text.i2c_write_blocking
                0x10006e08       0x18 examples/hat_imu_cdc_ex/CMakeFiles/hat_imu_cdc_ex.dir/home/umar/.pico-sdk/sdk/2.2.0/src/rp2_common/hardware_i2c/i2c.c.o
                0x10006e08                i2c_write_blocking
 .text.i2c_read_blocking
                0x10006e20       0x18 examples/hat_imu_cdc_ex/CMakeFiles/hat_imu_cdc_ex.dir/home/umar/.pico-sdk/sdk/2.2.0/src/rp2_common/hardware_i2c/i2c.c.o
                0x10006e20                i2c_read_blocking
 .text._retrieve_unique_id_on_boot
                0x10006e38       0x10 examples/hat_imu_cdc_ex/CMakeFiles/hat_imu_cdc_ex.dir/home/umar/.pico-sdk/sdk/2.2.0/src/rp2_common/pico_unique_id/unique_id.c.o
 .text.pico_get_unique_board_id
                0x10006e48       0x10 examples/hat_imu_cdc_ex/CMakeFiles/hat_imu_cdc_ex.dir/home/umar/.pico-sdk/sdk/2.2.0/src/rp2_common/pico_unique_id/unique_id.c.o
                0x10006e48                pico_get_unique_board_id
 .text.flash_get_unique_id
                0x10006e58       0x40 examples/hat_imu_cdc_ex/CMakeFiles/hat_imu_cdc_ex.dir/home/umar/.pico-sdk/sdk/2.2.0/src/rp2_common/hardware_flash/flash.c.o
                0x10006e58                flash_get_unique_id
 .text.board_get_unique_id
                0x10006e98       0x26 examples/hat_imu_cdc_ex/CMakeFiles/hat_imu_cdc_ex.dir/home/umar/.pico-sdk/sdk/2.2.0/lib/tinyusb/hw/bsp/rp2040/family.c.o
                0x10006e98                board_get_unique_id
 *fill*         0x10006ebe        0x2 
 .text.hw_endpoint_init
                0x10006ec0       0xc0 examples/hat_imu_cdc_ex/CMakeFiles/hat_imu_cdc_ex.dir/home/umar/.pico-sdk/sdk/2.2.0/lib/tinyusb/src/portable/raspberrypi/rp2040/dcd_rp2040.c.o
 .text.hw_endpoint_alloc
                0x10006f80       0x48 examples/hat_imu_cdc_ex/CMakeFiles/hat_imu_cdc_ex.dir/home/umar/.pico-sdk/sdk/2.2.0/lib/tinyusb/src/portable/raspberrypi/rp2040/dcd_rp2040.c.o
 .text.hw_endpoint_open
                0x10006fc8       0x50 examples/hat_imu_cdc_ex/CMakeFiles/hat_imu_cdc_ex.dir/home/umar/.pico-sdk/sdk/2.2.0/lib/tinyusb/src/portable/raspberrypi/rp2040/dcd_rp2040.c.o
 .text.hw_endpoint_xfer
                0x10007018       0x20 examples/hat_imu_cdc_ex/CMakeFiles/hat_imu_cdc_ex.dir/home/umar/.pico-sdk/sdk/2.2.0/lib/tinyusb/src/portable/raspberrypi/rp2040/dcd_rp2040.c.o
 .text.dcd_int_enable
                0x10007038       0x2c examples/hat_imu_cdc_ex/CMakeFiles/hat_imu_cdc_ex.dir/home/umar/.pico-sdk/sdk/2.2.0/lib/tinyusb/src/portable/raspberrypi/rp2040/dcd_rp2040.c.o
                0x10007038                dcd_int_enable
 .text.dcd_set_address
                0x10007064       0x2c examples/hat_imu_cdc_ex/CMakeFiles/hat_imu_cdc_ex.dir/home/umar/.pico-sdk/sdk/2.2.0/lib/tinyusb/src/portable/raspberrypi/rp2040/dcd_rp2040.c.o
                0x10007064                dcd_set_address
 .text.dcd_connect
                0x10007090       0x10 examples/hat_imu_cdc_ex/CMakeFiles/hat_imu_cdc_ex.dir/home/umar/.pico-sdk/sdk/2.2.0/lib/tinyusb/src/portable/raspberrypi/rp2040/dcd_rp2040.c.o
                0x10007090                dcd_connect
 .text.dcd_init
                0x100070a0       0x80 examples/hat_imu_cdc_ex/CMakeFiles/hat_imu_cdc_ex.dir/home/umar/.pico-sdk/sdk/2.2.0/lib/tinyusb/src/portable/raspberrypi/rp2040/dcd_rp2040.c.o
                0x100070a0                dcd_init
 .text.dcd_sof_enable
                0x10007120       0x1c examples/hat_imu_cdc_ex/CMakeFiles/hat_imu_cdc_ex.dir/home/umar/.pico-sdk/sdk/2.2.0/lib/tinyusb/src/portable/raspberrypi/rp2040/dcd_rp2040.c.o
                0x10007120                dcd_sof_enable
 .text.dcd_edpt0_status_complete
                0x1000713c       0x1c examples/hat_imu_cdc_ex/CMakeFiles/hat_imu_cdc_ex.dir/home/umar/.pico-sdk/sdk/2.2.0/lib/tinyusb/src/portable/raspberrypi/rp2040/dcd_rp2040.c.o
                0x1000713c                dcd_edpt0_status_complete
 .text.dcd_edpt_open
                0x10007158       0x26 examples/hat_imu_cdc_ex/CMakeFiles/hat_imu_cdc_ex.dir/home/umar/.pico-sdk/sdk/2.2.0/lib/tinyusb/src/portable/raspberrypi/rp2040/dcd_rp2040.c.o
                0x10007158                dcd_edpt_open
 .text.dcd_edpt_close_all
                0x1000717e        0x8 examples/hat_imu_cdc_ex/CMakeFiles/hat_imu_cdc_ex.dir/home/umar/.pico-sdk/sdk/2.2.0/lib/tinyusb/src/portable/raspberrypi/rp2040/dcd_rp2040.c.o
                0x1000717e                dcd_edpt_close_all
 *fill*         0x10007186        0x2 
 .text.dcd_edpt_xfer
                0x10007188       0x30 examples/hat_imu_cdc_ex/CMakeFiles/hat_imu_cdc_ex.dir/home/umar/.pico-sdk/sdk/2.2.0/lib/tinyusb/src/portable/raspberrypi/rp2040/dcd_rp2040.c.o
                0x10007188                dcd_edpt_xfer
 .text.dcd_edpt_stall
                0x100071b8       0x3c examples/hat_imu_cdc_ex/CMakeFiles/hat_imu_cdc_ex.dir/home/umar/.pico-sdk/sdk/2.2.0/lib/tinyusb/src/portable/raspberrypi/rp2040/dcd_rp2040.c.o
                0x100071b8                dcd_edpt_stall
 .text.dcd_edpt_clear_stall
                0x100071f4       0x30 examples/hat_imu_cdc_ex/CMakeFiles/hat_imu_cdc_ex.dir/home/umar/.pico-sdk/sdk/2.2.0/lib/tinyusb/src/portable/raspberrypi/rp2040/dcd_rp2040.c.o
                0x100071f4                dcd_edpt_clear_stall
 .text.unaligned_memcpy
                0x10007224       0x14 examples/hat_imu_cdc_ex/CMakeFiles/hat_imu_cdc_ex.dir/home/umar/.pico-sdk/sdk/2.2.0/lib/tinyusb/src/portable/raspberrypi/rp2040/rp2040_usb.c.o
 .text.rp2040_usb_init
                0x10007238       0x44 examples/hat_imu_cdc_ex/CMakeFiles/hat_imu_cdc_ex.dir/home/umar/.pico-sdk/sdk/2.2.0/lib/tinyusb/src/portable/raspberrypi/rp2040/rp2040_usb.c.o
                0x10007238                rp2040_usb_init
 .text.hw_endpoint_xfer_start
                0x1000727c       0x60 examples/hat_imu_cdc_ex/CMakeFiles/hat_imu_cdc_ex.dir/home/umar/.pico-sdk/sdk/2.2.0/lib/tinyusb/src/portable/raspberrypi/rp2040/rp2040_usb.c.o
                0x1000727c                hw_endpoint_xfer_start
 .text.tud_vendor_control_xfer_cb
                0x100072dc        0x4 examples/hat_imu_cdc_ex/CMakeFiles/hat_imu_cdc_ex.dir/home/umar/.pico-sdk/sdk/2.2.0/lib/tinyusb/src/device/usbd.c.o
                0x100072dc                tud_vendor_control_xfer_cb
 .text.configuration_reset
                0x100072e0       0x7c examples/hat_imu_cdc_ex/CMakeFiles/hat_imu_cdc_ex.dir/home/umar/.pico-sdk/sdk/2.2.0/lib/tinyusb/src/device/usbd.c.o
 .text.usbd_reset
                0x1000735c        0xc examples/hat_imu_cdc_ex/CMakeFiles/hat_imu_cdc_ex.dir/home/umar/.pico-sdk/sdk/2.2.0/lib/tinyusb/src/device/usbd.c.o
 .text.invoke_class_control
                0x10007368       0x1a examples/hat_imu_cdc_ex/CMakeFiles/hat_imu_cdc_ex.dir/home/umar/.pico-sdk/sdk/2.2.0/lib/tinyusb/src/device/usbd.c.o
 *fill*         0x10007382        0x2 
 .text.process_set_config
                0x10007384      0x190 examples/hat_imu_cdc_ex/CMakeFiles/hat_imu_cdc_ex.dir/home/umar/.pico-sdk/sdk/2.2.0/lib/tinyusb/src/device/usbd.c.o
 .text.tud_event_hook_cb
                0x10007514        0x2 examples/hat_imu_cdc_ex/CMakeFiles/hat_imu_cdc_ex.dir/home/umar/.pico-sdk/sdk/2.2.0/lib/tinyusb/src/device/usbd.c.o
                0x10007514                tud_event_hook_cb
 .text.tud_sof_cb
                0x10007516        0x2 examples/hat_imu_cdc_ex/CMakeFiles/hat_imu_cdc_ex.dir/home/umar/.pico-sdk/sdk/2.2.0/lib/tinyusb/src/device/usbd.c.o
                0x10007516                tud_sof_cb
 .text.tud_descriptor_bos_cb
                0x10007518        0x4 examples/hat_imu_cdc_ex/CMakeFiles/hat_imu_cdc_ex.dir/home/umar/.pico-sdk/sdk/2.2.0/lib/tinyusb/src/device/usbd.c.o
                0x10007518                tud_descriptor_bos_cb
 .text.process_get_descriptor
                0x1000751c       0xe0 examples/hat_imu_cdc_ex/CMakeFiles/hat_imu_cdc_ex.dir/home/umar/.pico-sdk/sdk/2.2.0/lib/tinyusb/src/device/usbd.c.o
 .text.tud_mount_cb
                0x100075fc        0x2 examples/hat_imu_cdc_ex/CMakeFiles/hat_imu_cdc_ex.dir/home/umar/.pico-sdk/sdk/2.2.0/lib/tinyusb/src/device/usbd.c.o
                0x100075fc                tud_mount_cb
 .text.tud_umount_cb
                0x100075fe        0x2 examples/hat_imu_cdc_ex/CMakeFiles/hat_imu_cdc_ex.dir/home/umar/.pico-sdk/sdk/2.2.0/lib/tinyusb/src/device/usbd.c.o
                0x100075fe                tud_umount_cb
 .text.tud_suspend_cb
                0x10007600        0x2 examples/hat_imu_cdc_ex/CMakeFiles/hat_imu_cdc_ex.dir/home/umar/.pico-sdk/sdk/2.2.0/lib/tinyusb/src/device/usbd.c.o
                0x10007600                tud_suspend_cb
 .text.tud_resume_cb
                0x10007602        0x2 examples/hat_imu_cdc_ex/CMakeFiles/hat_imu_cdc_ex.dir/home/umar/.pico-sdk/sdk/2.2.0/lib/tinyusb/src/device/usbd.c.o
                0x10007602                tud_resume_cb
 .text.tud_mounted
                0x10007604       0x10 examples/hat_imu_cdc_ex/CMakeFiles/hat_imu_cdc_ex.dir/home/umar/.pico-sdk/sdk/2.2.0/lib/tinyusb/src/device/usbd.c.o
                0x10007604                tud_mounted
 .text.tud_suspended
                0x10007614       0x10 examples/hat_imu_cdc_ex/CMakeFiles/hat_imu_cdc_ex.dir/home/umar/.pico-sdk/sdk/2.2.0/lib/tinyusb/src/device/usbd.c.o
                0x10007614                tud_suspended
 .text.tud_inited
                0x10007624       0x14 examples/hat_imu_cdc_ex/CMakeFiles/hat_imu_cdc_ex.dir/home/umar/.pico-sdk/sdk/2.2.0/lib/tinyusb/src/device/usbd.c.o
                0x10007624                tud_inited
 .text.tud_rhport_init
                0x10007638      0x120 examples/hat_imu_cdc_ex/CMakeFiles/hat_imu_cdc_ex.dir/home/umar/.pico-sdk/sdk/2.2.0/lib/tinyusb/src/device/usbd.c.o
                0x10007638                tud_rhport_init
 .text.usbd_edpt_open
                0x10007758       0x60 examples/hat_imu_cdc_ex/CMakeFiles/hat_imu_cdc_ex.dir/home/umar/.pico-sdk/sdk/2.2.0/lib/tinyusb/src/device/usbd.c.o
                0x10007758                usbd_edpt_open
 .text.usbd_open_edpt_pair
                0x100077b8       0x88 examples/hat_imu_cdc_ex/CMakeFiles/hat_imu_cdc_ex.dir/home/umar/.pico-sdk/sdk/2.2.0/lib/tinyusb/src/device/usbd.c.o
                0x100077b8                usbd_open_edpt_pair
 .text.usbd_edpt_claim
                0x10007840       0x28 examples/hat_imu_cdc_ex/CMakeFiles/hat_imu_cdc_ex.dir/home/umar/.pico-sdk/sdk/2.2.0/lib/tinyusb/src/device/usbd.c.o
                0x10007840                usbd_edpt_claim
 .text.usbd_edpt_release
                0x10007868       0x28 examples/hat_imu_cdc_ex/CMakeFiles/hat_imu_cdc_ex.dir/home/umar/.pico-sdk/sdk/2.2.0/lib/tinyusb/src/device/usbd.c.o
                0x10007868                usbd_edpt_release
 .text.usbd_edpt_xfer
                0x10007890       0x88 examples/hat_imu_cdc_ex/CMakeFiles/hat_imu_cdc_ex.dir/home/umar/.pico-sdk/sdk/2.2.0/lib/tinyusb/src/device/usbd.c.o
                0x10007890                usbd_edpt_xfer
 .text.usbd_edpt_stall
                0x10007918       0x34 examples/hat_imu_cdc_ex/CMakeFiles/hat_imu_cdc_ex.dir/home/umar/.pico-sdk/sdk/2.2.0/lib/tinyusb/src/device/usbd.c.o
                0x10007918                usbd_edpt_stall
 .text.usbd_edpt_clear_stall
                0x1000794c       0x34 examples/hat_imu_cdc_ex/CMakeFiles/hat_imu_cdc_ex.dir/home/umar/.pico-sdk/sdk/2.2.0/lib/tinyusb/src/device/usbd.c.o
                0x1000794c                usbd_edpt_clear_stall
 .text.usbd_edpt_stalled
                0x10007980       0x1c examples/hat_imu_cdc_ex/CMakeFiles/hat_imu_cdc_ex.dir/home/umar/.pico-sdk/sdk/2.2.0/lib/tinyusb/src/device/usbd.c.o
                0x10007980                usbd_edpt_stalled
 .text.process_control_request
                0x1000799c      0x37c examples/hat_imu_cdc_ex/CMakeFiles/hat_imu_cdc_ex.dir/home/umar/.pico-sdk/sdk/2.2.0/lib/tinyusb/src/device/usbd.c.o
 .text.tud_task_ext
                0x10007d18      0x1e8 examples/hat_imu_cdc_ex/CMakeFiles/hat_imu_cdc_ex.dir/home/umar/.pico-sdk/sdk/2.2.0/lib/tinyusb/src/device/usbd.c.o
                0x10007d18                tud_task_ext
 .text.status_stage_xact
                0x10007f00       0x1a examples/hat_imu_cdc_ex/CMakeFiles/hat_imu_cdc_ex.dir/home/umar/.pico-sdk/sdk/2.2.0/lib/tinyusb/src/device/usbd_control.c.o
 *fill*         0x10007f1a        0x2 
 .text.data_stage_xact
                0x10007f1c       0x60 examples/hat_imu_cdc_ex/CMakeFiles/hat_imu_cdc_ex.dir/home/umar/.pico-sdk/sdk/2.2.0/lib/tinyusb/src/device/usbd_control.c.o
 .text.tud_control_status
                0x10007f7c       0x28 examples/hat_imu_cdc_ex/CMakeFiles/hat_imu_cdc_ex.dir/home/umar/.pico-sdk/sdk/2.2.0/lib/tinyusb/src/device/usbd_control.c.o
                0x10007f7c                tud_control_status
 .text.tud_control_xfer
                0x10007fa4       0x98 examples/hat_imu_cdc_ex/CMakeFiles/hat_imu_cdc_ex.dir/home/umar/.pico-sdk/sdk/2.2.0/lib/tinyusb/src/device/usbd_control.c.o
                0x10007fa4                tud_control_xfer
 .text.usbd_control_reset
                0x1000803c       0x14 examples/hat_imu_cdc_ex/CMakeFiles/hat_imu_cdc_ex.dir/home/umar/.pico-sdk/sdk/2.2.0/lib/tinyusb/src/device/usbd_control.c.o
                0x1000803c                usbd_control_reset
 .text.usbd_control_set_complete_callback
                0x10008050        0xc examples/hat_imu_cdc_ex/CMakeFiles/hat_imu_cdc_ex.dir/home/umar/.pico-sdk/sdk/2.2.0/lib/tinyusb/src/device/usbd_control.c.o
                0x10008050                usbd_control_set_complete_callback
 .text.usbd_control_set_request
                0x1000805c       0x1c examples/hat_imu_cdc_ex/CMakeFiles/hat_imu_cdc_ex.dir/home/umar/.pico-sdk/sdk/2.2.0/lib/tinyusb/src/device/usbd_control.c.o
                0x1000805c                usbd_control_set_request
 .text.usbd_control_xfer_cb
                0x10008078       0xe0 examples/hat_imu_cdc_ex/CMakeFiles/hat_imu_cdc_ex.dir/home/umar/.pico-sdk/sdk/2.2.0/lib/tinyusb/src/device/usbd_control.c.o
                0x10008078                usbd_control_xfer_cb
 .text._prep_out_transaction
                0x10008158       0xa0 examples/hat_imu_cdc_ex/CMakeFiles/hat_imu_cdc_ex.dir/home/umar/.pico-sdk/sdk/2.2.0/lib/tinyusb/src/class/cdc/cdc_device.c.o
 .text.tud_cdc_n_connected
                0x100081f8       0x38 examples/hat_imu_cdc_ex/CMakeFiles/hat_imu_cdc_ex.dir/home/umar/.pico-sdk/sdk/2.2.0/lib/tinyusb/src/class/cdc/cdc_device.c.o
                0x100081f8                tud_cdc_n_connected
 .text.tud_cdc_n_write_flush
                0x10008230       0xb8 examples/hat_imu_cdc_ex/CMakeFiles/hat_imu_cdc_ex.dir/home/umar/.pico-sdk/sdk/2.2.0/lib/tinyusb/src/class/cdc/cdc_device.c.o
                0x10008230                tud_cdc_n_write_flush
 .text.tud_cdc_n_write
                0x100082e8       0x48 examples/hat_imu_cdc_ex/CMakeFiles/hat_imu_cdc_ex.dir/home/umar/.pico-sdk/sdk/2.2.0/lib/tinyusb/src/class/cdc/cdc_device.c.o
                0x100082e8                tud_cdc_n_write
 .text.tud_cdc_n_write_available
                0x10008330       0x1c examples/hat_imu_cdc_ex/CMakeFiles/hat_imu_cdc_ex.dir/home/umar/.pico-sdk/sdk/2.2.0/lib/tinyusb/src/class/cdc/cdc_device.c.o
                0x10008330                tud_cdc_n_write_available
 .text.cdcd_init
                0x1000834c       0xbc examples/hat_imu_cdc_ex/CMakeFiles/hat_imu_cdc_ex.dir/home/umar/.pico-sdk/sdk/2.2.0/lib/tinyusb/src/class/cdc/cdc_device.c.o
                0x1000834c                cdcd_init
 .text.cdcd_deinit
                0x10008408       0x5c examples/hat_imu_cdc_ex/CMakeFiles/hat_imu_cdc_ex.dir/home/umar/.pico-sdk/sdk/2.2.0/lib/tinyusb/src/class/cdc/cdc_device.c.o
                0x10008408                cdcd_deinit
 .text.cdcd_reset
                0x10008464       0x78 examples/hat_imu_cdc_ex/CMakeFiles/hat_imu_cdc_ex.dir/home/umar/.pico-sdk/sdk/2.2.0/lib/tinyusb/src/class/cdc/cdc_device.c.o
                0x10008464                cdcd_reset
 .text.cdcd_open
                0x100084dc       0xf0 examples/hat_imu_cdc_ex/CMakeFiles/hat_imu_cdc_ex.dir/home/umar/.pico-sdk/sdk/2.2.0/lib/tinyusb/src/class/cdc/cdc_device.c.o
                0x100084dc                cdcd_open
 .text.cdcd_control_xfer_cb
                0x100085cc      0x13c examples/hat_imu_cdc_ex/CMakeFiles/hat_imu_cdc_ex.dir/home/umar/.pico-sdk/sdk/2.2.0/lib/tinyusb/src/class/cdc/cdc_device.c.o
                0x100085cc                cdcd_control_xfer_cb
 .text.cdcd_xfer_cb
                0x10008708      0x14c examples/hat_imu_cdc_ex/CMakeFiles/hat_imu_cdc_ex.dir/home/umar/.pico-sdk/sdk/2.2.0/lib/tinyusb/src/class/cdc/cdc_device.c.o
                0x10008708                cdcd_xfer_cb
 .text.tusb_rhport_init
                0x10008854       0x78 examples/hat_imu_cdc_ex/CMakeFiles/hat_imu_cdc_ex.dir/home/umar/.pico-sdk/sdk/2.2.0/lib/tinyusb/src/tusb.c.o
                0x10008854                tusb_rhport_init
 .text.tu_edpt_claim
                0x100088cc       0x56 examples/hat_imu_cdc_ex/CMakeFiles/hat_imu_cdc_ex.dir/home/umar/.pico-sdk/sdk/2.2.0/lib/tinyusb/src/tusb.c.o
                0x100088cc                tu_edpt_claim
 .text.tu_edpt_release
                0x10008922       0x3e examples/hat_imu_cdc_ex/CMakeFiles/hat_imu_cdc_ex.dir/home/umar/.pico-sdk/sdk/2.2.0/lib/tinyusb/src/tusb.c.o
                0x10008922                tu_edpt_release
 .text.tu_edpt_validate
                0x10008960       0xac examples/hat_imu_cdc_ex/CMakeFiles/hat_imu_cdc_ex.dir/home/umar/.pico-sdk/sdk/2.2.0/lib/tinyusb/src/tusb.c.o
                0x10008960                tu_edpt_validate
 .text.tu_edpt_bind_driver
                0x10008a0c       0x26 examples/hat_imu_cdc_ex/CMakeFiles/hat_imu_cdc_ex.dir/home/umar/.pico-sdk/sdk/2.2.0/lib/tinyusb/src/tusb.c.o
                0x10008a0c                tu_edpt_bind_driver
 .text.advance_index
                0x10008a32       0x1a examples/hat_imu_cdc_ex/CMakeFiles/hat_imu_cdc_ex.dir/home/umar/.pico-sdk/sdk/2.2.0/lib/tinyusb/src/common/tusb_fifo.c.o
 .text._ff_pull_n
                0x10008a4c       0x68 examples/hat_imu_cdc_ex/CMakeFiles/hat_imu_cdc_ex.dir/home/umar/.pico-sdk/sdk/2.2.0/lib/tinyusb/src/common/tusb_fifo.c.o
 .text._tu_fifo_peek_n
                0x10008ab4       0x6a examples/hat_imu_cdc_ex/CMakeFiles/hat_imu_cdc_ex.dir/home/umar/.pico-sdk/sdk/2.2.0/lib/tinyusb/src/common/tusb_fifo.c.o
 .text._tu_fifo_read_n
                0x10008b1e       0x54 examples/hat_imu_cdc_ex/CMakeFiles/hat_imu_cdc_ex.dir/home/umar/.pico-sdk/sdk/2.2.0/lib/tinyusb/src/common/tusb_fifo.c.o
 .text._ff_push_n
                0x10008b72       0x68 examples/hat_imu_cdc_ex/CMakeFiles/hat_imu_cdc_ex.dir/home/umar/.pico-sdk/sdk/2.2.0/lib/tinyusb/src/common/tusb_fifo.c.o
 .text._tu_fifo_write_n
                0x10008bda       0xf6 examples/hat_imu_cdc_ex/CMakeFiles/hat_imu_cdc_ex.dir/home/umar/.pico-sdk/sdk/2.2.0/lib/tinyusb/src/common/tusb_fifo.c.o
 .text.tu_fifo_config
                0x10008cd0       0x86 examples/hat_imu_cdc_ex/CMakeFiles/hat_imu_cdc_ex.dir/home/umar/.pico-sdk/sdk/2.2.0/lib/tinyusb/src/common/tusb_fifo.c.o
                0x10008cd0                tu_fifo_config
 .text.tu_fifo_count
                0x10008d56       0x2c examples/hat_imu_cdc_ex/CMakeFiles/hat_imu_cdc_ex.dir/home/umar/.pico-sdk/sdk/2.2.0/lib/tinyusb/src/common/tusb_fifo.c.o
                0x10008d56                tu_fifo_count
 .text.tu_fifo_empty
                0x10008d82        0xe examples/hat_imu_cdc_ex/CMakeFiles/hat_imu_cdc_ex.dir/home/umar/.pico-sdk/sdk/2.2.0/lib/tinyusb/src/common/tusb_fifo.c.o
                0x10008d82                tu_fifo_empty
 .text.tu_fifo_remaining
                0x10008d90       0x2e examples/hat_imu_cdc_ex/CMakeFiles/hat_imu_cdc_ex.dir/home/umar/.pico-sdk/sdk/2.2.0/lib/tinyusb/src/common/tusb_fifo.c.o
                0x10008d90                tu_fifo_remaining
 .text.tu_fifo_read_n
                0x10008dbe        0xa examples/hat_imu_cdc_ex/CMakeFiles/hat_imu_cdc_ex.dir/home/umar/.pico-sdk/sdk/2.2.0/lib/tinyusb/src/common/tusb_fifo.c.o
                0x10008dbe                tu_fifo_read_n
 .text.tu_fifo_write_n
                0x10008dc8        0xa examples/hat_imu_cdc_ex/CMakeFiles/hat_imu_cdc_ex.dir/home/umar/.pico-sdk/sdk/2.2.0/lib/tinyusb/src/common/tusb_fifo.c.o
                0x10008dc8                tu_fifo_write_n
 .text.tu_fifo_clear
                0x10008dd2       0x48 examples/hat_imu_cdc_ex/CMakeFiles/hat_imu_cdc_ex.dir/home/umar/.pico-sdk/sdk/2.2.0/lib/tinyusb/src/common/tusb_fifo.c.o
                0x10008dd2                tu_fifo_clear
 .text.tu_fifo_set_overwritable
                0x10008e1a       0x52 examples/hat_imu_cdc_ex/CMakeFiles/hat_imu_cdc_ex.dir/home/umar/.pico-sdk/sdk/2.2.0/lib/tinyusb/src/common/tusb_fifo.c.o
                0x10008e1a                tu_fifo_set_overwritable
 .text.icm_i2c_write_byte
                0x10008e6c       0x2c libs/TKJHAT/libTKJHAT_SDK.a(sdk.c.o)
 .text.ICM42670_autodetect_address
                0x10008e98       0x84 libs/TKJHAT/libTKJHAT_SDK.a(sdk.c.o)
 .text.icm_i2c_read_byte
                0x10008f1c       0x48 libs/TKJHAT/libTKJHAT_SDK.a(sdk.c.o)
 .text.icm_soft_reset
                0x10008f64       0x60 libs/TKJHAT/libTKJHAT_SDK.a(sdk.c.o)
 .text.icm_i2c_read_bytes
                0x10008fc4       0x48 libs/TKJHAT/libTKJHAT_SDK.a(sdk.c.o)
 .text.init_red_led
                0x1000900c       0x14 libs/TKJHAT/libTKJHAT_SDK.a(sdk.c.o)
                0x1000900c                init_red_led
 .text.init_led
                0x10009020        0x8 libs/TKJHAT/libTKJHAT_SDK.a(sdk.c.o)
                0x10009020                init_led
 .text.toggle_red_led
                0x10009028       0x22 libs/TKJHAT/libTKJHAT_SDK.a(sdk.c.o)
                0x10009028                toggle_red_led
 .text.blink_red_led
                0x1000904a       0x2e libs/TKJHAT/libTKJHAT_SDK.a(sdk.c.o)
                0x1000904a                blink_red_led
 .text.blink_led
                0x10009078        0x8 libs/TKJHAT/libTKJHAT_SDK.a(sdk.c.o)
                0x10009078                blink_led
 .text.stop_rgb_led
                0x10009080       0x7c libs/TKJHAT/libTKJHAT_SDK.a(sdk.c.o)
                0x10009080                stop_rgb_led
 .text.init_i2c
                0x100090fc       0x3c libs/TKJHAT/libTKJHAT_SDK.a(sdk.c.o)
                0x100090fc                init_i2c
 .text.init_i2c_default
                0x10009138        0xc libs/TKJHAT/libTKJHAT_SDK.a(sdk.c.o)
                0x10009138                init_i2c_default
 .text.init_hat_sdk
                0x10009144        0xc libs/TKJHAT/libTKJHAT_SDK.a(sdk.c.o)
                0x10009144                init_hat_sdk
 .text.init_ICM42670
                0x10009150       0x68 libs/TKJHAT/libTKJHAT_SDK.a(sdk.c.o)
                0x10009150                init_ICM42670
 .text.ICM42670_startAccel
                0x100091b8       0xc8 libs/TKJHAT/libTKJHAT_SDK.a(sdk.c.o)
                0x100091b8                ICM42670_startAccel
 .text.ICM42670_startGyro
                0x10009280       0xd8 libs/TKJHAT/libTKJHAT_SDK.a(sdk.c.o)
                0x10009280                ICM42670_startGyro
 .text.ICM42670_enable_accel_gyro_ln_mode
                0x10009358       0x1a libs/TKJHAT/libTKJHAT_SDK.a(sdk.c.o)
                0x10009358                ICM42670_enable_accel_gyro_ln_mode
 .text.ICM42670_start_with_default_values
                0x10009372       0x22 libs/TKJHAT/libTKJHAT_SDK.a(sdk.c.o)
                0x10009372                ICM42670_start_with_default_values
 .text.ICM42670_read_sensor_data
                0x10009394      0x114 libs/TKJHAT/libTKJHAT_SDK.a(sdk.c.o)
                0x10009394                ICM42670_read_sensor_data
 .text.board_usb_get_serial
                0x100094a8       0x88 libs/usb-serial-debug/libusb_serial_debug.a(usb_descriptors.c.o)
 .text.tud_descriptor_device_cb
                0x10009530        0x8 libs/usb-serial-debug/libusb_serial_debug.a(usb_descriptors.c.o)
                0x10009530                tud_descriptor_device_cb
 .text.tud_descriptor_configuration_cb
                0x10009538        0x8 libs/usb-serial-debug/libusb_serial_debug.a(usb_descriptors.c.o)
                0x10009538                tud_descriptor_configuration_cb
 .text.tud_descriptor_string_cb
                0x10009540       0x70 libs/usb-serial-debug/libusb_serial_debug.a(usb_descriptors.c.o)
                0x10009540                tud_descriptor_string_cb
 .text.tud_descriptor_device_qualifier_cb
                0x100095b0        0x4 libs/usb-serial-debug/libusb_serial_debug.a(usb_descriptors.c.o)
                0x100095b0                tud_descriptor_device_qualifier_cb
 .text.tud_descriptor_other_speed_configuration_cb
                0x100095b4        0x4 libs/usb-serial-debug/libusb_serial_debug.a(usb_descriptors.c.o)
                0x100095b4                tud_descriptor_other_speed_configuration_cb
 .text.usb_serial_init
                0x100095b8       0x18 libs/usb-serial-debug/libusb_serial_debug.a(helper.c.o)
                0x100095b8                usb_serial_init
 .text.usb_serial_print
                0x100095d0       0xac libs/usb-serial-debug/libusb_serial_debug.a(helper.c.o)
                0x100095d0                usb_serial_print
 .text.strlen   0x1000967c       0x5c /home/umar/.pico-sdk/toolchain/14_2_Rel1/bin/../lib/gcc/arm-none-eabi/14.2.1/../../../../arm-none-eabi/lib/thumb/v6-m/nofp/libg.a(libc_a-strlen-stub.o)
                0x1000967c                strlen
 *(.fini)
 .fini          0x100096d8        0x4 /home/umar/.pico-sdk/toolchain/14_2_Rel1/bin/../lib/gcc/arm-none-eabi/14.2.1/thumb/v6-m/nofp/crti.o
                0x100096d8                _fini
 *fill*         0x100096dc        0x4 
 .fini.__stub   0x100096e0       0xb0 linker stubs
 *crtbegin.o(.ctors)
 *crtbegin?.o(.ctors)
 *(EXCLUDE_FILE(*crtend.o *crtend?.o) .ctors)
 *(SORT_BY_NAME(.ctors.*))
 *(.ctors)
 *crtbegin.o(.dtors)
 *crtbegin?.o(.dtors)
 *(EXCLUDE_FILE(*crtend.o *crtend?.o) .dtors)
 *(SORT_BY_NAME(.dtors.*))
 *(.dtors)
                0x10009790                        . = ALIGN (0x4)
                0x10009790                        PROVIDE (__preinit_array_start = .)
 *(SORT_BY_NAME(.preinit_array.*))
 .preinit_array.00100
                0x10009790        0x4 examples/hat_imu_cdc_ex/CMakeFiles/hat_imu_cdc_ex.dir/home/umar/.pico-sdk/sdk/2.2.0/src/rp2_common/pico_runtime_init/runtime_init.c.o
                0x10009790                __pre_init_runtime_init_early_resets
 .preinit_array.00101
                0x10009794        0x4 examples/hat_imu_cdc_ex/CMakeFiles/hat_imu_cdc_ex.dir/home/umar/.pico-sdk/sdk/2.2.0/src/rp2_common/pico_runtime_init/runtime_init.c.o
                0x10009794                __pre_init_runtime_init_usb_power_down
 .preinit_array.00275
                0x10009798        0x4 examples/hat_imu_cdc_ex/CMakeFiles/hat_imu_cdc_ex.dir/home/umar/.pico-sdk/sdk/2.2.0/src/rp2_common/pico_bit_ops/bit_ops_aeabi.S.o
 .preinit_array.00300
                0x1000979c        0x4 examples/hat_imu_cdc_ex/CMakeFiles/hat_imu_cdc_ex.dir/home/umar/.pico-sdk/sdk/2.2.0/src/rp2_common/pico_mem_ops/mem_ops_aeabi.S.o
 .preinit_array.00350
                0x100097a0        0x4 examples/hat_imu_cdc_ex/CMakeFiles/hat_imu_cdc_ex.dir/home/umar/.pico-sdk/sdk/2.2.0/src/rp2_common/pico_double/double_aeabi_rp2040.S.o
 .preinit_array.00350
                0x100097a4        0x4 examples/hat_imu_cdc_ex/CMakeFiles/hat_imu_cdc_ex.dir/home/umar/.pico-sdk/sdk/2.2.0/src/rp2_common/pico_float/float_aeabi_rp2040.S.o
 .preinit_array.00500
                0x100097a8        0x4 examples/hat_imu_cdc_ex/CMakeFiles/hat_imu_cdc_ex.dir/home/umar/.pico-sdk/sdk/2.2.0/src/rp2_common/pico_runtime_init/runtime_init.c.o
                0x100097a8                __pre_init_runtime_init_clocks
 .preinit_array.00600
                0x100097ac        0x4 examples/hat_imu_cdc_ex/CMakeFiles/hat_imu_cdc_ex.dir/home/umar/.pico-sdk/sdk/2.2.0/src/rp2_common/pico_runtime_init/runtime_init.c.o
                0x100097ac                __pre_init_runtime_init_post_clock_resets
 .preinit_array.00700
                0x100097b0        0x4 examples/hat_imu_cdc_ex/CMakeFiles/hat_imu_cdc_ex.dir/home/umar/.pico-sdk/sdk/2.2.0/src/rp2_common/pico_runtime_init/runtime_init.c.o
                0x100097b0                __pre_init_runtime_init_rp2040_gpio_ie_disable
 .preinit_array.01000
                0x100097b4        0x4 examples/hat_imu_cdc_ex/CMakeFiles/hat_imu_cdc_ex.dir/home/umar/.pico-sdk/sdk/2.2.0/src/rp2_common/pico_runtime_init/runtime_init.c.o
                0x100097b4                __pre_init_runtime_init_spin_locks_reset
 .preinit_array.01100
                0x100097b8        0x4 examples/hat_imu_cdc_ex/CMakeFiles/hat_imu_cdc_ex.dir/home/umar/.pico-sdk/sdk/2.2.0/src/common/pico_sync/mutex.c.o
                0x100097b8                __pre_init_runtime_init_mutex
 .preinit_array.10080