Archive member included to satisfy reference by file (symbol)

libs/TKJHAT/libTKJHAT_SDK.a(sdk.c.o)
                              CMakeFiles/hat_app.dir/src/main.c.o (init_sw1)
libs/TKJHAT/libTKJHAT_SDK.a(ssd1306.c.o)
                              libs/TKJHAT/libTKJHAT_SDK.a(sdk.c.o) (ssd1306_init)
libs/TKJHAT/libTKJHAT_SDK.a(pdm_microphone.c.o)
                              libs/TKJHAT/libTKJHAT_SDK.a(sdk.c.o) (pdm_microphone_init)
libs/TKJHAT/libTKJHAT_SDK.a(OpenPDMFilter.c.o)
                              libs/TKJHAT/libTKJHAT_SDK.a(pdm_microphone.c.o) (Open_PDM_Filter_Init)
/home/umar/.pico-sdk/toolchain/14_2_Rel1/bin/../lib/gcc/arm-none-eabi/14.2.1/thumb/v6-m/nofp/libgcc.a(_dvmd_tls.o)
                              CMakeFiles/hat_app.dir/home/umar/.pico-sdk/sdk/2.2.0/src/rp2_common/pico_divider/divider_hardware.S.o (__aeabi_idiv0)
/home/umar/.pico-sdk/toolchain/14_2_Rel1/bin/../lib/gcc/arm-none-eabi/14.2.1/../../../../arm-none-eabi/lib/thumb/v6-m/nofp/libg.a(libc_a-calloc.o)
                              CMakeFiles/hat_app.dir/home/umar/.pico-sdk/sdk/2.2.0/src/rp2_common/pico_malloc/malloc.c.o (calloc)
/home/umar/.pico-sdk/toolchain/14_2_Rel1/bin/../lib/gcc/arm-none-eabi/14.2.1/../../../../arm-none-eabi/lib/thumb/v6-m/nofp/libg.a(libc_a-callocr.o)
                              /home/umar/.pico-sdk/toolchain/14_2_Rel1/bin/../lib/gcc/arm-none-eabi/14.2.1/../../../../arm-none-eabi/lib/thumb/v6-m/nofp/libg.a(libc_a-calloc.o) (_calloc_r)
/home/umar/.pico-sdk/toolchain/14_2_Rel1/bin/../lib/gcc/arm-none-eabi/14.2.1/../../../../arm-none-eabi/lib/thumb/v6-m/nofp/libg.a(libc_a-malloc.o)
                              CMakeFiles/hat_app.dir/home/umar/.pico-sdk/sdk/2.2.0/src/rp2_common/pico_malloc/malloc.c.o (malloc)
/home/umar/.pico-sdk/toolchain/14_2_Rel1/bin/../lib/gcc/arm-none-eabi/14.2.1/../../../../arm-none-eabi/lib/thumb/v6-m/nofp/libg.a(libc_a-mallocr.o)
                              /home/umar/.pico-sdk/toolchain/14_2_Rel1/bin/../lib/gcc/arm-none-eabi/14.2.1/../../../../arm-none-eabi/lib/thumb/v6-m/nofp/libg.a(libc_a-callocr.o) (_malloc_r)
/home/umar/.pico-sdk/toolchain/14_2_Rel1/bin/../lib/gcc/arm-none-eabi/14.2.1/../../../../arm-none-eabi/lib/thumb/v6-m/nofp/libg.a(libc_a-mlock.o)
                              /home/umar/.pico-sdk/toolchain/14_2_Rel1/bin/../lib/gcc/arm-none-eabi/14.2.1/../../../../arm-none-eabi/lib/thumb/v6-m/nofp/libg.a(libc_a-mallocr.o) (__malloc_lock)
/home/umar/.pico-sdk/toolchain/14_2_Rel1/bin/../lib/gcc/arm-none-eabi/14.2.1/../../../../arm-none-eabi/lib/thumb/v6-m/nofp/libg.a(libc_a-realloc.o)
                              CMakeFiles/hat_app.dir/home/umar/.pico-sdk/sdk/2.2.0/src/rp2_common/pico_malloc/malloc.c.o (realloc)
/home/umar/.pico-sdk/toolchain/14_2_Rel1/bin/../lib/gcc/arm-none-eabi/14.2.1/../../../../arm-none-eabi/lib/thumb/v6-m/nofp/libg.a(libc_a-reallocr.o)
                              /home/umar/.pico-sdk/toolchain/14_2_Rel1/bin/../lib/gcc/arm-none-eabi/14.2.1/../../../../arm-none-eabi/lib/thumb/v6-m/nofp/libg.a(libc_a-realloc.o) (_realloc_r)
/home/umar/.pico-sdk/toolchain/14_2_Rel1/bin/../lib/gcc/arm-none-eabi/14.2.1/../../../../arm-none-eabi/lib/thumb/v6-m/nofp/libg.a(libc_a-ctype_.o)
                              CMakeFiles/hat_app.dir/home/umar/.pico-sdk/sdk/2.2.0/lib/tinyusb/src/tusb.c.o (_ctype_)
/home/umar/.pico-sdk/toolchain/14_2_Rel1/bin/../lib/gcc/arm-none-eabi/14.2.1/../../../../arm-none-eabi/lib/thumb/v6-m/nofp/libg.a(libc_a-fflush.o)
                              CMakeFiles/hat_app.dir/src/main.c.o (fflush)
/home/umar/.pico-sdk/toolchain/14_2_Rel1/bin/../lib/gcc/arm-none-eabi/14.2.1/../../../../arm-none-eabi/lib/thumb/v6-m/nofp/libg.a(libc_a-findfp.o)
                              /home/umar/.pico-sdk/toolchain/14_2_Rel1/bin/../lib/gcc/arm-none-eabi/14.2.1/../../../../arm-none-eabi/lib/thumb/v6-m/nofp/libg.a(libc_a-fflush.o) (__sglue)
/home/umar/.pico-sdk/toolchain/14_2_Rel1/bin/../lib/gcc/arm-none-eabi/14.2.1/../../../../arm-none-eabi/lib/thumb/v6-m/nofp/libg.a(libc_a-fwalk.o)
                              /home/umar/.pico-sdk/toolchain/14_2_Rel1/bin/../lib/gcc/arm-none-eabi/14.2.1/../../../../arm-none-eabi/lib/thumb/v6-m/nofp/libg.a(libc_a-fflush.o) (_fwalk_sglue)
/home/umar/.pico-sdk/toolchain/14_2_Rel1/bin/../lib/gcc/arm-none-eabi/14.2.1/../../../../arm-none-eabi/lib/thumb/v6-m/nofp/libg.a(libc_a-stdio.o)
                              /home/umar/.pico-sdk/toolchain/14_2_Rel1/bin/../lib/gcc/arm-none-eabi/14.2.1/../../../../arm-none-eabi/lib/thumb/v6-m/nofp/libg.a(libc_a-findfp.o) (__sread)
/home/umar/.pico-sdk/toolchain/14_2_Rel1/bin/../lib/gcc/arm-none-eabi/14.2.1/../../../../arm-none-eabi/lib/thumb/v6-m/nofp/libg.a(libc_a-memcmp.o)
                              CMakeFiles/hat_app.dir/home/umar/.pico-sdk/sdk/2.2.0/src/rp2_common/pico_atomic/atomic.c.o (memcmp)
/home/umar/.pico-sdk/toolchain/14_2_Rel1/bin/../lib/gcc/arm-none-eabi/14.2.1/../../../../arm-none-eabi/lib/thumb/v6-m/nofp/libg.a(libc_a-memmove.o)
[...]
Memory Configuration

Name             Origin             Length             Attributes
FLASH            0x10000000         0x00200000         xr
RAM              0x20000000         0x00040000         xrw
SCRATCH_X        0x20040000         0x00001000         xrw
SCRATCH_Y        0x20041000         0x00001000         xrw
*default*        0x00000000         0xffffffff

Linker script and memory map

LOAD /home/umar/.pico-sdk/toolchain/14_2_Rel1/bin/../lib/gcc/arm-none-eabi/14.2.1/thumb/v6-m/nofp/crti.o
LOAD /home/umar/.pico-sdk/toolchain/14_2_Rel1/bin/../lib/gcc/arm-none-eabi/14.2.1/thumb/v6-m/nofp/crtbegin.o
LOAD /home/umar/.pico-sdk/toolchain/14_2_Rel1/bin/../lib/gcc/arm-none-eabi/14.2.1/../../../../arm-none-eabi/lib/thumb/v6-m/nofp/crt0.o

.flash_begin    0x10000000        0x0
                0x10000000                        __flash_binary_start = .

.boot2          0x10000000      0x100
                0x10000000                        __boot2_start__ = .
 *(.boot2)
 .boot2         0x10000000      0x100 pico-sdk/src/rp2040/boot_stage2/CMakeFiles/bs2_default_library.dir/./bs2_default_padded_checksummed.S.o
                0x10000100                        __boot2_end__ = .
                0x00000001                        ASSERT (((__boot2_end__ - __boot2_start__) == 0x100), ERROR: Pico second stage bootloader must be 256 bytes in size)

.text           0x10000100     0xacb0
                0x10000100                        __logical_binary_start = .
 *(.vectors)
 .vectors       0x10000100       0xd4 CMakeFiles/hat_app.dir/home/umar/.pico-sdk/sdk/2.2.0/src/rp2_common/pico_crt0/crt0.S.o
                0x10000100                __vectors
                0x10000100                __VECTOR_TABLE
                0x100001c0                isr_irq30
                0x100001c0                __unhandled_user_irq
                0x100001c0                isr_irq13
                0x100001c0                isr_irq27
                0x100001c0                isr_irq31
                0x100001c0                isr_irq5
                0x100001c0                isr_irq11
                0x100001c0                isr_irq23
                0x100001c0                isr_irq18
                0x100001c0                isr_irq28
                0x100001c0                isr_irq19
                0x100001c0                isr_irq0
                0x100001c0                isr_irq6
                0x100001c0                isr_irq22
                0x100001c0                isr_irq17
                0x100001c0                isr_irq14
                0x100001c0                __vectors_end
                0x100001c0                __default_isrs_start
                0x100001c0                isr_irq2
                0x100001c0                isr_irq10
                0x100001c0                isr_irq8
                0x100001c0                isr_irq24
                0x100001c0                isr_irq1
                0x100001c0                isr_irq7
                0x100001c0                isr_irq21
                0x100001c0                isr_irq20
                0x100001c0                isr_irq15
                0x100001c0                isr_irq25
                0x100001c0                isr_irq4
                0x100001c0                isr_irq16
                0x100001c0                isr_irq29
                0x100001c0                isr_irq26
                0x100001c0                isr_irq3
                0x100001c0                isr_irq12
                0x100001c0                isr_irq9
                0x100001c6                unhandled_user_irq_num_in_r0
                0x100001c8                isr_invalid
                0x100001ca                isr_nmi
                0x100001cc                isr_hardfault
                0x100001ce                isr_svcall
                0x100001d0                isr_pendsv
                0x100001d2                isr_systick
                0x100001d4                __default_isrs_end
 *(.binary_info_header)
 .binary_info_header
                0x100001d4       0x14 CMakeFiles/hat_app.dir/home/umar/.pico-sdk/sdk/2.2.0/src/rp2_common/pico_crt0/crt0.S.o
                0x100001e8                        __binary_info_header_end = .
 *(.embedded_block)
                0x100001e8                        __embedded_block_end = .
 *(.reset)
 .reset         0x100001e8       0x9c CMakeFiles/hat_app.dir/home/umar/.pico-sdk/sdk/2.2.0/src/rp2_common/pico_crt0/crt0.S.o
                0x100001e8                _entry_point
 *(.init)
 .init          0x10000284        0x4 /home/umar/.pico-sdk/toolchain/14_2_Rel1/bin/../lib/gcc/arm-none-eabi/14.2.1/thumb/v6-m/nofp/crti.o
                0x10000284                _init
 *(EXCLUDE_FILE(*libm.a: *libc.a:*lib_a-mem*.o *libgcc.a:) .text*)
 .text.register_tm_clones
                0x10000288       0x28 /home/umar/.pico-sdk/toolchain/14_2_Rel1/bin/../lib/gcc/arm-none-eabi/14.2.1/thumb/v6-m/nofp/crtbegin.o
 .text.frame_dummy
                0x100002b0       0x24 /home/umar/.pico-sdk/toolchain/14_2_Rel1/bin/../lib/gcc/arm-none-eabi/14.2.1/thumb/v6-m/nofp/crtbegin.o
 .text.button_task
                0x100002d4       0x6c CMakeFiles/hat_app.dir/src/main.c.o
 .text.morse_to_char
                0x10000340       0x3c CMakeFiles/hat_app.dir/src/main.c.o
 .text.imu_task
                0x1000037c      0x2f0 CMakeFiles/hat_app.dir/src/main.c.o
                0x1000037c                imu_task
 .text.main     0x1000066c       0xf0 CMakeFiles/hat_app.dir/src/main.c.o
                0x1000066c                main
 .text.gpio_set_function
                0x1000075c       0x34 CMakeFiles/hat_app.dir/home/umar/.pico-sdk/sdk/2.2.0/src/rp2_common/hardware_gpio/gpio.c.o
                0x1000075c                gpio_set_function
 .text.gpio_set_pulls
                0x10000790       0x38 CMakeFiles/hat_app.dir/home/umar/.pico-sdk/sdk/2.2.0/src/rp2_common/hardware_gpio/gpio.c.o
                0x10000790                gpio_set_pulls
 .text.gpio_init
                0x100007c8       0x16 CMakeFiles/hat_app.dir/home/umar/.pico-sdk/sdk/2.2.0/src/rp2_common/hardware_gpio/gpio.c.o
                0x100007c8                gpio_init
 *fill*         0x100007de        0x2 
 .text.rp2040_chip_version
                0x100007e0       0x54 CMakeFiles/hat_app.dir/home/umar/.pico-sdk/sdk/2.2.0/src/rp2040/pico_platform/platform.c.o
                0x100007e0                rp2040_chip_version
 .text.panic    0x10000834       0x30 CMakeFiles/hat_app.dir/home/umar/.pico-sdk/sdk/2.2.0/src/rp2_common/pico_platform_panic/panic.c.o
                0x10000834                panic
 .text.panic_unsupported
                0x10000864        0xc CMakeFiles/hat_app.dir/home/umar/.pico-sdk/sdk/2.2.0/src/rp2_common/pico_platform_panic/panic.c.o
                0x10000864                panic_unsupported
 .text.hw_claim_lock
                0x10000870       0x18 CMakeFiles/hat_app.dir/home/umar/.pico-sdk/sdk/2.2.0/src/common/hardware_claim/claim.c.o
                0x10000870                hw_claim_lock
 .text.hw_claim_unlock
                0x10000888       0x14 CMakeFiles/hat_app.dir/home/umar/.pico-sdk/sdk/2.2.0/src/common/hardware_claim/claim.c.o
                0x10000888                hw_claim_unlock
 .text.hw_claim_or_assert
                0x1000089c       0x32 CMakeFiles/hat_app.dir/home/umar/.pico-sdk/sdk/2.2.0/src/common/hardware_claim/claim.c.o
                0x1000089c                hw_claim_or_assert
 .text.hw_claim_unused_from_range
                0x100008ce       0x50 CMakeFiles/hat_app.dir/home/umar/.pico-sdk/sdk/2.2.0/src/common/hardware_claim/claim.c.o
                0x100008ce                hw_claim_unused_from_range
 *fill*         0x1000091e        0x2 
 .text.next_striped_spin_lock_num
                0x10000920       0x1c CMakeFiles/hat_app.dir/home/umar/.pico-sdk/sdk/2.2.0/src/rp2_common/hardware_sync/sync.c.o
                0x10000920                next_striped_spin_lock_num
 .text.spin_lock_claim
                0x1000093c       0x18 CMakeFiles/hat_app.dir/home/umar/.pico-sdk/sdk/2.2.0/src/rp2_common/hardware_sync/sync.c.o
                0x1000093c                spin_lock_claim
 .text.spin_lock_claim_unused
                0x10000954       0x24 CMakeFiles/hat_app.dir/home/umar/.pico-sdk/sdk/2.2.0/src/rp2_common/hardware_sync/sync.c.o
                0x10000954                spin_lock_claim_unused
 .text.spin_locks_reset
                0x10000978       0x20 CMakeFiles/hat_app.dir/home/umar/.pico-sdk/sdk/2.2.0/src/rp2_common/hardware_sync_spin_lock/sync_spin_lock.c.o
                0x10000978                spin_locks_reset
 .text.set_raw_irq_handler_and_unlock
                0x10000998       0x28 CMakeFiles/hat_app.dir/home/umar/.pico-sdk/sdk/2.2.0/src/rp2_common/hardware_irq/irq.c.o
 .text.nvic_ipr0
                0x100009c0        0x8 CMakeFiles/hat_app.dir/home/umar/.pico-sdk/sdk/2.2.0/src/rp2_common/hardware_irq/irq.c.o
 .text.runtime_init_per_core_irq_priorities
                0x100009c8       0x1c CMakeFiles/hat_app.dir/home/umar/.pico-sdk/sdk/2.2.0/src/rp2_common/hardware_irq/irq.c.o
                0x100009c8                runtime_init_per_core_irq_priorities
 .text.resolve_j_16
                0x100009e4       0x30 CMakeFiles/hat_app.dir/home/umar/.pico-sdk/sdk/2.2.0/src/rp2_common/hardware_irq/irq.c.o
 .text.make_j_16
                0x10000a14       0x48 CMakeFiles/hat_app.dir/home/umar/.pico-sdk/sdk/2.2.0/src/rp2_common/hardware_irq/irq.c.o
 .text.irq_is_enabled
                0x10000a5c       0x18 CMakeFiles/hat_app.dir/home/umar/.pico-sdk/sdk/2.2.0/src/rp2_common/hardware_irq/irq.c.o
                0x10000a5c                irq_is_enabled
 .text.irq_set_mask_n_enabled
                0x10000a74       0x1c CMakeFiles/hat_app.dir/home/umar/.pico-sdk/sdk/2.2.0/src/rp2_common/hardware_irq/irq.c.o
                0x10000a74                irq_set_mask_n_enabled
 .text.irq_set_enabled
                0x10000a90       0x14 CMakeFiles/hat_app.dir/home/umar/.pico-sdk/sdk/2.2.0/src/rp2_common/hardware_irq/irq.c.o
                0x10000a90                irq_set_enabled
 .text.irq_set_pending
                0x10000aa4       0x10 CMakeFiles/hat_app.dir/home/umar/.pico-sdk/sdk/2.2.0/src/rp2_common/hardware_irq/irq.c.o
                0x10000aa4                irq_set_pending
 .text.irq_get_vtable_handler
                0x10000ab4       0x10 CMakeFiles/hat_app.dir/home/umar/.pico-sdk/sdk/2.2.0/src/rp2_common/hardware_irq/irq.c.o
                0x10000ab4                irq_get_vtable_handler
 .text.irq_has_shared_handler
                0x10000ac4       0x1c CMakeFiles/hat_app.dir/home/umar/.pico-sdk/sdk/2.2.0/src/rp2_common/hardware_irq/irq.c.o
                0x10000ac4                irq_has_shared_handler
 .text.irq_set_exclusive_handler
                0x10000ae0       0x54 CMakeFiles/hat_app.dir/home/umar/.pico-sdk/sdk/2.2.0/src/rp2_common/hardware_irq/irq.c.o
                0x10000ae0                irq_set_exclusive_handler
 .text.irq_add_shared_handler
                0x10000b34      0x218 CMakeFiles/hat_app.dir/home/umar/.pico-sdk/sdk/2.2.0/src/rp2_common/hardware_irq/irq.c.o
                0x10000b34                irq_add_shared_handler
 .text.irq_set_priority
                0x10000d4c       0x26 CMakeFiles/hat_app.dir/home/umar/.pico-sdk/sdk/2.2.0/src/rp2_common/hardware_irq/irq.c.o
                0x10000d4c                irq_set_priority
 *fill*         0x10000d72        0x2 
 .text.irq_add_tail_to_free_list
                0x10000d74       0xf4 CMakeFiles/hat_app.dir/home/umar/.pico-sdk/sdk/2.2.0/src/rp2_common/hardware_irq/irq.c.o
                0x10000d74                irq_add_tail_to_free_list
 .text.user_irq_claim_unused
                0x10000e68       0x2c CMakeFiles/hat_app.dir/home/umar/.pico-sdk/sdk/2.2.0/src/rp2_common/hardware_irq/irq.c.o
                0x10000e68                user_irq_claim_unused
 .text.lock_init
                0x10000e94       0x10 CMakeFiles/hat_app.dir/home/umar/.pico-sdk/sdk/2.2.0/src/common/pico_sync/lock_core.c.o
                0x10000e94                lock_init
 .text.mutex_init
                0x10000ea4       0x1c CMakeFiles/hat_app.dir/home/umar/.pico-sdk/sdk/2.2.0/src/common/pico_sync/mutex.c.o
                0x10000ea4                mutex_init
 .text.recursive_mutex_init
                0x10000ec0       0x20 CMakeFiles/hat_app.dir/home/umar/.pico-sdk/sdk/2.2.0/src/common/pico_sync/mutex.c.o
                0x10000ec0                recursive_mutex_init
 .text.runtime_init_mutex
                0x10000ee0       0x4c CMakeFiles/hat_app.dir/home/umar/.pico-sdk/sdk/2.2.0/src/common/pico_sync/mutex.c.o
                0x10000ee0                runtime_init_mutex
 .text.critical_section_init_with_lock_num
                0x10000f2c       0x14 CMakeFiles/hat_app.dir/home/umar/.pico-sdk/sdk/2.2.0/src/common/pico_sync/critical_section.c.o
                0x10000f2c                critical_section_init_with_lock_num
 .text.critical_section_init
                0x10000f40       0x14 CMakeFiles/hat_app.dir/home/umar/.pico-sdk/sdk/2.2.0/src/common/pico_sync/critical_section.c.o
                0x10000f40                critical_section_init
 .text.ta_set_timeout
                0x10000f54       0x24 CMakeFiles/hat_app.dir/home/umar/.pico-sdk/sdk/2.2.0/src/common/pico_time/time.c.o
 .text.make_alarm_id
                0x10000f78        0x6 CMakeFiles/hat_app.dir/home/umar/.pico-sdk/sdk/2.2.0/src/common/pico_time/time.c.o
 *fill*         0x10000f7e        0x2 
 .text.alarm_pool_irq_handler
                0x10000f80      0x2f0 CMakeFiles/hat_app.dir/home/umar/.pico-sdk/sdk/2.2.0/src/common/pico_time/time.c.o
 .text.ta_enable_irq_handler
                0x10001270       0x2c CMakeFiles/hat_app.dir/home/umar/.pico-sdk/sdk/2.2.0/src/common/pico_time/time.c.o
 .text.alarm_pool_post_alloc_init
                0x1000129c       0x78 CMakeFiles/hat_app.dir/home/umar/.pico-sdk/sdk/2.2.0/src/common/pico_time/time.c.o
 .text.sleep_until_callback
                0x10001314       0x28 CMakeFiles/hat_app.dir/home/umar/.pico-sdk/sdk/2.2.0/src/common/pico_time/time.c.o
 .text.alarm_pool_get_default
                0x1000133c       0x2c CMakeFiles/hat_app.dir/home/umar/.pico-sdk/sdk/2.2.0/src/common/pico_time/time.c.o
                0x1000133c                alarm_pool_get_default
 .text.alarm_pool_add_alarm_at_force_in_context
                0x10001368       0xa4 CMakeFiles/hat_app.dir/home/umar/.pico-sdk/sdk/2.2.0/src/common/pico_time/time.c.o
                0x10001368                alarm_pool_add_alarm_at_force_in_context
 .text.alarm_pool_add_alarm_at
                0x1000140c       0x3c CMakeFiles/hat_app.dir/home/umar/.pico-sdk/sdk/2.2.0/src/common/pico_time/time.c.o
                0x1000140c                alarm_pool_add_alarm_at
 .text.add_alarm_at
                0x10001448       0x2e CMakeFiles/hat_app.dir/home/umar/.pico-sdk/sdk/2.2.0/src/common/pico_time/time.c.o
 *fill*         0x10001476        0x2 
 .text.alarm_pool_cancel_alarm
                0x10001478       0x78 CMakeFiles/hat_app.dir/home/umar/.pico-sdk/sdk/2.2.0/src/common/pico_time/time.c.o
                0x10001478                alarm_pool_cancel_alarm
 .text.cancel_alarm
                0x100014f0       0x10 CMakeFiles/hat_app.dir/home/umar/.pico-sdk/sdk/2.2.0/src/common/pico_time/time.c.o
 .text.alarm_pool_core_num
                0x10001500        0x4 CMakeFiles/hat_app.dir/home/umar/.pico-sdk/sdk/2.2.0/src/common/pico_time/time.c.o
                0x10001500                alarm_pool_core_num
 .text.sleep_until
                0x10001504       0xa4 CMakeFiles/hat_app.dir/home/umar/.pico-sdk/sdk/2.2.0/src/common/pico_time/time.c.o
                0x10001504                sleep_until
 .text.sleep_us
                0x100015a8       0x24 CMakeFiles/hat_app.dir/home/umar/.pico-sdk/sdk/2.2.0/src/common/pico_time/time.c.o
                0x100015a8                sleep_us
 .text.sleep_ms
                0x100015cc       0x14 CMakeFiles/hat_app.dir/home/umar/.pico-sdk/sdk/2.2.0/src/common/pico_time/time.c.o
                0x100015cc                sleep_ms
 .text.best_effort_wfe_or_timeout
                0x100015e0      0x11c CMakeFiles/hat_app.dir/home/umar/.pico-sdk/sdk/2.2.0/src/common/pico_time/time.c.o
                0x100015e0                best_effort_wfe_or_timeout
 .text.alarm_pool_get_default_timer
                0x100016fc        0x8 CMakeFiles/hat_app.dir/home/umar/.pico-sdk/sdk/2.2.0/src/common/pico_time/time.c.o
                0x100016fc                alarm_pool_get_default_timer
 .text.runtime_init_default_alarm_pool
                0x10001704       0x38 CMakeFiles/hat_app.dir/home/umar/.pico-sdk/sdk/2.2.0/src/common/pico_time/time.c.o
                0x10001704                runtime_init_default_alarm_pool
 .text.timer_hardware_alarm_claim
                0x1000173c       0x14 CMakeFiles/hat_app.dir/home/umar/.pico-sdk/sdk/2.2.0/src/rp2_common/hardware_timer/timer.c.o
                0x1000173c                timer_hardware_alarm_claim
 .text.timer_time_us_64
                0x10001750       0x10 CMakeFiles/hat_app.dir/home/umar/.pico-sdk/sdk/2.2.0/src/rp2_common/hardware_timer/timer.c.o
                0x10001750                timer_time_us_64
 .text.timer_busy_wait_until
                0x10001760       0x1a CMakeFiles/hat_app.dir/home/umar/.pico-sdk/sdk/2.2.0/src/rp2_common/hardware_timer/timer.c.o
                0x10001760                timer_busy_wait_until
 .text.timer_busy_wait_us
                0x1000177a       0x38 CMakeFiles/hat_app.dir/home/umar/.pico-sdk/sdk/2.2.0/src/rp2_common/hardware_timer/timer.c.o
                0x1000177a                timer_busy_wait_us
 *fill*         0x100017b2        0x2 
 .text.time_us_64
                0x100017b4       0x10 CMakeFiles/hat_app.dir/home/umar/.pico-sdk/sdk/2.2.0/src/rp2_common/hardware_timer/timer.c.o
                0x100017b4                time_us_64
 .text.busy_wait_us
                0x100017c4       0x14 CMakeFiles/hat_app.dir/home/umar/.pico-sdk/sdk/2.2.0/src/rp2_common/hardware_timer/timer.c.o
                0x100017c4                busy_wait_us
 .text.busy_wait_until
                0x100017d8       0x14 CMakeFiles/hat_app.dir/home/umar/.pico-sdk/sdk/2.2.0/src/rp2_common/hardware_timer/timer.c.o
                0x100017d8                busy_wait_until
 .text.clock_configure_internal
                0x100017ec       0xc4 CMakeFiles/hat_app.dir/home/umar/.pico-sdk/sdk/2.2.0/src/rp2_common/hardware_clocks/clocks.c.o
 .text.clock_configure_int_divider
                0x100018b0       0x28 CMakeFiles/hat_app.dir/home/umar/.pico-sdk/sdk/2.2.0/src/rp2_common/hardware_clocks/clocks.c.o
                0x100018b0                clock_configure_int_divider
 .text.clock_configure_undivided
                0x100018d8       0x12 CMakeFiles/hat_app.dir/home/umar/.pico-sdk/sdk/2.2.0/src/rp2_common/hardware_clocks/clocks.c.o
                0x100018d8                clock_configure_undivided
 *fill*         0x100018ea        0x2 
 .text.clock_get_hz
                0x100018ec        0xc CMakeFiles/hat_app.dir/home/umar/.pico-sdk/sdk/2.2.0/src/rp2_common/hardware_clocks/clocks.c.o
                0x100018ec                clock_get_hz
 .text.pll_init
                0x100018f8      0x124 CMakeFiles/hat_app.dir/home/umar/.pico-sdk/sdk/2.2.0/src/rp2_common/hardware_pll/pll.c.o
                0x100018f8                pll_init
 .text.watchdog_update
                0x10001a1c       0x14 CMakeFiles/hat_app.dir/home/umar/.pico-sdk/sdk/2.2.0/src/rp2_common/hardware_watchdog/watchdog.c.o
                0x10001a1c                watchdog_update
 .text._watchdog_enable
                0x10001a30       0x78 CMakeFiles/hat_app.dir/home/umar/.pico-sdk/sdk/2.2.0/src/rp2_common/hardware_watchdog/watchdog.c.o
                0x10001a30                _watchdog_enable
 .text.watchdog_reboot
                0x10001aa8       0x48 CMakeFiles/hat_app.dir/home/umar/.pico-sdk/sdk/2.2.0/src/rp2_common/hardware_watchdog/watchdog.c.o
                0x10001aa8                watchdog_reboot
 .text.tick_start
                0x10001af0       0x10 CMakeFiles/hat_app.dir/home/umar/.pico-sdk/sdk/2.2.0/src/rp2_common/hardware_ticks/ticks.c.o
                0x10001af0                tick_start
 .text.rom_func_lookup
                0x10001b00       0x10 CMakeFiles/hat_app.dir/home/umar/.pico-sdk/sdk/2.2.0/src/rp2_common/pico_bootrom/bootrom.c.o
                0x10001b00                rom_func_lookup
 .text.rom_data_lookup
                0x10001b10       0x10 CMakeFiles/hat_app.dir/home/umar/.pico-sdk/sdk/2.2.0/src/rp2_common/pico_bootrom/bootrom.c.o
                0x10001b10                rom_data_lookup
 .text.rom_funcs_lookup
                0x10001b20       0x36 CMakeFiles/hat_app.dir/home/umar/.pico-sdk/sdk/2.2.0/src/rp2_common/pico_bootrom/bootrom.c.o
                0x10001b20                rom_funcs_lookup
 *fill*         0x10001b56        0x2 
 .text.rom_reset_usb_boot_extra
                0x10001b58       0x24 CMakeFiles/hat_app.dir/home/umar/.pico-sdk/sdk/2.2.0/src/rp2_common/pico_bootrom/bootrom.c.o
                0x10001b58                rom_reset_usb_boot_extra
 .text.xosc_init
                0x10001b7c       0x2c CMakeFiles/hat_app.dir/home/umar/.pico-sdk/sdk/2.2.0/src/rp2_common/hardware_xosc/xosc.c.o
                0x10001b7c                xosc_init
 .text.runtime_run_initializers_from
                0x10001ba8       0x18 CMakeFiles/hat_app.dir/home/umar/.pico-sdk/sdk/2.2.0/src/rp2_common/pico_runtime/runtime.c.o
 .text.first_per_core_initializer
                0x10001bc0        0x2 CMakeFiles/hat_app.dir/home/umar/.pico-sdk/sdk/2.2.0/src/rp2_common/pico_runtime/runtime.c.o
 *fill*         0x10001bc2        0x2 
 .text.runtime_run_initializers
                0x10001bc4       0x10 CMakeFiles/hat_app.dir/home/umar/.pico-sdk/sdk/2.2.0/src/rp2_common/pico_runtime/runtime.c.o
                0x10001bc4                runtime_run_initializers
 .text.runtime_run_per_core_initializers
                0x10001bd4       0x10 CMakeFiles/hat_app.dir/home/umar/.pico-sdk/sdk/2.2.0/src/rp2_common/pico_runtime/runtime.c.o
                0x10001bd4                runtime_run_per_core_initializers
 .text.runtime_init_early_resets
                0x10001be4       0x2c CMakeFiles/hat_app.dir/home/umar/.pico-sdk/sdk/2.2.0/src/rp2_common/pico_runtime_init/runtime_init.c.o
                0x10001be4                runtime_init_early_resets
 .text.runtime_init_usb_power_down
                0x10001c10       0x1c CMakeFiles/hat_app.dir/home/umar/.pico-sdk/sdk/2.2.0/src/rp2_common/pico_runtime_init/runtime_init.c.o
                0x10001c10                runtime_init_usb_power_down
 .text.runtime_init_post_clock_resets
                0x10001c2c       0x20 CMakeFiles/hat_app.dir/home/umar/.pico-sdk/sdk/2.2.0/src/rp2_common/pico_runtime_init/runtime_init.c.o
                0x10001c2c                runtime_init_post_clock_resets
 .text.runtime_init_rp2040_gpio_ie_disable
                0x10001c4c       0x14 CMakeFiles/hat_app.dir/home/umar/.pico-sdk/sdk/2.2.0/src/rp2_common/pico_runtime_init/runtime_init.c.o
                0x10001c4c                runtime_init_rp2040_gpio_ie_disable
 .text.runtime_init_spin_locks_reset
                0x10001c60        0x8 CMakeFiles/hat_app.dir/home/umar/.pico-sdk/sdk/2.2.0/src/rp2_common/pico_runtime_init/runtime_init.c.o
                0x10001c60                runtime_init_spin_locks_reset
 .text.runtime_init_install_ram_vector_table
                0x10001c68       0x48 CMakeFiles/hat_app.dir/home/umar/.pico-sdk/sdk/2.2.0/src/rp2_common/pico_runtime_init/runtime_init.c.o
                0x10001c68                runtime_init_install_ram_vector_table
 .text.start_all_ticks
                0x10001cb0       0x28 CMakeFiles/hat_app.dir/home/umar/.pico-sdk/sdk/2.2.0/src/rp2_common/pico_runtime_init/runtime_init_clocks.c.o
 .text.runtime_init_clocks
                0x10001cd8       0xcc CMakeFiles/hat_app.dir/home/umar/.pico-sdk/sdk/2.2.0/src/rp2_common/pico_runtime_init/runtime_init_clocks.c.o
                0x10001cd8                runtime_init_clocks
 .text          0x10001da4       0x10 CMakeFiles/hat_app.dir/home/umar/.pico-sdk/sdk/2.2.0/src/rp2_common/pico_bit_ops/bit_ops_aeabi.S.o
 .text.__wrap___aeabi_idiv
                0x10001db4       0x50 CMakeFiles/hat_app.dir/home/umar/.pico-sdk/sdk/2.2.0/src/rp2_common/pico_divider/divider_hardware.S.o
                0x10001db4                __wrap___aeabi_idivmod
                0x10001db4                divmod_s32s32
                0x10001db4                div_s32s32
                0x10001db4                __wrap___aeabi_idiv
                0x10001dbc                divmod_s32s32_unsafe
                0x10001de8                divmod_s32s32_savestate
 .text.__wrap___aeabi_uidiv
                0x10001e04       0x4c CMakeFiles/hat_app.dir/home/umar/.pico-sdk/sdk/2.2.0/src/rp2_common/pico_divider/divider_hardware.S.o
                0x10001e04                __wrap___aeabi_uidiv
                0x10001e04                __wrap___aeabi_uidivmod
                0x10001e04                div_u32u32
                0x10001e04                divmod_u32u32
                0x10001e0c                divmod_u32u32_unsafe
                0x10001e34                divmod_u32u32_savestate
 .text.__wrap___aeabi_ldiv
                0x10001e50      0x424 CMakeFiles/hat_app.dir/home/umar/.pico-sdk/sdk/2.2.0/src/rp2_common/pico_divider/divider_hardware.S.o
                0x10001e50                div_s64s64
                0x10001e50                divmod_s64s64
                0x10001e50                __wrap___aeabi_ldivmod
                0x10001e80                div_u64u64
                0x10001e80                divmod_u64u64
                0x10001e80                __wrap___aeabi_uldivmod
                0x10001e90                divmod_u64u64_savestate
                0x10001eb0                divmod_s64s64_unsafe
                0x10001f38                divmod_u64u64_unsafe
 .text.__wrap___aeabi_darithmetic
                0x10002274       0x60 CMakeFiles/hat_app.dir/home/umar/.pico-sdk/sdk/2.2.0/src/rp2_common/pico_double/double_aeabi_rp2040.S.o
                0x10002274                __wrap___aeabi_drsub
                0x1000227a                __wrap___aeabi_dsub
                0x10002284                __wrap___aeabi_dadd
                0x1000228e                __wrap___aeabi_ddiv
                0x100022c2                __wrap___aeabi_dmul
 .text.__wrap___aeabi_cdcmple
                0x100022d4       0x6c CMakeFiles/hat_app.dir/home/umar/.pico-sdk/sdk/2.2.0/src/rp2_common/pico_double/double_aeabi_rp2040.S.o
                0x100022d4                __wrap___aeabi_cdrcmple
                0x100022e4                __wrap___aeabi_cdcmple
                0x100022e4                __wrap___aeabi_cdcmpeq
 .text.__wrap___aeabi_dcmplt
                0x10002340        0xc CMakeFiles/hat_app.dir/home/umar/.pico-sdk/sdk/2.2.0/src/rp2_common/pico_double/double_aeabi_rp2040.S.o
                0x10002340                __wrap___aeabi_dcmplt
 .text.__wrap___aeabi_dcmple
                0x1000234c       0x10 CMakeFiles/hat_app.dir/home/umar/.pico-sdk/sdk/2.2.0/src/rp2_common/pico_double/double_aeabi_rp2040.S.o
                0x1000234c                __wrap___aeabi_dcmple
 .text.__wrap___aeabi_dcmpge
                0x1000235c       0x10 CMakeFiles/hat_app.dir/home/umar/.pico-sdk/sdk/2.2.0/src/rp2_common/pico_double/double_aeabi_rp2040.S.o
                0x1000235c                __wrap___aeabi_dcmpge
 .text.__wrap___aeabi_dcmpgt
                0x1000236c        0xa CMakeFiles/hat_app.dir/home/umar/.pico-sdk/sdk/2.2.0/src/rp2_common/pico_double/double_aeabi_rp2040.S.o
                0x1000236c                __wrap___aeabi_dcmpgt
 .text.__wrap___aeabi_dcmpun
                0x10002376       0x18 CMakeFiles/hat_app.dir/home/umar/.pico-sdk/sdk/2.2.0/src/rp2_common/pico_double/double_aeabi_rp2040.S.o
                0x10002376                __wrap___aeabi_dcmpun
 *fill*         0x1000238e        0x2 
 .text.__wrap___aeabi_i2d
                0x10002390       0x38 CMakeFiles/hat_app.dir/home/umar/.pico-sdk/sdk/2.2.0/src/rp2_common/pico_double/double_aeabi_rp2040.S.o
                0x10002390                __wrap___aeabi_ui2d
                0x10002390                uint2double
                0x10002398                __wrap___aeabi_i2d
                0x10002398                int2double
 .text.__wrap___aeabi_d2iz
                0x100023c8       0x48 CMakeFiles/hat_app.dir/home/umar/.pico-sdk/sdk/2.2.0/src/rp2_common/pico_double/double_aeabi_rp2040.S.o
                0x100023c8                __wrap___aeabi_d2iz
                0x100023c8                double2int_z
 .text.__wrap___aeabi_d2uiz
                0x10002410       0x10 CMakeFiles/hat_app.dir/home/umar/.pico-sdk/sdk/2.2.0/src/rp2_common/pico_double/double_aeabi_rp2040.S.o
                0x10002410                double2uint_z
                0x10002410                double2uint
                0x10002410                __wrap___aeabi_d2uiz
 .text.missing_double_func_shim
                0x10002420        0xc CMakeFiles/hat_app.dir/home/umar/.pico-sdk/sdk/2.2.0/src/rp2_common/pico_double/double_init_rom_rp2040.c.o
 .text.__aeabi_double_init
                0x1000242c       0xd0 CMakeFiles/hat_app.dir/home/umar/.pico-sdk/sdk/2.2.0/src/rp2_common/pico_double/double_init_rom_rp2040.c.o
                0x1000242c                __aeabi_double_init
 .text.double_table_shim_on_use_helper
                0x100024fc       0x34 CMakeFiles/hat_app.dir/home/umar/.pico-sdk/sdk/2.2.0/src/rp2_common/pico_double/double_v1_rom_shim_rp2040.S.o
                0x100024fc                double_table_shim_on_use_helper
 .text.__aeabi_lmul
                0x10002530       0x32 CMakeFiles/hat_app.dir/home/umar/.pico-sdk/sdk/2.2.0/src/rp2_common/pico_int64_ops/pico_int64_ops_aeabi.S.o
                0x10002530                __wrap___aeabi_lmul
 *fill*         0x10002562        0x2 
 .text.__wrap___aeabi_farithmetic
                0x10002564       0x48 CMakeFiles/hat_app.dir/home/umar/.pico-sdk/sdk/2.2.0/src/rp2_common/pico_float/float_aeabi_rp2040.S.o
                0x10002564                __wrap___aeabi_frsub
                0x1000256a                __wrap___aeabi_fsub
                0x10002570                __wrap___aeabi_fadd
                0x10002576                __wrap___aeabi_fdiv
                0x1000259e                __wrap___aeabi_fmul
 .text.__wrap___aeabi_cfcmple
                0x100025ac       0x50 CMakeFiles/hat_app.dir/home/umar/.pico-sdk/sdk/2.2.0/src/rp2_common/pico_float/float_aeabi_rp2040.S.o
                0x100025ac                __wrap___aeabi_cfrcmple
                0x100025b8                __wrap___aeabi_cfcmpeq
                0x100025b8                __wrap___aeabi_cfcmple
 .text.__wrap___aeabi_fcmplt
                0x100025fc        0xc CMakeFiles/hat_app.dir/home/umar/.pico-sdk/sdk/2.2.0/src/rp2_common/pico_float/float_aeabi_rp2040.S.o
                0x100025fc                __wrap___aeabi_fcmplt
 .text.__wrap___aeabi_fcmpgt
                0x10002608        0xa CMakeFiles/hat_app.dir/home/umar/.pico-sdk/sdk/2.2.0/src/rp2_common/pico_float/float_aeabi_rp2040.S.o
                0x10002608                __wrap___aeabi_fcmpgt
 *fill*         0x10002612        0x2 
 .text.__wrap___aeabi_i2f
                0x10002614       0x44 CMakeFiles/hat_app.dir/home/umar/.pico-sdk/sdk/2.2.0/src/rp2_common/pico_float/float_aeabi_rp2040.S.o
                0x10002614                int2float
                0x10002614                __wrap___aeabi_i2f
 .text.missing_float_func_shim
                0x10002658        0xc CMakeFiles/hat_app.dir/home/umar/.pico-sdk/sdk/2.2.0/src/rp2_common/pico_float/float_init_rom_rp2040.c.o
 .text.__aeabi_float_init
                0x10002664       0x88 CMakeFiles/hat_app.dir/home/umar/.pico-sdk/sdk/2.2.0/src/rp2_common/pico_float/float_init_rom_rp2040.c.o
                0x10002664                __aeabi_float_init
 .text          0x100026ec       0x10 CMakeFiles/hat_app.dir/home/umar/.pico-sdk/sdk/2.2.0/src/rp2_common/pico_mem_ops/mem_ops_aeabi.S.o
                0x100026ec                __aeabi_mem_init
 .text.memset   0x100026fc        0xc CMakeFiles/hat_app.dir/home/umar/.pico-sdk/sdk/2.2.0/src/rp2_common/pico_mem_ops/mem_ops_aeabi.S.o
                0x100026fc                __wrap_memset
 .text.memcpy   0x10002708        0xc CMakeFiles/hat_app.dir/home/umar/.pico-sdk/sdk/2.2.0/src/rp2_common/pico_mem_ops/mem_ops_aeabi.S.o
                0x10002708                __wrap___aeabi_memcpy
                0x10002708                __wrap_memcpy
 .text._out_null
                0x10002714        0x2 CMakeFiles/hat_app.dir/home/umar/.pico-sdk/sdk/2.2.0/src/rp2_common/pico_printf/printf.c.o
 .text._out_fct
                0x10002716        0xe CMakeFiles/hat_app.dir/home/umar/.pico-sdk/sdk/2.2.0/src/rp2_common/pico_printf/printf.c.o
 .text._atoi    0x10002724       0x24 CMakeFiles/hat_app.dir/home/umar/.pico-sdk/sdk/2.2.0/src/rp2_common/pico_printf/printf.c.o
 .text._out_rev
                0x10002748       0xb0 CMakeFiles/hat_app.dir/home/umar/.pico-sdk/sdk/2.2.0/src/rp2_common/pico_printf/printf.c.o
 .text._ntoa_format
                0x100027f8      0x10e CMakeFiles/hat_app.dir/home/umar/.pico-sdk/sdk/2.2.0/src/rp2_common/pico_printf/printf.c.o
 .text._ntoa_long
                0x10002906       0xbc CMakeFiles/hat_app.dir/home/umar/.pico-sdk/sdk/2.2.0/src/rp2_common/pico_printf/printf.c.o
 .text._ntoa_long_long
                0x100029c2      0x10e CMakeFiles/hat_app.dir/home/umar/.pico-sdk/sdk/2.2.0/src/rp2_common/pico_printf/printf.c.o
 .text._etoa    0x10002ad0      0x424 CMakeFiles/hat_app.dir/home/umar/.pico-sdk/sdk/2.2.0/src/rp2_common/pico_printf/printf.c.o
 .text._ftoa    0x10002ef4      0x348 CMakeFiles/hat_app.dir/home/umar/.pico-sdk/sdk/2.2.0/src/rp2_common/pico_printf/printf.c.o
 .text._vsnprintf
                0x1000323c      0x6a4 CMakeFiles/hat_app.dir/home/umar/.pico-sdk/sdk/2.2.0/src/rp2_common/pico_printf/printf.c.o
 .text.vfctprintf
                0x100038e0       0x24 CMakeFiles/hat_app.dir/home/umar/.pico-sdk/sdk/2.2.0/src/rp2_common/pico_printf/printf.c.o
                0x100038e0                vfctprintf
 .text._exit    0x10003904        0x4 CMakeFiles/hat_app.dir/home/umar/.pico-sdk/sdk/2.2.0/src/rp2_common/pico_clib_interface/newlib_interface.c.o
                0x10003904                _exit
 .text._sbrk    0x10003908       0x38 CMakeFiles/hat_app.dir/home/umar/.pico-sdk/sdk/2.2.0/src/rp2_common/pico_clib_interface/newlib_interface.c.o
                0x10003908                _sbrk
 .text._read    0x10003940       0x24 CMakeFiles/hat_app.dir/home/umar/.pico-sdk/sdk/2.2.0/src/rp2_common/pico_clib_interface/newlib_interface.c.o
                0x10003940                _read
 .text._write   0x10003964       0x22 CMakeFiles/hat_app.dir/home/umar/.pico-sdk/sdk/2.2.0/src/rp2_common/pico_clib_interface/newlib_interface.c.o
                0x10003964                _write
 .text._close   0x10003986        0x6 CMakeFiles/hat_app.dir/home/umar/.pico-sdk/sdk/2.2.0/src/rp2_common/pico_clib_interface/newlib_interface.c.o
                0x10003986                _close
 .text._lseek   0x1000398c        0x6 CMakeFiles/hat_app.dir/home/umar/.pico-sdk/sdk/2.2.0/src/rp2_common/pico_clib_interface/newlib_interface.c.o
                0x1000398c                _lseek
 .text.exit     0x10003992        0x6 CMakeFiles/hat_app.dir/home/umar/.pico-sdk/sdk/2.2.0/src/rp2_common/pico_clib_interface/newlib_interface.c.o
                0x10003992                exit
 .text.__assert_func
                0x10003998       0x38 CMakeFiles/hat_app.dir/home/umar/.pico-sdk/sdk/2.2.0/src/rp2_common/pico_clib_interface/newlib_interface.c.o
                0x10003998                __assert_func
 .text.runtime_init
                0x100039d0       0x28 CMakeFiles/hat_app.dir/home/umar/.pico-sdk/sdk/2.2.0/src/rp2_common/pico_clib_interface/newlib_interface.c.o
                0x100039d0                runtime_init
 .text.stdio_out_chars_no_crlf
                0x100039f8        0xe CMakeFiles/hat_app.dir/home/umar/.pico-sdk/sdk/2.2.0/src/rp2_common/pico_stdio/stdio.c.o
 *fill*         0x10003a06        0x2 
 .text.stdio_out_chars_crlf
                0x10003a08       0x80 CMakeFiles/hat_app.dir/home/umar/.pico-sdk/sdk/2.2.0/src/rp2_common/pico_stdio/stdio.c.o
 .text.stdio_stack_buffer_flush
                0x10003a88       0x44 CMakeFiles/hat_app.dir/home/umar/.pico-sdk/sdk/2.2.0/src/rp2_common/pico_stdio/stdio.c.o
 .text.stdio_buffered_printer
                0x10003acc       0x20 CMakeFiles/hat_app.dir/home/umar/.pico-sdk/sdk/2.2.0/src/rp2_common/pico_stdio/stdio.c.o
 .text.stdout_serialize_begin
                0x10003aec       0x30 CMakeFiles/hat_app.dir/home/umar/.pico-sdk/sdk/2.2.0/src/rp2_common/pico_stdio/stdio.c.o
                0x10003aec                stdout_serialize_begin
 .text.stdout_serialize_end
                0x10003b1c       0x10 CMakeFiles/hat_app.dir/home/umar/.pico-sdk/sdk/2.2.0/src/rp2_common/pico_stdio/stdio.c.o
                0x10003b1c                stdout_serialize_end
 .text.stdio_put_string
                0x10003b2c       0x94 CMakeFiles/hat_app.dir/home/umar/.pico-sdk/sdk/2.2.0/src/rp2_common/pico_stdio/stdio.c.o
                0x10003b2c                stdio_put_string
 .text.stdio_get_until
                0x10003bc0       0x74 CMakeFiles/hat_app.dir/home/umar/.pico-sdk/sdk/2.2.0/src/rp2_common/pico_stdio/stdio.c.o
                0x10003bc0                stdio_get_until
 .text.stdio_set_driver_enabled
                0x10003c34       0x30 CMakeFiles/hat_app.dir/home/umar/.pico-sdk/sdk/2.2.0/src/rp2_common/pico_stdio/stdio.c.o
                0x10003c34                stdio_set_driver_enabled
 .text.stdio_flush
                0x10003c64       0x20 CMakeFiles/hat_app.dir/home/umar/.pico-sdk/sdk/2.2.0/src/rp2_common/pico_stdio/stdio.c.o
                0x10003c64                stdio_flush
 .text.stdio_init_all
                0x10003c84        0x8 CMakeFiles/hat_app.dir/home/umar/.pico-sdk/sdk/2.2.0/src/rp2_common/pico_stdio/stdio.c.o
                0x10003c84                stdio_init_all
 .text.__wrap_putchar
                0x10003c8c       0x1c CMakeFiles/hat_app.dir/home/umar/.pico-sdk/sdk/2.2.0/src/rp2_common/pico_stdio/stdio.c.o
                0x10003c8c                stdio_putchar
                0x10003c8c                __wrap_putchar
 .text.__wrap_puts
                0x10003ca8       0x1e CMakeFiles/hat_app.dir/home/umar/.pico-sdk/sdk/2.2.0/src/rp2_common/pico_stdio/stdio.c.o
                0x10003ca8                __wrap_puts
                0x10003ca8                stdio_puts
 *fill*         0x10003cc6        0x2 
 .text.__wrap_vprintf
                0x10003cc8       0x40 CMakeFiles/hat_app.dir/home/umar/.pico-sdk/sdk/2.2.0/src/rp2_common/pico_stdio/stdio.c.o
                0x10003cc8                __wrap_vprintf
                0x10003cc8                stdio_vprintf
 .text.__wrap_printf
                0x10003d08       0x18 CMakeFiles/hat_app.dir/home/umar/.pico-sdk/sdk/2.2.0/src/rp2_common/pico_stdio/stdio.c.o
                0x10003d08                stdio_printf
                0x10003d08                __wrap_printf
 .text.resetd_init
                0x10003d20        0x2 CMakeFiles/hat_app.dir/home/umar/.pico-sdk/sdk/2.2.0/src/rp2_common/pico_stdio_usb/reset_interface.c.o
 *fill*         0x10003d22        0x2 
 .text.resetd_reset
                0x10003d24        0xc CMakeFiles/hat_app.dir/home/umar/.pico-sdk/sdk/2.2.0/src/rp2_common/pico_stdio_usb/reset_interface.c.o
 .text.resetd_open
                0x10003d30       0x34 CMakeFiles/hat_app.dir/home/umar/.pico-sdk/sdk/2.2.0/src/rp2_common/pico_stdio_usb/reset_interface.c.o
 .text.resetd_xfer_cb
                0x10003d64        0x4 CMakeFiles/hat_app.dir/home/umar/.pico-sdk/sdk/2.2.0/src/rp2_common/pico_stdio_usb/reset_interface.c.o
 .text.resetd_control_xfer_cb
                0x10003d68       0x60 CMakeFiles/hat_app.dir/home/umar/.pico-sdk/sdk/2.2.0/src/rp2_common/pico_stdio_usb/reset_interface.c.o
 .text.tud_descriptor_bos_cb
                0x10003dc8        0x8 CMakeFiles/hat_app.dir/home/umar/.pico-sdk/sdk/2.2.0/src/rp2_common/pico_stdio_usb/reset_interface.c.o
                0x10003dc8                tud_descriptor_bos_cb
 .text.tud_vendor_control_xfer_cb
                0x10003dd0       0x38 CMakeFiles/hat_app.dir/home/umar/.pico-sdk/sdk/2.2.0/src/rp2_common/pico_stdio_usb/reset_interface.c.o
                0x10003dd0                tud_vendor_control_xfer_cb
 .text.usbd_app_driver_get_cb
                0x10003e08        0xc CMakeFiles/hat_app.dir/home/umar/.pico-sdk/sdk/2.2.0/src/rp2_common/pico_stdio_usb/reset_interface.c.o
                0x10003e08                usbd_app_driver_get_cb
 .text.tud_cdc_line_coding_cb
                0x10003e14       0x2c CMakeFiles/hat_app.dir/home/umar/.pico-sdk/sdk/2.2.0/src/rp2_common/pico_stdio_usb/reset_interface.c.o
                0x10003e14                tud_cdc_line_coding_cb
 .text.stdio_usb_set_chars_available_callback
                0x10003e40       0x14 CMakeFiles/hat_app.dir/home/umar/.pico-sdk/sdk/2.2.0/src/rp2_common/pico_stdio_usb/stdio_usb.c.o
                0x10003e40                stdio_usb_set_chars_available_callback
 .text.stdio_usb_out_flush
                0x10003e54       0x4c CMakeFiles/hat_app.dir/home/umar/.pico-sdk/sdk/2.2.0/src/rp2_common/pico_stdio_usb/stdio_usb.c.o
 .text.usb_irq  0x10003ea0       0x10 CMakeFiles/hat_app.dir/home/umar/.pico-sdk/sdk/2.2.0/src/rp2_common/pico_stdio_usb/stdio_usb.c.o
 .text.timer_task
                0x10003eb0       0x6c CMakeFiles/hat_app.dir/home/umar/.pico-sdk/sdk/2.2.0/src/rp2_common/pico_stdio_usb/stdio_usb.c.o
 .text.alarm_pool_add_alarm_in_us
                0x10003f1c       0x40 CMakeFiles/hat_app.dir/home/umar/.pico-sdk/sdk/2.2.0/src/rp2_common/pico_stdio_usb/stdio_usb.c.o
 .text.add_alarm_in_us
                0x10003f5c       0x2e CMakeFiles/hat_app.dir/home/umar/.pico-sdk/sdk/2.2.0/src/rp2_common/pico_stdio_usb/stdio_usb.c.o
 *fill*         0x10003f8a        0x2 
 .text.low_priority_worker_irq
                0x10003f8c       0xa8 CMakeFiles/hat_app.dir/home/umar/.pico-sdk/sdk/2.2.0/src/rp2_common/pico_stdio_usb/stdio_usb.c.o
 .text.stdio_usb_init
                0x10004034       0xe0 CMakeFiles/hat_app.dir/home/umar/.pico-sdk/sdk/2.2.0/src/rp2_common/pico_stdio_usb/stdio_usb.c.o
                0x10004034                stdio_usb_init
 .text.stdio_usb_connected
                0x10004114        0xa CMakeFiles/hat_app.dir/home/umar/.pico-sdk/sdk/2.2.0/src/rp2_common/pico_stdio_usb/stdio_usb.c.o
                0x10004114                stdio_usb_connected
 *fill*         0x1000411e        0x2 
 .text.stdio_usb_in_chars
                0x10004120       0x98 CMakeFiles/hat_app.dir/home/umar/.pico-sdk/sdk/2.2.0/src/rp2_common/pico_stdio_usb/stdio_usb.c.o
                0x10004120                stdio_usb_in_chars
 .text.stdio_usb_out_chars
                0x100041b8       0xe8 CMakeFiles/hat_app.dir/home/umar/.pico-sdk/sdk/2.2.0/src/rp2_common/pico_stdio_usb/stdio_usb.c.o
 .text.tud_descriptor_device_cb
                0x100042a0        0x8 CMakeFiles/hat_app.dir/home/umar/.pico-sdk/sdk/2.2.0/src/rp2_common/pico_stdio_usb/stdio_usb_descriptors.c.o
                0x100042a0                tud_descriptor_device_cb
 .text.tud_descriptor_configuration_cb
                0x100042a8        0x8 CMakeFiles/hat_app.dir/home/umar/.pico-sdk/sdk/2.2.0/src/rp2_common/pico_stdio_usb/stdio_usb_descriptors.c.o
                0x100042a8                tud_descriptor_configuration_cb
 .text.tud_descriptor_string_cb
                0x100042b0       0x6c CMakeFiles/hat_app.dir/home/umar/.pico-sdk/sdk/2.2.0/src/rp2_common/pico_stdio_usb/stdio_usb_descriptors.c.o
                0x100042b0                tud_descriptor_string_cb
 .text._retrieve_unique_id_on_boot
                0x1000431c       0x10 CMakeFiles/hat_app.dir/home/umar/.pico-sdk/sdk/2.2.0/src/rp2_common/pico_unique_id/unique_id.c.o
 .text.pico_get_unique_board_id_string
                0x1000432c       0x58 CMakeFiles/hat_app.dir/home/umar/.pico-sdk/sdk/2.2.0/src/rp2_common/pico_unique_id/unique_id.c.o
                0x1000432c                pico_get_unique_board_id_string
 .text.flash_get_unique_id
                0x10004384       0x40 CMakeFiles/hat_app.dir/home/umar/.pico-sdk/sdk/2.2.0/src/rp2_common/hardware_flash/flash.c.o
                0x10004384                flash_get_unique_id
 .text.hw_endpoint_init
                0x100043c4       0xc0 CMakeFiles/hat_app.dir/home/umar/.pico-sdk/sdk/2.2.0/lib/tinyusb/src/portable/raspberrypi/rp2040/dcd_rp2040.c.o
 .text.hw_endpoint_alloc
                0x10004484       0x48 CMakeFiles/hat_app.dir/home/umar/.pico-sdk/sdk/2.2.0/lib/tinyusb/src/portable/raspberrypi/rp2040/dcd_rp2040.c.o
 .text.hw_endpoint_open
                0x100044cc       0x50 CMakeFiles/hat_app.dir/home/umar/.pico-sdk/sdk/2.2.0/lib/tinyusb/src/portable/raspberrypi/rp2040/dcd_rp2040.c.o
 .text.hw_endpoint_xfer
                0x1000451c       0x20 CMakeFiles/hat_app.dir/home/umar/.pico-sdk/sdk/2.2.0/lib/tinyusb/src/portable/raspberrypi/rp2040/dcd_rp2040.c.o
 .text.dcd_int_enable
                0x1000453c       0x2c CMakeFiles/hat_app.dir/home/umar/.pico-sdk/sdk/2.2.0/lib/tinyusb/src/portable/raspberrypi/rp2040/dcd_rp2040.c.o
                0x1000453c                dcd_int_enable
 .text.dcd_set_address
                0x10004568       0x2c CMakeFiles/hat_app.dir/home/umar/.pico-sdk/sdk/2.2.0/lib/tinyusb/src/portable/raspberrypi/rp2040/dcd_rp2040.c.o
                0x10004568                dcd_set_address
 .text.dcd_connect
                0x10004594       0x10 CMakeFiles/hat_app.dir/home/umar/.pico-sdk/sdk/2.2.0/lib/tinyusb/src/portable/raspberrypi/rp2040/dcd_rp2040.c.o
                0x10004594                dcd_connect
 .text.dcd_init
                0x100045a4       0x80 CMakeFiles/hat_app.dir/home/umar/.pico-sdk/sdk/2.2.0/lib/tinyusb/src/portable/raspberrypi/rp2040/dcd_rp2040.c.o
                0x100045a4                dcd_init
 .text.dcd_sof_enable
                0x10004624       0x1c CMakeFiles/hat_app.dir/home/umar/.pico-sdk/sdk/2.2.0/lib/tinyusb/src/portable/raspberrypi/rp2040/dcd_rp2040.c.o
                0x10004624                dcd_sof_enable
 .text.dcd_edpt0_status_complete
                0x10004640       0x1c CMakeFiles/hat_app.dir/home/umar/.pico-sdk/sdk/2.2.0/lib/tinyusb/src/portable/raspberrypi/rp2040/dcd_rp2040.c.o
                0x10004640                dcd_edpt0_status_complete
 .text.dcd_edpt_open
                0x1000465c       0x26 CMakeFiles/hat_app.dir/home/umar/.pico-sdk/sdk/2.2.0/lib/tinyusb/src/portable/raspberrypi/rp2040/dcd_rp2040.c.o
                0x1000465c                dcd_edpt_open
 .text.dcd_edpt_close_all
                0x10004682        0x8 CMakeFiles/hat_app.dir/home/umar/.pico-sdk/sdk/2.2.0/lib/tinyusb/src/portable/raspberrypi/rp2040/dcd_rp2040.c.o
                0x10004682                dcd_edpt_close_all
 *fill*         0x1000468a        0x2 
 .text.dcd_edpt_xfer
                0x1000468c       0x30 CMakeFiles/hat_app.dir/home/umar/.pico-sdk/sdk/2.2.0/lib/tinyusb/src/portable/raspberrypi/rp2040/dcd_rp2040.c.o
                0x1000468c                dcd_edpt_xfer
 .text.dcd_edpt_stall
                0x100046bc       0x3c CMakeFiles/hat_app.dir/home/umar/.pico-sdk/sdk/2.2.0/lib/tinyusb/src/portable/raspberrypi/rp2040/dcd_rp2040.c.o
                0x100046bc                dcd_edpt_stall
 .text.dcd_edpt_clear_stall
                0x100046f8       0x30 CMakeFiles/hat_app.dir/home/umar/.pico-sdk/sdk/2.2.0/lib/tinyusb/src/portable/raspberrypi/rp2040/dcd_rp2040.c.o
                0x100046f8                dcd_edpt_clear_stall
 .text.unaligned_memcpy
                0x10004728       0x14 CMakeFiles/hat_app.dir/home/umar/.pico-sdk/sdk/2.2.0/lib/tinyusb/src/portable/raspberrypi/rp2040/rp2040_usb.c.o
 .text.rp2040_usb_init
                0x1000473c       0x44 CMakeFiles/hat_app.dir/home/umar/.pico-sdk/sdk/2.2.0/lib/tinyusb/src/portable/raspberrypi/rp2040/rp2040_usb.c.o
                0x1000473c                rp2040_usb_init
 .text.hw_endpoint_xfer_start
                0x10004780       0x60 CMakeFiles/hat_app.dir/home/umar/.pico-sdk/sdk/2.2.0/lib/tinyusb/src/portable/raspberrypi/rp2040/rp2040_usb.c.o
                0x10004780                hw_endpoint_xfer_start
 .text.configuration_reset
                0x100047e0       0x84 CMakeFiles/hat_app.dir/home/umar/.pico-sdk/sdk/2.2.0/lib/tinyusb/src/device/usbd.c.o
 .text.usbd_reset
                0x10004864        0xc CMakeFiles/hat_app.dir/home/umar/.pico-sdk/sdk/2.2.0/lib/tinyusb/src/device/usbd.c.o
 .text.invoke_class_control
                0x10004870       0x1a CMakeFiles/hat_app.dir/home/umar/.pico-sdk/sdk/2.2.0/lib/tinyusb/src/device/usbd.c.o
 *fill*         0x1000488a        0x2 
 .text.process_set_config
                0x1000488c      0x1b0 CMakeFiles/hat_app.dir/home/umar/.pico-sdk/sdk/2.2.0/lib/tinyusb/src/device/usbd.c.o
 .text.tud_event_hook_cb
                0x10004a3c        0x2 CMakeFiles/hat_app.dir/home/umar/.pico-sdk/sdk/2.2.0/lib/tinyusb/src/device/usbd.c.o
                0x10004a3c                tud_event_hook_cb
 .text.tud_sof_cb
                0x10004a3e        0x2 CMakeFiles/hat_app.dir/home/umar/.pico-sdk/sdk/2.2.0/lib/tinyusb/src/device/usbd.c.o
                0x10004a3e                tud_sof_cb
 .text.tud_descriptor_device_qualifier_cb
                0x10004a40        0x4 CMakeFiles/hat_app.dir/home/umar/.pico-sdk/sdk/2.2.0/lib/tinyusb/src/device/usbd.c.o
                0x10004a40                tud_descriptor_device_qualifier_cb
 .text.tud_descriptor_other_speed_configuration_cb
                0x10004a44        0x4 CMakeFiles/hat_app.dir/home/umar/.pico-sdk/sdk/2.2.0/lib/tinyusb/src/device/usbd.c.o
                0x10004a44                tud_descriptor_other_speed_configuration_cb
 .text.process_get_descriptor
                0x10004a48       0xe0 CMakeFiles/hat_app.dir/home/umar/.pico-sdk/sdk/2.2.0/lib/tinyusb/src/device/usbd.c.o
 .text.tud_mount_cb
                0x10004b28        0x2 CMakeFiles/hat_app.dir/home/umar/.pico-sdk/sdk/2.2.0/lib/tinyusb/src/device/usbd.c.o
                0x10004b28                tud_mount_cb
 .text.tud_umount_cb
                0x10004b2a        0x2 CMakeFiles/hat_app.dir/home/umar/.pico-sdk/sdk/2.2.0/lib/tinyusb/src/device/usbd.c.o
                0x10004b2a                tud_umount_cb
 .text.tud_suspend_cb
                0x10004b2c        0x2 CMakeFiles/hat_app.dir/home/umar/.pico-sdk/sdk/2.2.0/lib/tinyusb/src/device/usbd.c.o
                0x10004b2c                tud_suspend_cb
 .text.tud_resume_cb
                0x10004b2e        0x2 CMakeFiles/hat_app.dir/home/umar/.pico-sdk/sdk/2.2.0/lib/tinyusb/src/device/usbd.c.o
                0x10004b2e                tud_resume_cb
 .text.tud_mounted
                0x10004b30       0x10 CMakeFiles/hat_app.dir/home/umar/.pico-sdk/sdk/2.2.0/lib/tinyusb/src/device/usbd.c.o
                0x10004b30                tud_mounted
 .text.tud_suspended
                0x10004b40       0x10 CMakeFiles/hat_app.dir/home/umar/.pico-sdk/sdk/2.2.0/lib/tinyusb/src/device/usbd.c.o
                0x10004b40                tud_suspended
 .text.tud_inited
                0x10004b50       0x14 CMakeFiles/hat_app.dir/home/umar/.pico-sdk/sdk/2.2.0/lib/tinyusb/src/device/usbd.c.o
                0x10004b50                tud_inited
 .text.tud_rhport_init
                0x10004b64      0x100 CMakeFiles/hat_app.dir/home/umar/.pico-sdk/sdk/2.2.0/lib/tinyusb/src/device/usbd.c.o
                0x10004b64                tud_rhport_init
 .text.usbd_edpt_open
                0x10004c64       0x60 CMakeFiles/hat_app.dir/home/umar/.pico-sdk/sdk/2.2.0/lib/tinyusb/src/device/usbd.c.o
                0x10004c64                usbd_edpt_open
 .text.usbd_open_edpt_pair
                0x10004cc4       0x88 CMakeFiles/hat_app.dir/home/umar/.pico-sdk/sdk/2.2.0/lib/tinyusb/src/device/usbd.c.o
                0x10004cc4                usbd_open_edpt_pair
 .text.usbd_edpt_claim
                0x10004d4c       0x28 CMakeFiles/hat_app.dir/home/umar/.pico-sdk/sdk/2.2.0/lib/tinyusb/src/device/usbd.c.o
                0x10004d4c                usbd_edpt_claim
 .text.usbd_edpt_release
                0x10004d74       0x28 CMakeFiles/hat_app.dir/home/umar/.pico-sdk/sdk/2.2.0/lib/tinyusb/src/device/usbd.c.o
                0x10004d74                usbd_edpt_release
 .text.usbd_edpt_xfer
                0x10004d9c       0x88 CMakeFiles/hat_app.dir/home/umar/.pico-sdk/sdk/2.2.0/lib/tinyusb/src/device/usbd.c.o
                0x10004d9c                usbd_edpt_xfer
 .text.usbd_edpt_stall
                0x10004e24       0x34 CMakeFiles/hat_app.dir/home/umar/.pico-sdk/sdk/2.2.0/lib/tinyusb/src/device/usbd.c.o
                0x10004e24                usbd_edpt_stall
 .text.usbd_edpt_clear_stall
                0x10004e58       0x34 CMakeFiles/hat_app.dir/home/umar/.pico-sdk/sdk/2.2.0/lib/tinyusb/src/device/usbd.c.o
                0x10004e58                usbd_edpt_clear_stall
 .text.usbd_edpt_stalled
                0x10004e8c       0x1c CMakeFiles/hat_app.dir/home/umar/.pico-sdk/sdk/2.2.0/lib/tinyusb/src/device/usbd.c.o
                0x10004e8c                usbd_edpt_stalled
 .text.process_control_request
                0x10004ea8      0x384 CMakeFiles/hat_app.dir/home/umar/.pico-sdk/sdk/2.2.0/lib/tinyusb/src/device/usbd.c.o
 .text.tud_task_ext
                0x1000522c      0x1d0 CMakeFiles/hat_app.dir/home/umar/.pico-sdk/sdk/2.2.0/lib/tinyusb/src/device/usbd.c.o
                0x1000522c                tud_task_ext
 .text.status_stage_xact
                0x100053fc       0x1a CMakeFiles/hat_app.dir/home/umar/.pico-sdk/sdk/2.2.0/lib/tinyusb/src/device/usbd_control.c.o
 *fill*         0x10005416        0x2 
 .text.data_stage_xact
                0x10005418       0x60 CMakeFiles/hat_app.dir/home/umar/.pico-sdk/sdk/2.2.0/lib/tinyusb/src/device/usbd_control.c.o
 .text.tud_control_status
                0x10005478       0x28 CMakeFiles/hat_app.dir/home/umar/.pico-sdk/sdk/2.2.0/lib/tinyusb/src/device/usbd_control.c.o
                0x10005478                tud_control_status
 .text.tud_control_xfer
                0x100054a0       0x98 CMakeFiles/hat_app.dir/home/umar/.pico-sdk/sdk/2.2.0/lib/tinyusb/src/device/usbd_control.c.o
                0x100054a0                tud_control_xfer
 .text.usbd_control_reset
                0x10005538       0x14 CMakeFiles/hat_app.dir/home/umar/.pico-sdk/sdk/2.2.0/lib/tinyusb/src/device/usbd_control.c.o
                0x10005538                usbd_control_reset
 .text.usbd_control_set_complete_callback
                0x1000554c        0xc CMakeFiles/hat_app.dir/home/umar/.pico-sdk/sdk/2.2.0/lib/tinyusb/src/device/usbd_control.c.o
                0x1000554c                usbd_control_set_complete_callback
 .text.usbd_control_set_request
                0x10005558       0x1c CMakeFiles/hat_app.dir/home/umar/.pico-sdk/sdk/2.2.0/lib/tinyusb/src/device/usbd_control.c.o
                0x10005558                usbd_control_set_request
 .text.usbd_control_xfer_cb
                0x10005574       0xe0 CMakeFiles/hat_app.dir/home/umar/.pico-sdk/sdk/2.2.0/lib/tinyusb/src/device/usbd_control.c.o
                0x10005574                usbd_control_xfer_cb
 .text._prep_out_transaction
                0x10005654       0x94 CMakeFiles/hat_app.dir/home/umar/.pico-sdk/sdk/2.2.0/lib/tinyusb/src/class/cdc/cdc_device.c.o
 .text.tud_cdc_n_connected
                0x100056e8       0x38 CMakeFiles/hat_app.dir/home/umar/.pico-sdk/sdk/2.2.0/lib/tinyusb/src/class/cdc/cdc_device.c.o
                0x100056e8                tud_cdc_n_connected
 .text.tud_cdc_n_available
                0x10005720       0x18 CMakeFiles/hat_app.dir/home/umar/.pico-sdk/sdk/2.2.0/lib/tinyusb/src/class/cdc/cdc_device.c.o
                0x10005720                tud_cdc_n_available
 .text.tud_cdc_n_read
                0x10005738       0x38 CMakeFiles/hat_app.dir/home/umar/.pico-sdk/sdk/2.2.0/lib/tinyusb/src/class/cdc/cdc_device.c.o
                0x10005738                tud_cdc_n_read
 .text.tud_cdc_n_write_flush
                0x10005770       0xb0 CMakeFiles/hat_app.dir/home/umar/.pico-sdk/sdk/2.2.0/lib/tinyusb/src/class/cdc/cdc_device.c.o
                0x10005770                tud_cdc_n_write_flush
 .text.tud_cdc_n_write
                0x10005820       0x48 CMakeFiles/hat_app.dir/home/umar/.pico-sdk/sdk/2.2.0/lib/tinyusb/src/class/cdc/cdc_device.c.o
                0x10005820                tud_cdc_n_write
 .text.tud_cdc_n_write_available
                0x10005868       0x18 CMakeFiles/hat_app.dir/home/umar/.pico-sdk/sdk/2.2.0/lib/tinyusb/src/class/cdc/cdc_device.c.o
                0x10005868                tud_cdc_n_write_available
 .text.cdcd_init
                0x10005880       0xac CMakeFiles/hat_app.dir/home/umar/.pico-sdk/sdk/2.2.0/lib/tinyusb/src/class/cdc/cdc_device.c.o
                0x10005880                cdcd_init
 .text.cdcd_deinit
                0x1000592c       0x48 CMakeFiles/hat_app.dir/home/umar/.pico-sdk/sdk/2.2.0/lib/tinyusb/src/class/cdc/cdc_device.c.o
                0x1000592c                cdcd_deinit
 .text.cdcd_reset
                0x10005974       0x70 CMakeFiles/hat_app.dir/home/umar/.pico-sdk/sdk/2.2.0/lib/tinyusb/src/class/cdc/cdc_device.c.o
                0x10005974                cdcd_reset
 .text.cdcd_open
                0x100059e4       0xec CMakeFiles/hat_app.dir/home/umar/.pico-sdk/sdk/2.2.0/lib/tinyusb/src/class/cdc/cdc_device.c.o
                0x100059e4                cdcd_open
 .text.cdcd_control_xfer_cb
                0x10005ad0      0x13c CMakeFiles/hat_app.dir/home/umar/.pico-sdk/sdk/2.2.0/lib/tinyusb/src/class/cdc/cdc_device.c.o
                0x10005ad0                cdcd_control_xfer_cb
 .text.cdcd_xfer_cb
                0x10005c0c      0x148 CMakeFiles/hat_app.dir/home/umar/.pico-sdk/sdk/2.2.0/lib/tinyusb/src/class/cdc/cdc_device.c.o
                0x10005c0c                cdcd_xfer_cb
 .text.tud_vendor_n_mounted
                0x10005d54       0x3c CMakeFiles/hat_app.dir/home/umar/.pico-sdk/sdk/2.2.0/lib/tinyusb/src/class/vendor/vendor_device.c.o
                0x10005d54                tud_vendor_n_mounted
 .text.tud_vendor_n_write_flush
                0x10005d90       0x20 CMakeFiles/hat_app.dir/home/umar/.pico-sdk/sdk/2.2.0/lib/tinyusb/src/class/vendor/vendor_device.c.o
                0x10005d90                tud_vendor_n_write_flush
 .text.vendord_init
                0x10005db0       0x9c CMakeFiles/hat_app.dir/home/umar/.pico-sdk/sdk/2.2.0/lib/tinyusb/src/class/vendor/vendor_device.c.o
                0x10005db0                vendord_init
 .text.vendord_deinit
                0x10005e4c       0x34 CMakeFiles/hat_app.dir/home/umar/.pico-sdk/sdk/2.2.0/lib/tinyusb/src/class/vendor/vendor_device.c.o
                0x10005e4c                vendord_deinit
 .text.vendord_reset
                0x10005e80       0x50 CMakeFiles/hat_app.dir/home/umar/.pico-sdk/sdk/2.2.0/lib/tinyusb/src/class/vendor/vendor_device.c.o
                0x10005e80                vendord_reset
 .text.vendord_open
                0x10005ed0      0x14c CMakeFiles/hat_app.dir/home/umar/.pico-sdk/sdk/2.2.0/lib/tinyusb/src/class/vendor/vendor_device.c.o
                0x10005ed0                vendord_open
 .text.vendord_xfer_cb
                0x1000601c       0xd8 CMakeFiles/hat_app.dir/home/umar/.pico-sdk/sdk/2.2.0/lib/tinyusb/src/class/vendor/vendor_device.c.o
                0x1000601c                vendord_xfer_cb
 .text.tusb_rhport_init
                0x100060f4       0x78 CMakeFiles/hat_app.dir/home/umar/.pico-sdk/sdk/2.2.0/lib/tinyusb/src/tusb.c.o
                0x100060f4                tusb_rhport_init
 .text.tu_edpt_claim
                0x1000616c       0x50 CMakeFiles/hat_app.dir/home/umar/.pico-sdk/sdk/2.2.0/lib/tinyusb/src/tusb.c.o
                0x1000616c                tu_edpt_claim
 .text.tu_edpt_release
                0x100061bc       0x38 CMakeFiles/hat_app.dir/home/umar/.pico-sdk/sdk/2.2.0/lib/tinyusb/src/tusb.c.o
                0x100061bc                tu_edpt_release
 .text.tu_edpt_validate
                0x100061f4       0xac CMakeFiles/hat_app.dir/home/umar/.pico-sdk/sdk/2.2.0/lib/tinyusb/src/tusb.c.o
                0x100061f4                tu_edpt_validate
 .text.tu_edpt_bind_driver
                0x100062a0       0x26 CMakeFiles/hat_app.dir/home/umar/.pico-sdk/sdk/2.2.0/lib/tinyusb/src/tusb.c.o
                0x100062a0                tu_edpt_bind_driver
 .text.tu_edpt_stream_init
                0x100062c6       0x62 CMakeFiles/hat_app.dir/home/umar/.pico-sdk/sdk/2.2.0/lib/tinyusb/src/tusb.c.o
                0x100062c6                tu_edpt_stream_init
 .text.tu_edpt_stream_deinit
                0x10006328        0x4 CMakeFiles/hat_app.dir/home/umar/.pico-sdk/sdk/2.2.0/lib/tinyusb/src/tusb.c.o
                0x10006328                tu_edpt_stream_deinit
 .text.tu_edpt_stream_write_zlp_if_needed
                0x1000632c       0x80 CMakeFiles/hat_app.dir/home/umar/.pico-sdk/sdk/2.2.0/lib/tinyusb/src/tusb.c.o
                0x1000632c                tu_edpt_stream_write_zlp_if_needed
 .text.tu_edpt_stream_write_xfer
                0x100063ac       0x84 CMakeFiles/hat_app.dir/home/umar/.pico-sdk/sdk/2.2.0/lib/tinyusb/src/tusb.c.o
                0x100063ac                tu_edpt_stream_write_xfer
 .text.tu_edpt_stream_read_xfer
                0x10006430       0xf4 CMakeFiles/hat_app.dir/home/umar/.pico-sdk/sdk/2.2.0/lib/tinyusb/src/tusb.c.o
                0x10006430                tu_edpt_stream_read_xfer
 .text.advance_index
                0x10006524       0x1a CMakeFiles/hat_app.dir/home/umar/.pico-sdk/sdk/2.2.0/lib/tinyusb/src/common/tusb_fifo.c.o
 .text._tu_fifo_peek
                0x1000653e       0x56 CMakeFiles/hat_app.dir/home/umar/.pico-sdk/sdk/2.2.0/lib/tinyusb/src/common/tusb_fifo.c.o
 .text._ff_pull_n
                0x10006594       0x68 CMakeFiles/hat_app.dir/home/umar/.pico-sdk/sdk/2.2.0/lib/tinyusb/src/common/tusb_fifo.c.o
 .text._tu_fifo_peek_n
                0x100065fc       0x6a CMakeFiles/hat_app.dir/home/umar/.pico-sdk/sdk/2.2.0/lib/tinyusb/src/common/tusb_fifo.c.o
 .text._tu_fifo_read_n
                0x10006666       0x4e CMakeFiles/hat_app.dir/home/umar/.pico-sdk/sdk/2.2.0/lib/tinyusb/src/common/tusb_fifo.c.o
 .text._ff_push_n
                0x100066b4       0x68 CMakeFiles/hat_app.dir/home/umar/.pico-sdk/sdk/2.2.0/lib/tinyusb/src/common/tusb_fifo.c.o
 .text._tu_fifo_write_n
                0x1000671c       0xf0 CMakeFiles/hat_app.dir/home/umar/.pico-sdk/sdk/2.2.0/lib/tinyusb/src/common/tusb_fifo.c.o
 .text.tu_fifo_config
                0x1000680c       0x7c CMakeFiles/hat_app.dir/home/umar/.pico-sdk/sdk/2.2.0/lib/tinyusb/src/common/tusb_fifo.c.o
                0x1000680c                tu_fifo_config
 .text.tu_fifo_count
                0x10006888       0x2c CMakeFiles/hat_app.dir/home/umar/.pico-sdk/sdk/2.2.0/lib/tinyusb/src/common/tusb_fifo.c.o
                0x10006888                tu_fifo_count
 .text.tu_fifo_empty
                0x100068b4        0xe CMakeFiles/hat_app.dir/home/umar/.pico-sdk/sdk/2.2.0/lib/tinyusb/src/common/tusb_fifo.c.o
                0x100068b4                tu_fifo_empty
 .text.tu_fifo_full
                0x100068c2       0x2a CMakeFiles/hat_app.dir/home/umar/.pico-sdk/sdk/2.2.0/lib/tinyusb/src/common/tusb_fifo.c.o
                0x100068c2                tu_fifo_full
 .text.tu_fifo_remaining
                0x100068ec       0x2e CMakeFiles/hat_app.dir/home/umar/.pico-sdk/sdk/2.2.0/lib/tinyusb/src/common/tusb_fifo.c.o
                0x100068ec                tu_fifo_remaining
 .text.tu_fifo_read
                0x1000691a       0x42 CMakeFiles/hat_app.dir/home/umar/.pico-sdk/sdk/2.2.0/lib/tinyusb/src/common/tusb_fifo.c.o
                0x1000691a                tu_fifo_read
 .text.tu_fifo_read_n
                0x1000695c        0xa CMakeFiles/hat_app.dir/home/umar/.pico-sdk/sdk/2.2.0/lib/tinyusb/src/common/tusb_fifo.c.o
                0x1000695c                tu_fifo_read_n
 .text.tu_fifo_write
                0x10006966       0x64 CMakeFiles/hat_app.dir/home/umar/.pico-sdk/sdk/2.2.0/lib/tinyusb/src/common/tusb_fifo.c.o
                0x10006966                tu_fifo_write
 .text.tu_fifo_write_n
                0x100069ca        0xa CMakeFiles/hat_app.dir/home/umar/.pico-sdk/sdk/2.2.0/lib/tinyusb/src/common/tusb_fifo.c.o
                0x100069ca                tu_fifo_write_n
 .text.tu_fifo_clear
                0x100069d4       0x3e CMakeFiles/hat_app.dir/home/umar/.pico-sdk/sdk/2.2.0/lib/tinyusb/src/common/tusb_fifo.c.o
                0x100069d4                tu_fifo_clear
 .text.tu_fifo_set_overwritable
                0x10006a12       0x46 CMakeFiles/hat_app.dir/home/umar/.pico-sdk/sdk/2.2.0/lib/tinyusb/src/common/tusb_fifo.c.o
                0x10006a12                tu_fifo_set_overwritable
 .text.vPortSVCHandler
                0x10006a58        0x2 CMakeFiles/hat_app.dir/home/umar/.freertos/portable/ThirdParty/GCC/RP2040/port.c.o
                0x10006a58                vPortSVCHandler
 *fill*         0x10006a5a        0x6 
 .text.vPortStartFirstTask
                0x10006a60       0x38 CMakeFiles/hat_app.dir/home/umar/.freertos/portable/ThirdParty/GCC/RP2040/port.c.o
 .text.prvFIFOInterruptHandler
                0x10006a98       0x28 CMakeFiles/hat_app.dir/home/umar/.freertos/portable/ThirdParty/GCC/RP2040/port.c.o
 .text.xPortPendSVHandler
                0x10006ac0       0x78 CMakeFiles/hat_app.dir/home/umar/.freertos/portable/ThirdParty/GCC/RP2040/port.c.o
                0x10006ac0                xPortPendSVHandler
 .text.prvTaskExitError
                0x10006b38        0x6 CMakeFiles/hat_app.dir/home/umar/.freertos/portable/ThirdParty/GCC/RP2040/port.c.o
 *fill*         0x10006b3e        0x2 
 .text.xPortSysTickHandler
                0x10006b40       0x24 CMakeFiles/hat_app.dir/home/umar/.freertos/portable/ThirdParty/GCC/RP2040/port.c.o
                0x10006b40                xPortSysTickHandler
 .text.prvGetTicksToWaitBefore
                0x10006b64       0x40 CMakeFiles/hat_app.dir/home/umar/.freertos/portable/ThirdParty/GCC/RP2040/port.c.o
 .text.pxPortInitialiseStack
                0x10006ba4       0x24 CMakeFiles/hat_app.dir/home/umar/.freertos/portable/ThirdParty/GCC/RP2040/port.c.o
                0x10006ba4                pxPortInitialiseStack
 .text.vPortYield
                0x10006bc8       0x18 CMakeFiles/hat_app.dir/home/umar/.freertos/portable/ThirdParty/GCC/RP2040/port.c.o
                0x10006bc8                vPortYield
 .text.ulSetInterruptMaskFromISR
                0x10006be0        0x8 CMakeFiles/hat_app.dir/home/umar/.freertos/portable/ThirdParty/GCC/RP2040/port.c.o
                0x10006be0                ulSetInterruptMaskFromISR
 .text.vClearInterruptMaskFromISR
                0x10006be8        0x6 CMakeFiles/hat_app.dir/home/umar/.freertos/portable/ThirdParty/GCC/RP2040/port.c.o
                0x10006be8                vClearInterruptMaskFromISR
 *fill*         0x10006bee        0x2 
 .text.vYieldCore
                0x10006bf0       0x30 CMakeFiles/hat_app.dir/home/umar/.freertos/portable/ThirdParty/GCC/RP2040/port.c.o
                0x10006bf0                vYieldCore
 .text.vPortSetupTimerInterrupt
                0x10006c20       0x34 CMakeFiles/hat_app.dir/home/umar/.freertos/portable/ThirdParty/GCC/RP2040/port.c.o
                0x10006c20                vPortSetupTimerInterrupt
 .text.xPortStartSchedulerOnCore
                0x10006c54       0xa8 CMakeFiles/hat_app.dir/home/umar/.freertos/portable/ThirdParty/GCC/RP2040/port.c.o
 .text.xPortStartScheduler
                0x10006cfc       0x68 CMakeFiles/hat_app.dir/home/umar/.freertos/portable/ThirdParty/GCC/RP2040/port.c.o
                0x10006cfc                xPortStartScheduler
 .text.prvDisableInterruptsAndPortStartSchedulerOnCore
                0x10006d64        0x8 CMakeFiles/hat_app.dir/home/umar/.freertos/portable/ThirdParty/GCC/RP2040/port.c.o
 .text.ulPortLockGetCurrentOwnerId
                0x10006d6c       0x30 CMakeFiles/hat_app.dir/home/umar/.freertos/portable/ThirdParty/GCC/RP2040/port.c.o
                0x10006d6c                ulPortLockGetCurrentOwnerId
 .text.vPortLockInternalSpinUnlockWithWait
                0x10006d9c       0xa0 CMakeFiles/hat_app.dir/home/umar/.freertos/portable/ThirdParty/GCC/RP2040/port.c.o
                0x10006d9c                vPortLockInternalSpinUnlockWithWait
 .text.vPortLockInternalSpinUnlockWithNotify
                0x10006e3c       0x8c CMakeFiles/hat_app.dir/home/umar/.freertos/portable/ThirdParty/GCC/RP2040/port.c.o
                0x10006e3c                vPortLockInternalSpinUnlockWithNotify
 .text.xPortLockInternalSpinUnlockWithBestEffortWaitOrTimeout
                0x10006ec8       0xf0 CMakeFiles/hat_app.dir/home/umar/.freertos/portable/ThirdParty/GCC/RP2040/port.c.o
                0x10006ec8                xPortLockInternalSpinUnlockWithBestEffortWaitOrTimeout
 .text.prvRuntimeInitializer
                0x10006fb8       0x10 CMakeFiles/hat_app.dir/home/umar/.freertos/portable/ThirdParty/GCC/RP2040/port.c.o
 .text.prvTestWaitCondition
                0x10006fc8       0x1e CMakeFiles/hat_app.dir/home/umar/.freertos/event_groups.c.o
 .text.xEventGroupCreate
                0x10006fe6       0x18 CMakeFiles/hat_app.dir/home/umar/.freertos/event_groups.c.o
                0x10006fe6                xEventGroupCreate
 *fill*         0x10006ffe        0x2 
 .text.xEventGroupWaitBits
                0x10007000      0x120 CMakeFiles/hat_app.dir/home/umar/.freertos/event_groups.c.o
                0x10007000                xEventGroupWaitBits
 .text.xEventGroupSetBits
                0x10007120       0x9c CMakeFiles/hat_app.dir/home/umar/.freertos/event_groups.c.o
                0x10007120                xEventGroupSetBits
 .text.vEventGroupSetBitsCallback
                0x100071bc        0x8 CMakeFiles/hat_app.dir/home/umar/.freertos/event_groups.c.o
                0x100071bc                vEventGroupSetBitsCallback
 .text.xEventGroupSetBitsFromISR
                0x100071c4       0x18 CMakeFiles/hat_app.dir/home/umar/.freertos/event_groups.c.o
                0x100071c4                xEventGroupSetBitsFromISR
 .text.vListInitialise
                0x100071dc       0x16 CMakeFiles/hat_app.dir/home/umar/.freertos/list.c.o
                0x100071dc                vListInitialise
 .text.vListInitialiseItem
                0x100071f2        0x6 CMakeFiles/hat_app.dir/home/umar/.freertos/list.c.o
                0x100071f2                vListInitialiseItem
 .text.vListInsertEnd
                0x100071f8       0x16 CMakeFiles/hat_app.dir/home/umar/.freertos/list.c.o
                0x100071f8                vListInsertEnd
 .text.vListInsert
                0x1000720e       0x2e CMakeFiles/hat_app.dir/home/umar/.freertos/list.c.o
                0x1000720e                vListInsert
 .text.uxListRemove
                0x1000723c       0x24 CMakeFiles/hat_app.dir/home/umar/.freertos/list.c.o
                0x1000723c                uxListRemove
 .text.prvIsQueueEmpty
                0x10007260       0x1c CMakeFiles/hat_app.dir/home/umar/.freertos/queue.c.o
 .text.prvCopyDataToQueue
                0x1000727c       0x7e CMakeFiles/hat_app.dir/home/umar/.freertos/queue.c.o
 .text.prvCopyDataFromQueue
                0x100072fa       0x24 CMakeFiles/hat_app.dir/home/umar/.freertos/queue.c.o
 *fill*         0x1000731e        0x2 
 .text.prvNotifyQueueSetContainer
                0x10007320       0xa4 CMakeFiles/hat_app.dir/home/umar/.freertos/queue.c.o
 .text.prvUnlockQueue
                0x100073c4       0x88 CMakeFiles/hat_app.dir/home/umar/.freertos/queue.c.o
 .text.xQueueGenericReset
                0x1000744c       0xd4 CMakeFiles/hat_app.dir/home/umar/.freertos/queue.c.o
                0x1000744c                xQueueGenericReset
 .text.prvInitialiseNewQueue
                0x10007520       0x26 CMakeFiles/hat_app.dir/home/umar/.freertos/queue.c.o
 *fill*         0x10007546        0x2 
 .text.xQueueGenericCreate
                0x10007548       0x88 CMakeFiles/hat_app.dir/home/umar/.freertos/queue.c.o
                0x10007548                xQueueGenericCreate
 .text.xQueueGenericSendFromISR
                0x100075d0      0x128 CMakeFiles/hat_app.dir/home/umar/.freertos/queue.c.o
                0x100075d0                xQueueGenericSendFromISR
 .text.xQueueReceive
                0x100076f8      0x14c CMakeFiles/hat_app.dir/home/umar/.freertos/queue.c.o
                0x100076f8                xQueueReceive
 .text.vQueueAddToRegistry
                0x10007844       0x68 CMakeFiles/hat_app.dir/home/umar/.freertos/queue.c.o
                0x10007844                vQueueAddToRegistry
 .text.vQueueWaitForMessageRestricted
                0x100078ac       0x50 CMakeFiles/hat_app.dir/home/umar/.freertos/queue.c.o
                0x100078ac                vQueueWaitForMessageRestricted
 .text.prvResetNextTaskUnblockTime
                0x100078fc       0x2c CMakeFiles/hat_app.dir/home/umar/.freertos/tasks.c.o
 .text.prvDeleteTCB
                0x10007928       0x12 CMakeFiles/hat_app.dir/home/umar/.freertos/tasks.c.o
 *fill*         0x1000793a        0x2 
 .text.prvInitialiseNewTask
                0x1000793c       0xd4 CMakeFiles/hat_app.dir/home/umar/.freertos/tasks.c.o
 .text.prvCreateTask
                0x10007a10       0x56 CMakeFiles/hat_app.dir/home/umar/.freertos/tasks.c.o
 *fill*         0x10007a66        0x2 
 .text.prvPassiveIdleTask
                0x10007a68       0x18 CMakeFiles/hat_app.dir/home/umar/.freertos/tasks.c.o
 .text.prvInitialiseTaskLists
                0x10007a80       0x68 CMakeFiles/hat_app.dir/home/umar/.freertos/tasks.c.o
 .text.prvYieldForTask
                0x10007ae8       0xcc CMakeFiles/hat_app.dir/home/umar/.freertos/tasks.c.o
 .text.prvSelectHighestPriorityTask
                0x10007bb4      0x218 CMakeFiles/hat_app.dir/home/umar/.freertos/tasks.c.o
 .text.vPortRecursiveLock
                0x10007dcc       0xec CMakeFiles/hat_app.dir/home/umar/.freertos/tasks.c.o
 .text.prvCheckForRunStateChange
                0x10007eb8       0xa8 CMakeFiles/hat_app.dir/home/umar/.freertos/tasks.c.o
 .text.vTaskSuspendAll
                0x10007f60       0x98 CMakeFiles/hat_app.dir/home/umar/.freertos/tasks.c.o
                0x10007f60                vTaskSuspendAll
 .text.xTaskGetTickCount
                0x10007ff8        0xc CMakeFiles/hat_app.dir/home/umar/.freertos/tasks.c.o
                0x10007ff8                xTaskGetTickCount
 .text.uxTaskGetNumberOfTasks
                0x10008004        0xc CMakeFiles/hat_app.dir/home/umar/.freertos/tasks.c.o
                0x10008004                uxTaskGetNumberOfTasks
 .text.xTaskIncrementTick
                0x10008010      0x1cc CMakeFiles/hat_app.dir/home/umar/.freertos/tasks.c.o
                0x10008010                xTaskIncrementTick
 .text.vTaskSwitchContext
                0x100081dc       0xa0 CMakeFiles/hat_app.dir/home/umar/.freertos/tasks.c.o
                0x100081dc                vTaskSwitchContext
 .text.xTaskRemoveFromEventList
                0x1000827c       0xfc CMakeFiles/hat_app.dir/home/umar/.freertos/tasks.c.o
                0x1000827c                xTaskRemoveFromEventList
 .text.vTaskInternalSetTimeOutState
                0x10008378       0x18 CMakeFiles/hat_app.dir/home/umar/.freertos/tasks.c.o
                0x10008378                vTaskInternalSetTimeOutState
 .text.vTaskMissedYield
                0x10008390       0x14 CMakeFiles/hat_app.dir/home/umar/.freertos/tasks.c.o
                0x10008390                vTaskMissedYield
 .text.xTaskGetCurrentTaskHandle
                0x100083a4       0x1c CMakeFiles/hat_app.dir/home/umar/.freertos/tasks.c.o
                0x100083a4                xTaskGetCurrentTaskHandle
 .text.prvAddCurrentTaskToDelayedList
                0x100083c0       0xb8 CMakeFiles/hat_app.dir/home/umar/.freertos/tasks.c.o
 .text.vTaskPlaceOnEventList
                0x10008478       0x40 CMakeFiles/hat_app.dir/home/umar/.freertos/tasks.c.o
                0x10008478                vTaskPlaceOnEventList
 .text.vTaskPlaceOnUnorderedEventList
                0x100084b8       0x8c CMakeFiles/hat_app.dir/home/umar/.freertos/tasks.c.o
                0x100084b8                vTaskPlaceOnUnorderedEventList
 .text.vTaskPlaceOnEventListRestricted
                0x10008544       0x68 CMakeFiles/hat_app.dir/home/umar/.freertos/tasks.c.o
                0x10008544                vTaskPlaceOnEventListRestricted
 .text.xTaskPriorityDisinherit
                0x100085ac      0x118 CMakeFiles/hat_app.dir/home/umar/.freertos/tasks.c.o
                0x100085ac                xTaskPriorityDisinherit
 .text.vTaskYieldWithinAPI
                0x100086c4       0x34 CMakeFiles/hat_app.dir/home/umar/.freertos/tasks.c.o
                0x100086c4                vTaskYieldWithinAPI
 .text.vTaskEnterCritical
                0x100086f8       0x68 CMakeFiles/hat_app.dir/home/umar/.freertos/tasks.c.o
                0x100086f8                vTaskEnterCritical
 .text.vTaskEnterCriticalFromISR
                0x10008760       0x4c CMakeFiles/hat_app.dir/home/umar/.freertos/tasks.c.o
                0x10008760                vTaskEnterCriticalFromISR
 .text.vTaskExitCritical
                0x100087ac       0x80 CMakeFiles/hat_app.dir/home/umar/.freertos/tasks.c.o
                0x100087ac                vTaskExitCritical
 .text.prvCheckTasksWaitingTermination
                0x1000882c       0x64 CMakeFiles/hat_app.dir/home/umar/.freertos/tasks.c.o
 .text.prvIdleTask
                0x10008890       0x1c CMakeFiles/hat_app.dir/home/umar/.freertos/tasks.c.o
 .text.prvAddNewTaskToReadyList
                0x100088ac       0x9c CMakeFiles/hat_app.dir/home/umar/.freertos/tasks.c.o
 .text.xTaskCreate
                0x10008948       0x2a CMakeFiles/hat_app.dir/home/umar/.freertos/tasks.c.o
                0x10008948                xTaskCreate
 *fill*         0x10008972        0x2 
 .text.prvCreateIdleTasks
                0x10008974       0x8c CMakeFiles/hat_app.dir/home/umar/.freertos/tasks.c.o
 .text.vTaskStartScheduler
                0x10008a00       0x64 CMakeFiles/hat_app.dir/home/umar/.freertos/tasks.c.o
                0x10008a00                vTaskStartScheduler
 .text.xTaskCreateAffinitySet
                0x10008a64       0x28 CMakeFiles/hat_app.dir/home/umar/.freertos/tasks.c.o
                0x10008a64                xTaskCreateAffinitySet
 .text.xTaskResumeAll
                0x10008a8c      0x16c CMakeFiles/hat_app.dir/home/umar/.freertos/tasks.c.o
                0x10008a8c                xTaskResumeAll
 .text.vTaskDelay
                0x10008bf8       0x48 CMakeFiles/hat_app.dir/home/umar/.freertos/tasks.c.o
                0x10008bf8                vTaskDelay
 .text.vTaskRemoveFromUnorderedEventList
                0x10008c40       0xec CMakeFiles/hat_app.dir/home/umar/.freertos/tasks.c.o
                0x10008c40                vTaskRemoveFromUnorderedEventList
 .text.xTaskCheckForTimeOut
                0x10008d2c       0xbc CMakeFiles/hat_app.dir/home/umar/.freertos/tasks.c.o
                0x10008d2c                xTaskCheckForTimeOut
 .text.xTaskGetSchedulerState
                0x10008de8       0x30 CMakeFiles/hat_app.dir/home/umar/.freertos/tasks.c.o
                0x10008de8                xTaskGetSchedulerState
 .text.vTaskExitCriticalFromISR
                0x10008e18       0x64 CMakeFiles/hat_app.dir/home/umar/.freertos/tasks.c.o
                0x10008e18                vTaskExitCriticalFromISR
 .text.uxTaskResetEventItemValue
                0x10008e7c       0x1c CMakeFiles/hat_app.dir/home/umar/.freertos/tasks.c.o
                0x10008e7c                uxTaskResetEventItemValue
 .text.prvGetNextExpireTime
                0x10008e98       0x24 CMakeFiles/hat_app.dir/home/umar/.freertos/timers.c.o
 .text.prvInsertTimerInActiveList
                0x10008ebc       0x48 CMakeFiles/hat_app.dir/home/umar/.freertos/timers.c.o
 .text.prvReloadTimer
                0x10008f04       0x28 CMakeFiles/hat_app.dir/home/umar/.freertos/timers.c.o
 .text.prvProcessExpiredTimer
                0x10008f2c       0x3c CMakeFiles/hat_app.dir/home/umar/.freertos/timers.c.o
 .text.prvSwitchTimerLists
                0x10008f68       0x30 CMakeFiles/hat_app.dir/home/umar/.freertos/timers.c.o
 .text.prvSampleTimeNow
                0x10008f98       0x2c CMakeFiles/hat_app.dir/home/umar/.freertos/timers.c.o
 .text.prvProcessTimerOrBlockTask
                0x10008fc4       0x70 CMakeFiles/hat_app.dir/home/umar/.freertos/timers.c.o
 .text.prvProcessReceivedCommands
                0x10009034      0x110 CMakeFiles/hat_app.dir/home/umar/.freertos/timers.c.o
 .text.prvTimerTask
                0x10009144       0x16 CMakeFiles/hat_app.dir/home/umar/.freertos/timers.c.o
 *fill*         0x1000915a        0x2 
 .text.prvCheckForValidListAndQueue
                0x1000915c       0x60 CMakeFiles/hat_app.dir/home/umar/.freertos/timers.c.o
 .text.xTimerCreateTimerTask
                0x100091bc       0x60 CMakeFiles/hat_app.dir/home/umar/.freertos/timers.c.o
                0x100091bc                xTimerCreateTimerTask
 .text.xTimerPendFunctionCallFromISR
                0x1000921c       0x2c CMakeFiles/hat_app.dir/home/umar/.freertos/timers.c.o
                0x1000921c                xTimerPendFunctionCallFromISR
 .text.exception_is_compile_time_default
                0x10009248       0x20 CMakeFiles/hat_app.dir/home/umar/.pico-sdk/sdk/2.2.0/src/rp2_common/hardware_exception/exception.c.o
 .text.set_raw_exception_handler_and_restore_interrupts
                0x10009268       0x18 CMakeFiles/hat_app.dir/home/umar/.pico-sdk/sdk/2.2.0/src/rp2_common/hardware_exception/exception.c.o
 .text.exception_get_vtable_handler
                0x10009280       0x10 CMakeFiles/hat_app.dir/home/umar/.pico-sdk/sdk/2.2.0/src/rp2_common/hardware_exception/exception.c.o
                0x10009280                exception_get_vtable_handler
 .text.exception_set_exclusive_handler
                0x10009290       0x44 CMakeFiles/hat_app.dir/home/umar/.pico-sdk/sdk/2.2.0/src/rp2_common/hardware_exception/exception.c.o
                0x10009290                exception_set_exclusive_handler
 .text.core1_trampoline
                0x100092d4        0x2 CMakeFiles/hat_app.dir/home/umar/.pico-sdk/sdk/2.2.0/src/rp2_common/pico_multicore/multicore.c.o
 .text.core1_wrapper
                0x100092d6        0xc CMakeFiles/hat_app.dir/home/umar/.pico-sdk/sdk/2.2.0/src/rp2_common/pico_multicore/multicore.c.o
                0x100092d6                core1_wrapper
 .text.multicore_fifo_push_blocking
                0x100092e2       0x14 CMakeFiles/hat_app.dir/home/umar/.pico-sdk/sdk/2.2.0/src/rp2_common/pico_multicore/multicore.c.o
                0x100092e2                multicore_fifo_push_blocking
 .text.multicore_fifo_pop_blocking
                0x100092f6       0x16 CMakeFiles/hat_app.dir/home/umar/.pico-sdk/sdk/2.2.0/src/rp2_common/pico_multicore/multicore.c.o
                0x100092f6                multicore_fifo_pop_blocking
 .text.multicore_reset_core1
                0x1000930c       0x6c CMakeFiles/hat_app.dir/home/umar/.pico-sdk/sdk/2.2.0/src/rp2_common/pico_multicore/multicore.c.o
                0x1000930c                multicore_reset_core1
 .text.multicore_launch_core1_raw
                0x10009378       0x70 CMakeFiles/hat_app.dir/home/umar/.pico-sdk/sdk/2.2.0/src/rp2_common/pico_multicore/multicore.c.o
                0x10009378                multicore_launch_core1_raw
 .text.multicore_launch_core1_with_stack
                0x100093e8       0x50 CMakeFiles/hat_app.dir/home/umar/.pico-sdk/sdk/2.2.0/src/rp2_common/pico_multicore/multicore.c.o
                0x100093e8                multicore_launch_core1_with_stack
 .text.multicore_launch_core1
                0x10009438       0x24 CMakeFiles/hat_app.dir/home/umar/.pico-sdk/sdk/2.2.0/src/rp2_common/pico_multicore/multicore.c.o
                0x10009438                multicore_launch_core1
 .text.prvHeapInit
                0x1000945c       0x58 CMakeFiles/hat_app.dir/home/umar/.freertos/portable/MemMang/heap_4.c.o
 .text.prvInsertBlockIntoFreeList
                0x100094b4       0x88 CMakeFiles/hat_app.dir/home/umar/.freertos/portable/MemMang/heap_4.c.o
 .text.pvPortMalloc
                0x1000953c      0x188 CMakeFiles/hat_app.dir/home/umar/.freertos/portable/MemMang/heap_4.c.o
                0x1000953c                pvPortMalloc
 .text.vPortFree
                0x100096c4       0xa4 CMakeFiles/hat_app.dir/home/umar/.freertos/portable/MemMang/heap_4.c.o
                0x100096c4                vPortFree
 .text.i2c_unreset
                0x10009768       0x2c CMakeFiles/hat_app.dir/home/umar/.pico-sdk/sdk/2.2.0/src/rp2_common/hardware_i2c/i2c.c.o
 .text.i2c_write_blocking_internal
                0x10009794      0x158 CMakeFiles/hat_app.dir/home/umar/.pico-sdk/sdk/2.2.0/src/rp2_common/hardware_i2c/i2c.c.o
 .text.i2c_read_blocking_internal
                0x100098ec      0x102 CMakeFiles/hat_app.dir/home/umar/.pico-sdk/sdk/2.2.0/src/rp2_common/hardware_i2c/i2c.c.o
 *fill*         0x100099ee        0x2 
 .text.i2c_set_baudrate
                0x100099f0       0xf0 CMakeFiles/hat_app.dir/home/umar/.pico-sdk/sdk/2.2.0/src/rp2_common/hardware_i2c/i2c.c.o
                0x100099f0                i2c_set_baudrate
 .text.i2c_init
                0x10009ae0       0x54 CMakeFiles/hat_app.dir/home/umar/.pico-sdk/sdk/2.2.0/src/rp2_common/hardware_i2c/i2c.c.o
                0x10009ae0                i2c_init
 .text.i2c_write_blocking
                0x10009b34       0x18 CMakeFiles/hat_app.dir/home/umar/.pico-sdk/sdk/2.2.0/src/rp2_common/hardware_i2c/i2c.c.o
                0x10009b34                i2c_write_blocking
 .text.i2c_read_blocking
                0x10009b4c       0x18 CMakeFiles/hat_app.dir/home/umar/.pico-sdk/sdk/2.2.0/src/rp2_common/hardware_i2c/i2c.c.o
                0x10009b4c                i2c_read_blocking
 .text.icm_i2c_write_byte
                0x10009b64       0x2c libs/TKJHAT/libTKJHAT_SDK.a(sdk.c.o)
 .text.ICM42670_autodetect_address
                0x10009b90       0x84 libs/TKJHAT/libTKJHAT_SDK.a(sdk.c.o)
 .text.icm_i2c_read_byte
                0x10009c14       0x48 libs/TKJHAT/libTKJHAT_SDK.a(sdk.c.o)
 .text.icm_soft_reset
                0x10009c5c       0x60 libs/TKJHAT/libTKJHAT_SDK.a(sdk.c.o)
 .text.icm_i2c_read_bytes
                0x10009cbc       0x48 libs/TKJHAT/libTKJHAT_SDK.a(sdk.c.o)
 .text.init_sw1
                0x10009d04       0x12 libs/TKJHAT/libTKJHAT_SDK.a(sdk.c.o)
                0x10009d04                init_sw1
 .text.init_sw2
                0x10009d16       0x14 libs/TKJHAT/libTKJHAT_SDK.a(sdk.c.o)
                0x10009d16                init_sw2
 .text.init_red_led
                0x10009d2a       0x14 libs/TKJHAT/libTKJHAT_SDK.a(sdk.c.o)
                0x10009d2a                init_red_led
 .text.init_led
                0x10009d3e        0x8 libs/TKJHAT/libTKJHAT_SDK.a(sdk.c.o)
                0x10009d3e                init_led
 .text.toggle_red_led
                0x10009d46       0x22 libs/TKJHAT/libTKJHAT_SDK.a(sdk.c.o)
                0x10009d46                toggle_red_led
 .text.set_red_led_status
                0x10009d68       0x1c libs/TKJHAT/libTKJHAT_SDK.a(sdk.c.o)
                0x10009d68                set_red_led_status
 .text.set_led_status
                0x10009d84        0x8 libs/TKJHAT/libTKJHAT_SDK.a(sdk.c.o)
                0x10009d84                set_led_status
 .text.blink_red_led
                0x10009d8c       0x2e libs/TKJHAT/libTKJHAT_SDK.a(sdk.c.o)
                0x10009d8c                blink_red_led
 .text.blink_led
                0x10009dba        0x8 libs/TKJHAT/libTKJHAT_SDK.a(sdk.c.o)
                0x10009dba                blink_led
 *fill*         0x10009dc2        0x2 
 .text.stop_rgb_led
                0x10009dc4       0x7c libs/TKJHAT/libTKJHAT_SDK.a(sdk.c.o)
                0x10009dc4                stop_rgb_led
 .text.init_buzzer
                0x10009e40       0x14 libs/TKJHAT/libTKJHAT_SDK.a(sdk.c.o)
                0x10009e40                init_buzzer
 .text.buzzer_play_tone
                0x10009e54       0x5c libs/TKJHAT/libTKJHAT_SDK.a(sdk.c.o)
                0x10009e54                buzzer_play_tone
 .text.init_i2c
                0x10009eb0       0x3c libs/TKJHAT/libTKJHAT_SDK.a(sdk.c.o)
                0x10009eb0                init_i2c
 .text.init_i2c_default
                0x10009eec        0xc libs/TKJHAT/libTKJHAT_SDK.a(sdk.c.o)
                0x10009eec                init_i2c_default
 .text.init_hat_sdk
                0x10009ef8        0xc libs/TKJHAT/libTKJHAT_SDK.a(sdk.c.o)
                0x10009ef8                init_hat_sdk
 .text.init_ICM42670
                0x10009f04       0x68 libs/TKJHAT/libTKJHAT_SDK.a(sdk.c.o)
                0x10009f04                init_ICM42670
 .text.ICM42670_startAccel
                0x10009f6c       0xc8 libs/TKJHAT/libTKJHAT_SDK.a(sdk.c.o)
                0x10009f6c                ICM42670_startAccel
 .text.ICM42670_startGyro
                0x1000a034       0xd8 libs/TKJHAT/libTKJHAT_SDK.a(sdk.c.o)
                0x1000a034                ICM42670_startGyro
 .text.ICM42670_enable_accel_gyro_ln_mode
                0x1000a10c       0x1a libs/TKJHAT/libTKJHAT_SDK.a(sdk.c.o)
                0x1000a10c                ICM42670_enable_accel_gyro_ln_mode
 .text.ICM42670_start_with_default_values
                0x1000a126       0x22 libs/TKJHAT/libTKJHAT_SDK.a(sdk.c.o)
                0x1000a126                ICM42670_start_with_default_values
 .text.ICM42670_read_sensor_data
                0x1000a148      0x114 libs/TKJHAT/libTKJHAT_SDK.a(sdk.c.o)
                0x1000a148                ICM42670_read_sensor_data
 .text.__malloc_lock
                0x1000a25c       0x10 /home/umar/.pico-sdk/toolchain/14_2_Rel1/bin/../lib/gcc/arm-none-eabi/14.2.1/../../../../arm-none-eabi/lib/thumb/v6-m/nofp/libg.a(libc_a-mlock.o)
                0x1000a25c                __malloc_lock
 .text.__malloc_unlock
                0x1000a26c       0x10 /home/umar/.pico-sdk/toolchain/14_2_Rel1/bin/../lib/gcc/arm-none-eabi/14.2.1/../../../../arm-none-eabi/lib/thumb/v6-m/nofp/libg.a(libc_a-mlock.o)
                0x1000a26c                __malloc_unlock
 .text.__sflush_r
                0x1000a27c      0x13c /home/umar/.pico-sdk/toolchain/14_2_Rel1/bin/../lib/gcc/arm-none-eabi/14.2.1/../../../../arm-none-eabi/lib/thumb/v6-m/nofp/libg.a(libc_a-fflush.o)
                0x1000a27c                __sflush_r
 .text._fflush_r
                0x1000a3b8       0x68 /home/umar/.pico-sdk/toolchain/14_2_Rel1/bin/../lib/gcc/arm-none-eabi/14.2.1/../../../../arm-none-eabi/lib/thumb/v6-m/nofp/libg.a(libc_a-fflush.o)
                0x1000a3b8                _fflush_r
 .text.fflush   0x1000a420       0x7c /home/umar/.pico-sdk/toolchain/14_2_Rel1/bin/../lib/gcc/arm-none-eabi/14.2.1/../../../../arm-none-eabi/lib/thumb/v6-m/nofp/libg.a(libc_a-fflush.o)
                0x1000a420                fflush
 .text.stdio_exit_handler
                0x1000a49c       0x1c /home/umar/.pico-sdk/toolchain/14_2_Rel1/bin/../lib/gcc/arm-none-eabi/14.2.1/../../../../arm-none-eabi/lib/thumb/v6-m/nofp/libg.a(libc_a-findfp.o)
 .text.cleanup_stdio
                0x1000a4b8       0x3c /home/umar/.pico-sdk/toolchain/14_2_Rel1/bin/../lib/gcc/arm-none-eabi/14.2.1/../../../../arm-none-eabi/lib/thumb/v6-m/nofp/libg.a(libc_a-findfp.o)
 .text.global_stdio_init.part.0
                0x1000a4f4      0x118 /home/umar/.pico-sdk/toolchain/14_2_Rel1/bin/../lib/gcc/arm-none-eabi/14.2.1/../../../../arm-none-eabi/lib/thumb/v6-m/nofp/libg.a(libc_a-findfp.o)
 .text.__sinit  0x1000a60c       0x38 /home/umar/.pico-sdk/toolchain/14_2_Rel1/bin/../lib/gcc/arm-none-eabi/14.2.1/../../../../arm-none-eabi/lib/thumb/v6-m/nofp/libg.a(libc_a-findfp.o)
                0x1000a60c                __sinit
 .text.__sfp_lock_acquire
                0x1000a644       0x10 /home/umar/.pico-sdk/toolchain/14_2_Rel1/bin/../lib/gcc/arm-none-eabi/14.2.1/../../../../arm-none-eabi/lib/thumb/v6-m/nofp/libg.a(libc_a-findfp.o)
                0x1000a644                __sfp_lock_acquire
 .text.__sfp_lock_release
                0x1000a654       0x10 /home/umar/.pico-sdk/toolchain/14_2_Rel1/bin/../lib/gcc/arm-none-eabi/14.2.1/../../../../arm-none-eabi/lib/thumb/v6-m/nofp/libg.a(libc_a-findfp.o)
                0x1000a654                __sfp_lock_release
 .text._fwalk_sglue
                0x1000a664       0x44 /home/umar/.pico-sdk/toolchain/14_2_Rel1/bin/../lib/gcc/arm-none-eabi/14.2.1/../../../../arm-none-eabi/lib/thumb/v6-m/nofp/libg.a(libc_a-fwalk.o)
                0x1000a664                _fwalk_sglue
 .text.__sread  0x1000a6a8       0x28 /home/umar/.pico-sdk/toolchain/14_2_Rel1/bin/../lib/gcc/arm-none-eabi/14.2.1/../../../../arm-none-eabi/lib/thumb/v6-m/nofp/libg.a(libc_a-stdio.o)
                0x1000a6a8                __sread
 .text.__swrite
                0x1000a6d0       0x40 /home/umar/.pico-sdk/toolchain/14_2_Rel1/bin/../lib/gcc/arm-none-eabi/14.2.1/../../../../arm-none-eabi/lib/thumb/v6-m/nofp/libg.a(libc_a-stdio.o)
                0x1000a6d0                __swrite
 .text.__sseek  0x1000a710       0x2c /home/umar/.pico-sdk/toolchain/14_2_Rel1/bin/../lib/gcc/arm-none-eabi/14.2.1/../../../../arm-none-eabi/lib/thumb/v6-m/nofp/libg.a(libc_a-stdio.o)
                0x1000a710                __sseek
 .text.__sclose
                0x1000a73c        0xc /home/umar/.pico-sdk/toolchain/14_2_Rel1/bin/../lib/gcc/arm-none-eabi/14.2.1/../../../../arm-none-eabi/lib/thumb/v6-m/nofp/libg.a(libc_a-stdio.o)
                0x1000a73c                __sclose
 .text._close_r
                0x1000a748       0x24 /home/umar/.pico-sdk/toolchain/14_2_Rel1/bin/../lib/gcc/arm-none-eabi/14.2.1/../../../../arm-none-eabi/lib/thumb/v6-m/nofp/libg.a(libc_a-closer.o)
                0x1000a748                _close_r
 .text._lseek_r
                0x1000a76c       0x28 /home/umar/.pico-sdk/toolchain/14_2_Rel1/bin/../lib/gcc/arm-none-eabi/14.2.1/../../../../arm-none-eabi/lib/thumb/v6-m/nofp/libg.a(libc_a-lseekr.o)
                0x1000a76c                _lseek_r